00:00 +0: loading /Users/karim/Project/pokemonProject/apps/pokemap_hub/test/features/installation/as_project_creation_player_e2e_test.dart
00:00 +0: /Users/karim/Project/pokemonProject/apps/pokemap_hub/test/features/installation/as_project_creation_player_e2e_test.dart: Studio creation 16 px exports, installs and plays New Game
[runtime_loader] bundle load start projectFilePath=/var/folders/b5/7gsfwzyd449_54n8l40h40gc0000gn/T/as-proj-player-16-vkYvnk/player/games/.transactions/1790778921671825-3792401672/staged-version/project/project.json mapId=first-map
[runtime_loader] project manifest lookup path=/var/folders/b5/7gsfwzyd449_54n8l40h40gc0000gn/T/as-proj-player-16-vkYvnk/player/games/.transactions/1790778921671825-3792401672/staged-version/project/project.json
[runtime_loader] project manifest read ok bytes=4284
[runtime_loader] project manifest validated maps=1 tilesets=1 scenarios=0
[runtime_loader] bundle map resolved mapId=first-map relativePath=maps/first-map.json mapPath=/var/folders/b5/7gsfwzyd449_54n8l40h40gc0000gn/T/as-proj-player-16-vkYvnk/player/games/.transactions/1790778921671825-3792401672/staged-version/project/maps/first-map.json
[runtime_loader] map file lookup path=/var/folders/b5/7gsfwzyd449_54n8l40h40gc0000gn/T/as-proj-player-16-vkYvnk/player/games/.transactions/1790778921671825-3792401672/staged-version/project/maps/first-map.json
[runtime_loader] map file read ok bytes=4171
[runtime_loader] map validated id=first-map size=20x15 layers=3 entities=1 placedElements=0 warps=0 triggers=0
[runtime_loader] bundle tilesets collected ids=starter
[runtime_loader] bundle tileset path id=starter path=/var/folders/b5/7gsfwzyd449_54n8l40h40gc0000gn/T/as-proj-player-16-vkYvnk/player/games/.transactions/1790778921671825-3792401672/staged-version/project/assets/.pokemap-store/ee24287ff6edc579f9c5817110b8b45cbd39df69b2bc7fbb406368dfed731193.blob
[runtime_loader] bundle load ok mapId=first-map projectRoot=/var/folders/b5/7gsfwzyd449_54n8l40h40gc0000gn/T/as-proj-player-16-vkYvnk/player/games/.transactions/1790778921671825-3792401672/staged-version/project tilesets=1
[runtime_loader] bundle load start projectFilePath=/private/var/folders/b5/7gsfwzyd449_54n8l40h40gc0000gn/T/as-proj-player-16-vkYvnk/player/games/games.avelune.projet-grille-16/versions/0.1.0/project/project.json mapId=first-map
[runtime_loader] project manifest lookup path=/private/var/folders/b5/7gsfwzyd449_54n8l40h40gc0000gn/T/as-proj-player-16-vkYvnk/player/games/games.avelune.projet-grille-16/versions/0.1.0/project/project.json
[runtime_loader] project manifest read ok bytes=4284
[runtime_loader] project manifest validated maps=1 tilesets=1 scenarios=0
[runtime_loader] bundle map resolved mapId=first-map relativePath=maps/first-map.json mapPath=/private/var/folders/b5/7gsfwzyd449_54n8l40h40gc0000gn/T/as-proj-player-16-vkYvnk/player/games/games.avelune.projet-grille-16/versions/0.1.0/project/maps/first-map.json
[runtime_loader] map file lookup path=/private/var/folders/b5/7gsfwzyd449_54n8l40h40gc0000gn/T/as-proj-player-16-vkYvnk/player/games/games.avelune.projet-grille-16/versions/0.1.0/project/maps/first-map.json
[runtime_loader] map file read ok bytes=4171
[runtime_loader] map validated id=first-map size=20x15 layers=3 entities=1 placedElements=0 warps=0 triggers=0
[runtime_loader] bundle tilesets collected ids=starter
[runtime_loader] bundle tileset path id=starter path=/private/var/folders/b5/7gsfwzyd449_54n8l40h40gc0000gn/T/as-proj-player-16-vkYvnk/player/games/games.avelune.projet-grille-16/versions/0.1.0/project/assets/.pokemap-store/ee24287ff6edc579f9c5817110b8b45cbd39df69b2bc7fbb406368dfed731193.blob
[runtime_loader] bundle load ok mapId=first-map projectRoot=/private/var/folders/b5/7gsfwzyd449_54n8l40h40gc0000gn/T/as-proj-player-16-vkYvnk/player/games/games.avelune.projet-grille-16/versions/0.1.0/project tilesets=1
[runtime_loader] project manifest lookup path=/private/var/folders/b5/7gsfwzyd449_54n8l40h40gc0000gn/T/as-proj-player-16-vkYvnk/player/games/games.avelune.projet-grille-16/versions/0.1.0/project/project.json
[runtime_loader] project manifest read ok bytes=4284
[runtime_loader] project manifest validated maps=1 tilesets=1 scenarios=0
[runtime_loader] bundle load start projectFilePath=/private/var/folders/b5/7gsfwzyd449_54n8l40h40gc0000gn/T/as-proj-player-16-vkYvnk/player/games/games.avelune.projet-grille-16/versions/0.1.0/project/project.json mapId=first-map
[runtime_loader] bundle map resolved mapId=first-map relativePath=maps/first-map.json mapPath=/private/var/folders/b5/7gsfwzyd449_54n8l40h40gc0000gn/T/as-proj-player-16-vkYvnk/player/games/games.avelune.projet-grille-16/versions/0.1.0/project/maps/first-map.json
[runtime_loader] map file lookup path=/private/var/folders/b5/7gsfwzyd449_54n8l40h40gc0000gn/T/as-proj-player-16-vkYvnk/player/games/games.avelune.projet-grille-16/versions/0.1.0/project/maps/first-map.json
[runtime_loader] map file read ok bytes=4171
[runtime_loader] map validated id=first-map size=20x15 layers=3 entities=1 placedElements=0 warps=0 triggers=0
[runtime_loader] bundle tilesets collected ids=starter
[runtime_loader] bundle tileset path id=starter path=/private/var/folders/b5/7gsfwzyd449_54n8l40h40gc0000gn/T/as-proj-player-16-vkYvnk/player/games/games.avelune.projet-grille-16/versions/0.1.0/project/assets/.pokemap-store/ee24287ff6edc579f9c5817110b8b45cbd39df69b2bc7fbb406368dfed731193.blob
[runtime_loader] bundle load ok mapId=first-map projectRoot=/private/var/folders/b5/7gsfwzyd449_54n8l40h40gc0000gn/T/as-proj-player-16-vkYvnk/player/games/games.avelune.projet-grille-16/versions/0.1.0/project tilesets=1
[runtime_game] tileset image load start map=first-map
[runtime_game] tileset cache resolve requested=2
[runtime_game] tileset cache resolve ok result=2
[runtime_game] onLoad start map=first-map projectFilePath=/private/var/folders/b5/7gsfwzyd449_54n8l40h40gc0000gn/T/as-proj-player-16-vkYvnk/player/games/games.avelune.projet-grille-16/versions/0.1.0/project/project.json tilesets=1
[runtime] New game created from project contract on first-map at (10, 7)
[runtime_game] tileset image load ok count=2 map=first-map
[runtime_game] mount root map start map=first-map
[runtime_game] mount root map ok map=first-map
[runtime_game] onLoad completed activeMapId=first-map
[event_v2] mapEnter activation=mapact_1790778921978966_1 map=first-map reason=initialBoot result=MapEnterProductionDispatchLegacyFallback
00:09 +1: /Users/karim/Project/pokemonProject/apps/pokemap_hub/test/features/installation/as_project_creation_player_e2e_test.dart: Studio creation 32 px exports, installs and plays New Game
[runtime_loader] bundle load start projectFilePath=/var/folders/b5/7gsfwzyd449_54n8l40h40gc0000gn/T/as-proj-player-32-aFRrGi/player/games/.transactions/1790778926251910-3278869579/staged-version/project/project.json mapId=first-map
[runtime_loader] project manifest lookup path=/var/folders/b5/7gsfwzyd449_54n8l40h40gc0000gn/T/as-proj-player-32-aFRrGi/player/games/.transactions/1790778926251910-3278869579/staged-version/project/project.json
[runtime_loader] project manifest read ok bytes=4288
[runtime_loader] project manifest validated maps=1 tilesets=1 scenarios=0
[runtime_loader] bundle map resolved mapId=first-map relativePath=maps/first-map.json mapPath=/var/folders/b5/7gsfwzyd449_54n8l40h40gc0000gn/T/as-proj-player-32-aFRrGi/player/games/.transactions/1790778926251910-3278869579/staged-version/project/maps/first-map.json
[runtime_loader] map file lookup path=/var/folders/b5/7gsfwzyd449_54n8l40h40gc0000gn/T/as-proj-player-32-aFRrGi/player/games/.transactions/1790778926251910-3278869579/staged-version/project/maps/first-map.json
[runtime_loader] map file read ok bytes=4171
[runtime_loader] map validated id=first-map size=20x15 layers=3 entities=1 placedElements=0 warps=0 triggers=0
[runtime_loader] bundle tilesets collected ids=starter
[runtime_loader] bundle tileset path id=starter path=/var/folders/b5/7gsfwzyd449_54n8l40h40gc0000gn/T/as-proj-player-32-aFRrGi/player/games/.transactions/1790778926251910-3278869579/staged-version/project/assets/.pokemap-store/49c8ee49425cdf3715743c1cfbe67a3b02ec7778734a91d68b2fc0cc30e88248.blob
[runtime_loader] bundle load ok mapId=first-map projectRoot=/var/folders/b5/7gsfwzyd449_54n8l40h40gc0000gn/T/as-proj-player-32-aFRrGi/player/games/.transactions/1790778926251910-3278869579/staged-version/project tilesets=1
[runtime_loader] bundle load start projectFilePath=/private/var/folders/b5/7gsfwzyd449_54n8l40h40gc0000gn/T/as-proj-player-32-aFRrGi/player/games/games.avelune.projet-grille-32/versions/0.1.0/project/project.json mapId=first-map
[runtime_loader] project manifest lookup path=/private/var/folders/b5/7gsfwzyd449_54n8l40h40gc0000gn/T/as-proj-player-32-aFRrGi/player/games/games.avelune.projet-grille-32/versions/0.1.0/project/project.json
[runtime_loader] project manifest read ok bytes=4288
[runtime_loader] project manifest validated maps=1 tilesets=1 scenarios=0
[runtime_loader] bundle map resolved mapId=first-map relativePath=maps/first-map.json mapPath=/private/var/folders/b5/7gsfwzyd449_54n8l40h40gc0000gn/T/as-proj-player-32-aFRrGi/player/games/games.avelune.projet-grille-32/versions/0.1.0/project/maps/first-map.json
[runtime_loader] map file lookup path=/private/var/folders/b5/7gsfwzyd449_54n8l40h40gc0000gn/T/as-proj-player-32-aFRrGi/player/games/games.avelune.projet-grille-32/versions/0.1.0/project/maps/first-map.json
[runtime_loader] map file read ok bytes=4171
[runtime_loader] map validated id=first-map size=20x15 layers=3 entities=1 placedElements=0 warps=0 triggers=0
[runtime_loader] bundle tilesets collected ids=starter
[runtime_loader] bundle tileset path id=starter path=/private/var/folders/b5/7gsfwzyd449_54n8l40h40gc0000gn/T/as-proj-player-32-aFRrGi/player/games/games.avelune.projet-grille-32/versions/0.1.0/project/assets/.pokemap-store/49c8ee49425cdf3715743c1cfbe67a3b02ec7778734a91d68b2fc0cc30e88248.blob
[runtime_loader] bundle load ok mapId=first-map projectRoot=/private/var/folders/b5/7gsfwzyd449_54n8l40h40gc0000gn/T/as-proj-player-32-aFRrGi/player/games/games.avelune.projet-grille-32/versions/0.1.0/project tilesets=1
[runtime_loader] project manifest lookup path=/private/var/folders/b5/7gsfwzyd449_54n8l40h40gc0000gn/T/as-proj-player-32-aFRrGi/player/games/games.avelune.projet-grille-32/versions/0.1.0/project/project.json
[runtime_loader] project manifest read ok bytes=4288
[runtime_loader] project manifest validated maps=1 tilesets=1 scenarios=0
[runtime_loader] bundle load start projectFilePath=/private/var/folders/b5/7gsfwzyd449_54n8l40h40gc0000gn/T/as-proj-player-32-aFRrGi/player/games/games.avelune.projet-grille-32/versions/0.1.0/project/project.json mapId=first-map
[runtime_loader] bundle map resolved mapId=first-map relativePath=maps/first-map.json mapPath=/private/var/folders/b5/7gsfwzyd449_54n8l40h40gc0000gn/T/as-proj-player-32-aFRrGi/player/games/games.avelune.projet-grille-32/versions/0.1.0/project/maps/first-map.json
[runtime_loader] map file lookup path=/private/var/folders/b5/7gsfwzyd449_54n8l40h40gc0000gn/T/as-proj-player-32-aFRrGi/player/games/games.avelune.projet-grille-32/versions/0.1.0/project/maps/first-map.json
[runtime_loader] map file read ok bytes=4171
[runtime_loader] map validated id=first-map size=20x15 layers=3 entities=1 placedElements=0 warps=0 triggers=0
[runtime_loader] bundle tilesets collected ids=starter
[runtime_loader] bundle tileset path id=starter path=/private/var/folders/b5/7gsfwzyd449_54n8l40h40gc0000gn/T/as-proj-player-32-aFRrGi/player/games/games.avelune.projet-grille-32/versions/0.1.0/project/assets/.pokemap-store/49c8ee49425cdf3715743c1cfbe67a3b02ec7778734a91d68b2fc0cc30e88248.blob
[runtime_loader] bundle load ok mapId=first-map projectRoot=/private/var/folders/b5/7gsfwzyd449_54n8l40h40gc0000gn/T/as-proj-player-32-aFRrGi/player/games/games.avelune.projet-grille-32/versions/0.1.0/project tilesets=1
[runtime_game] tileset image load start map=first-map
[runtime_game] tileset cache resolve requested=2
[runtime_game] tileset cache resolve ok result=2
[runtime_game] onLoad start map=first-map projectFilePath=/private/var/folders/b5/7gsfwzyd449_54n8l40h40gc0000gn/T/as-proj-player-32-aFRrGi/player/games/games.avelune.projet-grille-32/versions/0.1.0/project/project.json tilesets=1
[runtime] New game created from project contract on first-map at (10, 7)
[runtime_game] tileset image load ok count=2 map=first-map
[runtime_game] mount root map start map=first-map
[runtime_game] mount root map ok map=first-map
[runtime_game] onLoad completed activeMapId=first-map
[event_v2] mapEnter activation=mapact_1790778926402246_1 map=first-map reason=initialBoot result=MapEnterProductionDispatchLegacyFallback
00:13 +2: /Users/karim/Project/pokemonProject/apps/pokemap_hub/test/features/installation/as_project_creation_player_e2e_test.dart: Studio creation 48 px exports, installs and plays New Game
[runtime_loader] bundle load start projectFilePath=/var/folders/b5/7gsfwzyd449_54n8l40h40gc0000gn/T/as-proj-player-48-Pn0y0r/player/games/.transactions/1790778930336003-3014172916/staged-version/project/project.json mapId=first-map
[runtime_loader] project manifest lookup path=/var/folders/b5/7gsfwzyd449_54n8l40h40gc0000gn/T/as-proj-player-48-Pn0y0r/player/games/.transactions/1790778930336003-3014172916/staged-version/project/project.json
[runtime_loader] project manifest read ok bytes=4288
[runtime_loader] project manifest validated maps=1 tilesets=1 scenarios=0
[runtime_loader] bundle map resolved mapId=first-map relativePath=maps/first-map.json mapPath=/var/folders/b5/7gsfwzyd449_54n8l40h40gc0000gn/T/as-proj-player-48-Pn0y0r/player/games/.transactions/1790778930336003-3014172916/staged-version/project/maps/first-map.json
[runtime_loader] map file lookup path=/var/folders/b5/7gsfwzyd449_54n8l40h40gc0000gn/T/as-proj-player-48-Pn0y0r/player/games/.transactions/1790778930336003-3014172916/staged-version/project/maps/first-map.json
[runtime_loader] map file read ok bytes=4171
[runtime_loader] map validated id=first-map size=20x15 layers=3 entities=1 placedElements=0 warps=0 triggers=0
[runtime_loader] bundle tilesets collected ids=starter
[runtime_loader] bundle tileset path id=starter path=/var/folders/b5/7gsfwzyd449_54n8l40h40gc0000gn/T/as-proj-player-48-Pn0y0r/player/games/.transactions/1790778930336003-3014172916/staged-version/project/assets/.pokemap-store/443fc70d8afa8aa6fa496cc9b8e45ed3ea6747e54b2b1082be3f32a1f39ba8d9.blob
[runtime_loader] bundle load ok mapId=first-map projectRoot=/var/folders/b5/7gsfwzyd449_54n8l40h40gc0000gn/T/as-proj-player-48-Pn0y0r/player/games/.transactions/1790778930336003-3014172916/staged-version/project tilesets=1
[runtime_loader] bundle load start projectFilePath=/private/var/folders/b5/7gsfwzyd449_54n8l40h40gc0000gn/T/as-proj-player-48-Pn0y0r/player/games/games.avelune.projet-grille-48/versions/0.1.0/project/project.json mapId=first-map
[runtime_loader] project manifest lookup path=/private/var/folders/b5/7gsfwzyd449_54n8l40h40gc0000gn/T/as-proj-player-48-Pn0y0r/player/games/games.avelune.projet-grille-48/versions/0.1.0/project/project.json
[runtime_loader] project manifest read ok bytes=4288
[runtime_loader] project manifest validated maps=1 tilesets=1 scenarios=0
[runtime_loader] bundle map resolved mapId=first-map relativePath=maps/first-map.json mapPath=/private/var/folders/b5/7gsfwzyd449_54n8l40h40gc0000gn/T/as-proj-player-48-Pn0y0r/player/games/games.avelune.projet-grille-48/versions/0.1.0/project/maps/first-map.json
[runtime_loader] map file lookup path=/private/var/folders/b5/7gsfwzyd449_54n8l40h40gc0000gn/T/as-proj-player-48-Pn0y0r/player/games/games.avelune.projet-grille-48/versions/0.1.0/project/maps/first-map.json
[runtime_loader] map file read ok bytes=4171
[runtime_loader] map validated id=first-map size=20x15 layers=3 entities=1 placedElements=0 warps=0 triggers=0
[runtime_loader] bundle tilesets collected ids=starter
[runtime_loader] bundle tileset path id=starter path=/private/var/folders/b5/7gsfwzyd449_54n8l40h40gc0000gn/T/as-proj-player-48-Pn0y0r/player/games/games.avelune.projet-grille-48/versions/0.1.0/project/assets/.pokemap-store/443fc70d8afa8aa6fa496cc9b8e45ed3ea6747e54b2b1082be3f32a1f39ba8d9.blob
[runtime_loader] bundle load ok mapId=first-map projectRoot=/private/var/folders/b5/7gsfwzyd449_54n8l40h40gc0000gn/T/as-proj-player-48-Pn0y0r/player/games/games.avelune.projet-grille-48/versions/0.1.0/project tilesets=1
[runtime_loader] project manifest lookup path=/private/var/folders/b5/7gsfwzyd449_54n8l40h40gc0000gn/T/as-proj-player-48-Pn0y0r/player/games/games.avelune.projet-grille-48/versions/0.1.0/project/project.json
[runtime_loader] project manifest read ok bytes=4288
[runtime_loader] project manifest validated maps=1 tilesets=1 scenarios=0
[runtime_loader] bundle load start projectFilePath=/private/var/folders/b5/7gsfwzyd449_54n8l40h40gc0000gn/T/as-proj-player-48-Pn0y0r/player/games/games.avelune.projet-grille-48/versions/0.1.0/project/project.json mapId=first-map
[runtime_loader] bundle map resolved mapId=first-map relativePath=maps/first-map.json mapPath=/private/var/folders/b5/7gsfwzyd449_54n8l40h40gc0000gn/T/as-proj-player-48-Pn0y0r/player/games/games.avelune.projet-grille-48/versions/0.1.0/project/maps/first-map.json
[runtime_loader] map file lookup path=/private/var/folders/b5/7gsfwzyd449_54n8l40h40gc0000gn/T/as-proj-player-48-Pn0y0r/player/games/games.avelune.projet-grille-48/versions/0.1.0/project/maps/first-map.json
[runtime_loader] map file read ok bytes=4171
[runtime_loader] map validated id=first-map size=20x15 layers=3 entities=1 placedElements=0 warps=0 triggers=0
[runtime_loader] bundle tilesets collected ids=starter
[runtime_loader] bundle tileset path id=starter path=/private/var/folders/b5/7gsfwzyd449_54n8l40h40gc0000gn/T/as-proj-player-48-Pn0y0r/player/games/games.avelune.projet-grille-48/versions/0.1.0/project/assets/.pokemap-store/443fc70d8afa8aa6fa496cc9b8e45ed3ea6747e54b2b1082be3f32a1f39ba8d9.blob
[runtime_loader] bundle load ok mapId=first-map projectRoot=/private/var/folders/b5/7gsfwzyd449_54n8l40h40gc0000gn/T/as-proj-player-48-Pn0y0r/player/games/games.avelune.projet-grille-48/versions/0.1.0/project tilesets=1
[runtime_game] tileset image load start map=first-map
[runtime_game] tileset cache resolve requested=2
[runtime_game] tileset cache resolve ok result=2
[runtime_game] onLoad start map=first-map projectFilePath=/private/var/folders/b5/7gsfwzyd449_54n8l40h40gc0000gn/T/as-proj-player-48-Pn0y0r/player/games/games.avelune.projet-grille-48/versions/0.1.0/project/project.json tilesets=1
[runtime] New game created from project contract on first-map at (10, 7)
[runtime_game] tileset image load ok count=2 map=first-map
[runtime_game] mount root map start map=first-map
[runtime_game] mount root map ok map=first-map
[runtime_game] onLoad completed activeMapId=first-map
[event_v2] mapEnter activation=mapact_1790778930492121_1 map=first-map reason=initialBoot result=MapEnterProductionDispatchLegacyFallback
00:17 +3: loading /Users/karim/Project/pokemonProject/apps/pokemap_hub/test/features/installation/avelune_studio_export_player_e2e_test.dart
00:18 +3: /Users/karim/Project/pokemonProject/apps/pokemap_hub/test/features/installation/avelune_studio_export_player_e2e_test.dart: Studio package installs and plays from Avelune Player storage
[runtime_loader] bundle load start projectFilePath=/var/folders/b5/7gsfwzyd449_54n8l40h40gc0000gn/T/as-exp-player-PA22Ty/player/games/.transactions/1790778939549356-716303708/staged-version/project/project.json mapId=jardin
[runtime_loader] project manifest lookup path=/var/folders/b5/7gsfwzyd449_54n8l40h40gc0000gn/T/as-exp-player-PA22Ty/player/games/.transactions/1790778939549356-716303708/staged-version/project/project.json
[runtime_loader] project manifest read ok bytes=8986
[runtime_loader] project manifest validated maps=2 tilesets=1 scenarios=0
[runtime_loader] bundle map resolved mapId=jardin relativePath=maps/jardin.json mapPath=/var/folders/b5/7gsfwzyd449_54n8l40h40gc0000gn/T/as-exp-player-PA22Ty/player/games/.transactions/1790778939549356-716303708/staged-version/project/maps/jardin.json
[runtime_loader] map file lookup path=/var/folders/b5/7gsfwzyd449_54n8l40h40gc0000gn/T/as-exp-player-PA22Ty/player/games/.transactions/1790778939549356-716303708/staged-version/project/maps/jardin.json
[runtime_loader] map file read ok bytes=7132
[runtime_loader] map validated id=jardin size=24x16 layers=3 entities=3 placedElements=3 warps=1 triggers=1
[runtime_loader] bundle tilesets collected ids=atelier
[runtime_loader] bundle tileset path id=atelier path=/var/folders/b5/7gsfwzyd449_54n8l40h40gc0000gn/T/as-exp-player-PA22Ty/player/games/.transactions/1790778939549356-716303708/staged-version/project/assets/atelier.png
[runtime_loader] bundle load ok mapId=jardin projectRoot=/var/folders/b5/7gsfwzyd449_54n8l40h40gc0000gn/T/as-exp-player-PA22Ty/player/games/.transactions/1790778939549356-716303708/staged-version/project tilesets=1
[runtime_loader] bundle load start projectFilePath=/private/var/folders/b5/7gsfwzyd449_54n8l40h40gc0000gn/T/as-exp-player-PA22Ty/player/games/games.avelune.d-part/versions/0.1.0/project/project.json mapId=jardin
[runtime_loader] project manifest lookup path=/private/var/folders/b5/7gsfwzyd449_54n8l40h40gc0000gn/T/as-exp-player-PA22Ty/player/games/games.avelune.d-part/versions/0.1.0/project/project.json
[runtime_loader] project manifest read ok bytes=8986
[runtime_loader] project manifest validated maps=2 tilesets=1 scenarios=0
[runtime_loader] bundle map resolved mapId=jardin relativePath=maps/jardin.json mapPath=/private/var/folders/b5/7gsfwzyd449_54n8l40h40gc0000gn/T/as-exp-player-PA22Ty/player/games/games.avelune.d-part/versions/0.1.0/project/maps/jardin.json
[runtime_loader] map file lookup path=/private/var/folders/b5/7gsfwzyd449_54n8l40h40gc0000gn/T/as-exp-player-PA22Ty/player/games/games.avelune.d-part/versions/0.1.0/project/maps/jardin.json
[runtime_loader] map file read ok bytes=7132
[runtime_loader] map validated id=jardin size=24x16 layers=3 entities=3 placedElements=3 warps=1 triggers=1
[runtime_loader] bundle tilesets collected ids=atelier
[runtime_loader] bundle tileset path id=atelier path=/private/var/folders/b5/7gsfwzyd449_54n8l40h40gc0000gn/T/as-exp-player-PA22Ty/player/games/games.avelune.d-part/versions/0.1.0/project/assets/atelier.png
[runtime_loader] bundle load ok mapId=jardin projectRoot=/private/var/folders/b5/7gsfwzyd449_54n8l40h40gc0000gn/T/as-exp-player-PA22Ty/player/games/games.avelune.d-part/versions/0.1.0/project tilesets=1
[runtime_game] tileset image load start map=jardin
[runtime_game] tileset cache resolve requested=1
[runtime_game] tileset cache resolve ok result=1
[runtime_game] onLoad start map=jardin projectFilePath=/private/var/folders/b5/7gsfwzyd449_54n8l40h40gc0000gn/T/as-exp-player-PA22Ty/player/games/games.avelune.d-part/versions/0.1.0/project/project.json tilesets=1
[runtime] New game created from project contract on jardin at (8, 9)
[runtime_game] tileset image load ok count=1 map=jardin
[runtime_game] mount root map start map=jardin
[step_studio_trace] npc_mount_added map=jardin entity=chief
[step_studio_trace] npc_mount_added map=jardin entity=traveller
[step_studio_trace] npc_presence_applied map=jardin entity=chief present=true
[step_studio_trace] npc_presence_applied map=jardin entity=traveller present=true
[runtime_game] mount root map ok map=jardin
[runtime_loader] bundle load start projectFilePath=/private/var/folders/b5/7gsfwzyd449_54n8l40h40gc0000gn/T/as-exp-player-PA22Ty/player/games/games.avelune.d-part/versions/0.1.0/project/project.json mapId=clairiere
[runtime_loader] project manifest lookup path=/private/var/folders/b5/7gsfwzyd449_54n8l40h40gc0000gn/T/as-exp-player-PA22Ty/player/games/games.avelune.d-part/versions/0.1.0/project/project.json
[npc_patrol] read movement entity=chief pos=(8,10) size=1x1 mode=idle waypoints= loop=true pauseMs=0 stepMs=200
[npc_patrol] read movement entity=traveller pos=(10,10) size=1x1 mode=idle waypoints= loop=true pauseMs=0 stepMs=200
[runtime_game] onLoad completed activeMapId=jardin
[runtime_loader] map file lookup path=/private/var/folders/b5/7gsfwzyd449_54n8l40h40gc0000gn/T/as-exp-player-PA22Ty/player/games/games.avelune.d-part/versions/0.1.0/project/maps/clairiere.json
[runtime_loader] project manifest read ok bytes=8986
[runtime_loader] map file read ok bytes=5735
[runtime_loader] map validated id=clairiere size=24x16 layers=3 entities=1 placedElements=3 warps=0 triggers=0
[runtime_loader] project manifest validated maps=2 tilesets=1 scenarios=0
[runtime_loader] bundle map resolved mapId=clairiere relativePath=maps/clairiere.json mapPath=/private/var/folders/b5/7gsfwzyd449_54n8l40h40gc0000gn/T/as-exp-player-PA22Ty/player/games/games.avelune.d-part/versions/0.1.0/project/maps/clairiere.json
[runtime_loader] map file lookup path=/private/var/folders/b5/7gsfwzyd449_54n8l40h40gc0000gn/T/as-exp-player-PA22Ty/player/games/games.avelune.d-part/versions/0.1.0/project/maps/clairiere.json
[runtime_loader] map file read ok bytes=5735
[runtime_loader] map validated id=clairiere size=24x16 layers=3 entities=1 placedElements=3 warps=0 triggers=0
[runtime_loader] bundle tilesets collected ids=atelier
[runtime_loader] bundle tileset path id=atelier path=/private/var/folders/b5/7gsfwzyd449_54n8l40h40gc0000gn/T/as-exp-player-PA22Ty/player/games/games.avelune.d-part/versions/0.1.0/project/assets/atelier.png
[runtime_loader] bundle load ok mapId=clairiere projectRoot=/private/var/folders/b5/7gsfwzyd449_54n8l40h40gc0000gn/T/as-exp-player-PA22Ty/player/games/games.avelune.d-part/versions/0.1.0/project tilesets=1
[runtime_game] tileset cache resolve requested=1
[runtime_game] tileset cache resolve ok result=1
[step_studio_trace] npc_presence_applied map=jardin entity=chief present=true
[step_studio_trace] npc_presence_applied map=jardin entity=traveller present=true
[npc_patrol] read movement entity=chief pos=(8,10) size=1x1 mode=idle waypoints= loop=true pauseMs=0 stepMs=200
[npc_patrol] read movement entity=traveller pos=(10,10) size=1x1 mode=idle waypoints= loop=true pauseMs=0 stepMs=200
[step_studio_trace] npc_presence_applied map=jardin entity=chief present=true
[step_studio_trace] npc_presence_applied map=jardin entity=traveller present=true
[npc_patrol] read movement entity=chief pos=(8,10) size=1x1 mode=idle waypoints= loop=true pauseMs=0 stepMs=200
[npc_patrol] read movement entity=traveller pos=(10,10) size=1x1 mode=idle waypoints= loop=true pauseMs=0 stepMs=200
[event_v2] mapEnter activation=mapact_1790778939760069_1 map=jardin reason=initialBoot result=MapEnterProductionDispatchNoFallback
[dialogue] interaction entity=event-v2:evt_019abcde-9000-7000-8000-000000000007:evx_01a0f2be-19e2-7002-8000-add4bb39b744:zone:1790778939881
[dialogue] resolved dialogueId=zone
[dialogue] resolved file=dialogues/zone.json
[dialogue] requested startNode=Start
[scenario_lock] accepted source=event-v2:evt_019abcde-9000-7000-8000-000000000007:evx_01a0f2be-19e2-7002-8000-add4bb39b744:zone:1790778939881 phase=dialogueLoading serial=1
[dialogue] parsed 1 node(s) from /private/var/folders/b5/7gsfwzyd449_54n8l40h40gc0000gn/T/as-exp-player-PA22Ty/player/games/games.avelune.d-part/versions/0.1.0/project/dialogues/zone.json
[dialogue] starting at node "Start"
[scene_runtime] dialogue content loaded request=event-v2:evt_019abcde-9000-7000-8000-000000000007:evx_01a0f2be-19e2-7002-8000-add4bb39b744:zone:1790778939881 elapsedMs=4
[scenario_lock] cleared source=event-v2:evt_019abcde-9000-7000-8000-000000000007:evx_01a0f2be-19e2-7002-8000-add4bb39b744:zone:1790778939881 reason=dialogueOpened serial=1
[dialogue] opened node=Start text="Bienvenue sur le quai."
[dialogue] dialogue closed
[scene_runtime] dialogue completed request=event-v2:evt_019abcde-9000-7000-8000-000000000007:evx_01a0f2be-19e2-7002-8000-add4bb39b744:zone:1790778939881 status=completed port=completed
[dialogue] finished
[step_studio_trace] npc_presence_applied map=jardin entity=chief present=true
[step_studio_trace] npc_presence_applied map=jardin entity=traveller present=true
[npc_patrol] read movement entity=chief pos=(8,10) size=1x1 mode=idle waypoints= loop=true pauseMs=0 stepMs=200
[npc_patrol] read movement entity=traveller pos=(10,10) size=1x1 mode=idle waypoints= loop=true pauseMs=0 stepMs=200
[step_studio_trace] npc_presence_applied map=jardin entity=chief present=true
[step_studio_trace] npc_presence_applied map=jardin entity=traveller present=true
[npc_patrol] read movement entity=chief pos=(8,10) size=1x1 mode=idle waypoints= loop=true pauseMs=0 stepMs=200
[npc_patrol] read movement entity=traveller pos=(10,10) size=1x1 mode=idle waypoints= loop=true pauseMs=0 stepMs=200
[warp] Triggered warp export-passage mode=onEnter -> map=clairiere pos=(8, 9)
[warp] start transition warp=export-passage map=jardin -> clairiere target=(8, 9)
[perf][warp] loadBundle=0ms
[warp] target map loaded id=clairiere
[warp] fade out durationMs=170
[perf][warp] worldInitial=0ms
[warp] loading target map visuals id=clairiere
[runtime_game] tileset cache resolve requested=1
[runtime_game] tileset cache resolve ok result=1
[perf][warp] loadTilesets=0ms
[perf][warp] loadBorderAssets=0ms
[perf][warp] revalidateBorderBeforeSwap=0ms
[perf][warp] mountMap=0ms
[warp] player placed at map=clairiere pos=(8, 9)
[perf][warp] configureCamera=0ms
[perf][warp] preloadConnectionsKickoff=0ms
[perf][warp] prewarmWarpsKickoff=0ms
[perf][warp] prewarmBattleKickoff=0ms
[perf][warp] pruneLoadedMaps=0ms
[perf][warp] refreshWorldNpcPresence=0ms
[warp] fade in durationMs=170
00:26 +4: All tests passed!
