00:00 +0: loading test/workspace/project_snapshot_fingerprint_cache_test.dart
00:00 +0: test/workspace/project_snapshot_fingerprint_cache_test.dart: snapshot fingerprint cache reuses fingerprints while nothing on disk changed
00:00 +1: test/workspace/project_creation_test.dart: preview 16 reflects full map dimensions without creating files
00:00 +2: test/workspace/project_creation_test.dart: preview 16 reflects full map dimensions without creating files
00:00 +3: test/workspace/project_creation_test.dart: preview 16 reflects full map dimensions without creating files
00:00 +4: test/workspace/project_creation_test.dart: preview 16 reflects full map dimensions without creating files
00:00 +5: test/workspace/project_creation_test.dart: preview 16 reflects full map dimensions without creating files
00:00 +6: test/workspace/project_snapshot_fingerprint_cache_test.dart: snapshot fingerprint cache adopts a committed map post-image without a strict reload
00:00 +7: test/workspace/project_creation_test.dart: playable 16 preserves grid, atlas and spawn on independent reopen
00:00 +8: test/workspace/project_creation_test.dart: playable 16 preserves grid, atlas and spawn on independent reopen
00:00 +9: test/workspace/project_creation_test.dart: playable 16 preserves grid, atlas and spawn on independent reopen
00:00 +10: test/workspace/project_creation_test.dart: playable 16 preserves grid, atlas and spawn on independent reopen
00:00 +11: test/workspace/project_creation_test.dart: playable 16 preserves grid, atlas and spawn on independent reopen
00:00 +12: test/workspace/project_creation_test.dart: playable 16 preserves grid, atlas and spawn on independent reopen
00:00 +13: test/workspace/project_creation_test.dart: playable 16 preserves grid, atlas and spawn on independent reopen
00:00 +14: test/workspace/project_snapshot_test.dart: ProjectSnapshotLoader loads the manifest and maps from the real fixture
00:00 +15: test/workspace/project_snapshot_test.dart: ProjectSnapshotLoader loads the manifest and maps from the real fixture
00:00 +16: test/workspace/project_snapshot_test.dart: ProjectSnapshotLoader loads the manifest and maps from the real fixture
00:00 +17: test/workspace/project_creation_test.dart: playable 32 preserves grid, atlas and spawn on independent reopen
00:00 +18: test/workspace/project_creation_test.dart: playable 32 preserves grid, atlas and spawn on independent reopen
00:00 +19: test/workspace/project_creation_test.dart: playable 32 preserves grid, atlas and spawn on independent reopen
00:00 +20: test/workspace/project_snapshot_test.dart: ProjectSnapshotLoader the revision follows resource content, not resource identity
00:00 +21: test/workspace/project_creation_test.dart: empty 32 is authoring-only with persisted future map defaults
00:00 +22: test/workspace/project_creation_test.dart: empty 32 is authoring-only with persisted future map defaults
00:00 +23: test/workspace/project_snapshot_test.dart: ProjectSnapshotLoader optionally profiles snapshot phases without changing the result
00:00 +24: test/workspace/project_creation_test.dart: preview 48 reflects full map dimensions without creating files
00:00 +25: test/workspace/project_creation_test.dart: preview 48 reflects full map dimensions without creating files
00:00 +26: test/workspace/project_creation_test.dart: preview 48 reflects full map dimensions without creating files
00:00 +27: test/workspace/project_creation_test.dart: preview 48 reflects full map dimensions without creating files
00:00 +28: test/workspace/project_snapshot_test.dart: ProjectSnapshotLoader loads the strict item catalog into the coherent snapshot
00:00 +29: test/workspace/project_creation_test.dart: playable 48 preserves grid, atlas and spawn on independent reopen
00:00 +30: test/workspace/project_creation_test.dart: playable 48 preserves grid, atlas and spawn on independent reopen
00:00 +31: test/workspace/project_creation_test.dart: playable 48 preserves grid, atlas and spawn on independent reopen
00:00 +32: test/workspace/project_creation_test.dart: playable 48 preserves grid, atlas and spawn on independent reopen
00:00 +33: test/workspace/project_creation_test.dart: playable 48 preserves grid, atlas and spawn on independent reopen
00:01 +34: test/workspace/project_creation_test.dart: playable 48 preserves grid, atlas and spawn on independent reopen
00:01 +35: test/workspace/project_creation_test.dart: playable 48 preserves grid, atlas and spawn on independent reopen
00:01 +36: test/workspace/project_creation_test.dart: playable 48 preserves grid, atlas and spawn on independent reopen
00:01 +37: test/workspace/project_creation_test.dart: playable 48 preserves grid, atlas and spawn on independent reopen
00:01 +38: test/workspace/project_creation_test.dart: empty 48 is authoring-only with persisted future map defaults
00:01 +39: test/workspace/project_creation_test.dart: empty preview is honest absence, never an invented playable map
00:01 +40: test/workspace/project_creation_test.dart: destination with intentional whitespace identifies its exact parent
00:01 +41: test/workspace/project_creation_test.dart: validation does not allocate files and refuses invalid or existing destinations
00:01 +42: test/workspace/workspace_path_security_test.dart: WorkspacePolicy authorizes the real project below an allowed root
00:01 +43: test/workspace/workspace_path_security_test.dart: WorkspacePolicy rejects a project outside every allowed root
00:01 +44: test/workspace/workspace_path_security_test.dart: WorkspacePolicy rejects traversal before filesystem resolution
00:01 +45: test/workspace/workspace_path_security_test.dart: LocalProjectFileReader reads a regular project-relative file
00:01 +46: test/workspace/workspace_path_security_test.dart: LocalProjectFileReader probes regular and missing resources without reading bytes
00:01 +47: test/workspace/workspace_path_security_test.dart: LocalProjectFileReader maps traversal and outward symlinks to unsafe probes
00:01 +48: test/workspace/workspace_path_security_test.dart: LocalProjectFileReader rejects an absolute project-relative path
00:01 +49: test/workspace/workspace_path_security_test.dart: LocalProjectFileReader rejects a relative traversal
00:01 +50: test/workspace/workspace_path_security_test.dart: LocalProjectFileReader rejects an outward symlink
00:01 +51: test/workspace/workspace_path_security_test.dart: LocalProjectFileReader does not expose a filesystem write method
00:01 +52: test/workspace/project_snapshot_hash_executor_test.dart: large resource fingerprints retain canonical framing on worker
00:01 +53: test/workspace/project_snapshot_hash_executor_test.dart: large asset verification retains content identity on worker
00:01 +54: test/workspace/project_snapshot_hash_executor_test.dart: small resource sequence yields instead of starving event loop
00:01 +55: test/workspace/project_pokemon_ruleset_bootstrap_service_test.dart: ProjectPokemonRulesetBootstrapService previews and repairs only the missing canonical ruleset
00:01 +56: test/workspace/project_pokemon_ruleset_bootstrap_service_test.dart: ProjectPokemonRulesetBootstrapService rejects missing confirmation without changing project bytes
00:01 +57: test/workspace/project_pokemon_ruleset_bootstrap_service_test.dart: ProjectPokemonRulesetBootstrapService rejects a stale preview without changing project bytes
00:01 +58: test/workspace/project_creation_facade_test.dart: creation facade exposes the usable port without platform dependencies
00:01 +59: test/workspace/project_creation_facade_test.dart: creation facade exposes the usable port without platform dependencies
00:01 +60: test/workspace/project_creation_facade_test.dart: creation facade exposes the usable port without platform dependencies
00:01 +61: test/workspace/project_creation_facade_test.dart: creation facade exposes the usable port without platform dependencies
00:01 +62: test/workspace/project_creation_facade_test.dart: creation facade exposes the usable port without platform dependencies
00:01 +63: test/workspace/project_creation_facade_test.dart: creation facade exposes the usable port without platform dependencies
00:01 +64: test/workspace/project_creation_facade_test.dart: creation facade exposes the usable port without platform dependencies
00:02 +65: test/workspace/project_snapshot_map_projector_test.dart: projects a committed map post-image without rereading other bytes
00:02 +66: test/workspace/project_open_service_test.dart: ProjectOpenService opens the real fixture with opaque read-only handles
00:02 +67: test/workspace/project_open_service_test.dart: ProjectOpenService computes the same initial fingerprint for identical bytes
00:02 +68: test/workspace/project_open_service_test.dart: ProjectOpenService rejects malformed project JSON with a safe code
00:02 +69: test/workspace/project_open_service_test.dart: ProjectOpenService identifies a missing explicit Pokemon ruleset
00:02 +70: test/workspace/project_open_service_test.dart: ProjectOpenService large manifest yields while preserving its canonical fingerprint
00:02 +71: test/workspace/project_snapshot_concurrency_test.dart: ProjectSnapshotLoader concurrent observations rejects a map changed between its first and second observation
00:02 +72: test/workspace/project_snapshot_concurrency_test.dart: ProjectSnapshotLoader concurrent observations rejects a map changed between its first and second observation
00:02 +73: test/workspace/project_snapshot_concurrency_test.dart: ProjectSnapshotLoader concurrent observations rejects a map changed between its first and second observation
00:02 +74: test/workspace/project_snapshot_concurrency_test.dart: ProjectSnapshotLoader concurrent observations rejects a map changed between its first and second observation
00:02 +75: test/workspace/project_snapshot_concurrency_test.dart: ProjectSnapshotLoader concurrent observations rejects a map changed between its first and second observation
00:02 +76: test/workspace/project_snapshot_concurrency_test.dart: ProjectSnapshotLoader concurrent observations rejects a map changed between its first and second observation
00:02 +77: test/workspace/project_snapshot_concurrency_test.dart: ProjectSnapshotLoader concurrent observations rejects a map changed between its first and second observation
00:02 +78: test/workspace/project_snapshot_concurrency_test.dart: ProjectSnapshotLoader concurrent observations rejects a map changed between its first and second observation
00:02 +79: test/workspace/project_snapshot_concurrency_test.dart: ProjectSnapshotLoader concurrent observations fails closed when a map disappears before its second observation
00:02 +80: test/workspace/project_snapshot_concurrency_test.dart: ProjectSnapshotLoader concurrent observations preserves canonical bytes, fingerprints, order, and two reads
00:02 +81: test/workspace/project_snapshot_concurrency_test.dart: ProjectSnapshotLoader concurrent observations performs the second observation concurrently
00:02 +82: test/workspace/project_snapshot_concurrency_test.dart: ProjectSnapshotLoader concurrent observations bounds second-observation concurrency for large catalogs
00:02 +83: test/workspace/project_snapshot_concurrency_test.dart: ProjectSnapshotLoader concurrent observations offloads large structured resource decoding through the executor
00:02 +84: test/workspace/project_creation_safety_test.dart: cancel while held before reservation creates no destination
00:02 +85: test/transactions/action_planner_test.dart: AuthoringActionPlanner freezes resource payload into compact immutable bytes
00:02 +86: test/workspace/project_creation_safety_test.dart: a late empty destination is preserved and never replaced
00:02 +87: test/transactions/action_planner_test.dart: AuthoringActionPlanner plans a real-project change without writing fixture bytes
00:02 +88: test/transactions/action_planner_test.dart: AuthoringActionPlanner plans a real-project change without writing fixture bytes
00:02 +89: test/transactions/action_planner_test.dart: AuthoringActionPlanner plans a real-project change without writing fixture bytes
00:02 +90: test/workspace/project_creation_safety_test.dart: exclusive reservation refuses concurrent creators with no overwritten project
00:02 +91: test/workspace/project_creation_safety_test.dart: exclusive reservation refuses concurrent creators with no overwritten project
00:02 +92: test/workspace/project_creation_safety_test.dart: exclusive reservation refuses concurrent creators with no overwritten project
00:02 +93: test/workspace/project_creation_safety_test.dart: exclusive reservation refuses concurrent creators with no overwritten project
00:02 +94: test/workspace/project_creation_safety_test.dart: exclusive reservation refuses concurrent creators with no overwritten project
00:02 +95: test/workspace/project_creation_safety_test.dart: exclusive reservation refuses concurrent creators with no overwritten project
00:02 +96: test/workspace/project_creation_safety_test.dart: exclusive reservation refuses concurrent creators with no overwritten project
00:02 +97: test/workspace/project_creation_safety_test.dart: after reservation failure identifies residual and keeps external data intact
00:02 +98: test/workspace/project_creation_safety_test.dart: canonical transaction failure after promotion never reports creation success
00:03 +99: test/transactions/retained_dependency_window_test.dart: an external writer can change a retained file after precondition
00:03 +100: test/transactions/retained_dependency_window_test.dart: an external writer can change a retained file after precondition
00:03 +101: test/transactions/crash_boundary_test.dart: JournaledAuthoringTransaction applies update create and delete once then replays exact receipt
00:03 +102: test/transactions/recovery_idempotence_test.dart: AuthoringRecoveryService compensates a partial promotion in reverse and closes idempotency
00:03 +103: test/transactions/crash_boundary_test.dart: JournaledAuthoringTransaction cleanup failure never turns a durable commit into a failed apply
00:03 +104: test/transactions/recovery_idempotence_test.dart: AuthoringRecoveryService compensation refuses a promoted resource changed by another writer
00:03 +105: test/transactions/recovery_idempotence_test.dart: AuthoringRecoveryService compensation refuses a promoted resource changed by another writer
00:03 +106: test/transactions/crash_boundary_test.dart: JournaledAuthoringTransaction AuthoringTransactionCheckpoint.afterPayloadsStaged leaves an unreserved discardable intent
00:03 +107: test/transactions/recovery_idempotence_test.dart: AuthoringRecoveryService forward recovery refuses an unpromoted resource changed externally
00:03 +108: test/transactions/crash_boundary_test.dart: JournaledAuthoringTransaction AuthoringTransactionCheckpoint.afterJournalStaged leaves an unreserved discardable intent
00:03 +109: test/transactions/recovery_idempotence_test.dart: AuthoringRecoveryService capability expiry before the first recovery write changes nothing
00:03 +110: test/transactions/crash_boundary_test.dart: JournaledAuthoringTransaction AuthoringTransactionCheckpoint.afterReservation resumes idempotently after service reconstruction
00:04 +111: test/transactions/recovery_idempotence_test.dart: AuthoringRecoveryService committed journal finalizes a pending ledger exactly once
00:04 +112: test/transactions/crash_boundary_test.dart: JournaledAuthoringTransaction AuthoringTransactionCheckpoint.afterJournalPrepared resumes idempotently after service reconstruction
00:04 +113: test/transactions/recovery_idempotence_test.dart: AuthoringRecoveryService committed but unreceipted create and delete can be compensated
00:04 +114: test/transactions/crash_boundary_test.dart: JournaledAuthoringTransaction AuthoringTransactionCheckpoint.afterResourcePromoted resumes idempotently after service reconstruction
00:04 +115: test/transactions/recovery_idempotence_test.dart: AuthoringRecoveryService unreserved preparation can be discarded only while targets match
00:04 +116: test/transactions/crash_boundary_test.dart: JournaledAuthoringTransaction AuthoringTransactionCheckpoint.afterResourceJournaled resumes idempotently after service reconstruction
00:04 +117: test/transactions/crash_boundary_test.dart: JournaledAuthoringTransaction AuthoringTransactionCheckpoint.afterResourceJournaled resumes idempotently after service reconstruction
00:04 +118: test/transactions/crash_boundary_test.dart: JournaledAuthoringTransaction AuthoringTransactionCheckpoint.afterJournalCommitted resumes idempotently after service reconstruction
00:04 +119: test/transactions/crash_boundary_test.dart: JournaledAuthoringTransaction rejects stale touched resources before journal or reservation
00:04 +120: test/transactions/crash_boundary_test.dart: JournaledAuthoringTransaction rejects an apply request that differs from the frozen plan
00:04 +121: test/transactions/crash_boundary_test.dart: JournaledAuthoringTransaction second CAS blocks an external edit immediately before promotion
00:04 +122: test/transactions/crash_boundary_test.dart: JournaledAuthoringTransaction rejects symlink parents and path-like operation identifiers
00:04 +123: test/transactions/revision_conflict_test.dart: AuthoringRevisionSet is deterministic across input order and JSON round trips
00:04 +124: test/transactions/revision_conflict_test.dart: AuthoringRevisionSet supports explicit absent revisions for create and delete CAS
00:04 +125: test/transactions/revision_conflict_test.dart: AuthoringRevisionSet rejects duplicate resources and malformed fingerprints
00:04 +126: test/transactions/revision_conflict_test.dart: AuthoringRevisionSet blocks mutation callback when any touched revision changed
00:04 +127: test/transactions/revision_conflict_test.dart: AuthoringRevisionSet treats unexpected presence and missing current entries as conflicts
00:04 +128: test/transactions/stale_plan_test.dart: AuthoringPlanStore refuses a plan after an external project revision change
00:04 +129: test/transactions/stale_plan_test.dart: AuthoringPlanStore refuses an expired plan with useful remediation
00:04 +130: test/transactions/stale_plan_test.dart: AuthoringPlanStore rejects a stale expected revision before invoking the builder
00:04 +131: test/transactions/stale_plan_test.dart: AuthoringPlanStore reports unknown opaque plan identifiers without leaking state
00:04 +132: test/transactions/idempotency_contract_test.dart: durable authoring idempotency same scoped key and payload replays one exact receipt after reopen
00:04 +133: test/transactions/idempotency_contract_test.dart: durable authoring idempotency reports durable filesystem and JSON work to the observer
00:04 +134: test/transactions/idempotency_contract_test.dart: durable authoring idempotency same scoped key with a different canonical payload is refused
00:04 +135: test/transactions/idempotency_contract_test.dart: durable authoring idempotency actor project action version and key each scope reservations
00:04 +136: test/transactions/idempotency_contract_test.dart: durable authoring idempotency pending reservation survives failure and requires recovery
00:04 +137: test/transactions/idempotency_contract_test.dart: durable authoring idempotency concurrent retry never invokes the apply callback twice
00:04 +138: test/transactions/idempotency_contract_test.dart: durable authoring idempotency retention pruning removes expired completed records but not pending
00:04 +139: test/transactions/idempotency_contract_test.dart: durable authoring idempotency interactive execution leaves retention pruning to explicit maintenance
00:04 +140: test/tooling/project_creation_jsonl_test.dart: JSONL preview is read-only and exact confirmation creates reopenable grid
00:04 +141: test/tooling/project_creation_jsonl_test.dart: JSONL preview is read-only and exact confirmation creates reopenable grid
00:04 +142: test/tooling/project_creation_jsonl_test.dart: JSONL preview is read-only and exact confirmation creates reopenable grid
00:04 +143: test/tooling/project_creation_jsonl_test.dart: JSONL preview is read-only and exact confirmation creates reopenable grid
00:04 +144: test/tooling/project_creation_jsonl_test.dart: JSONL preview is read-only and exact confirmation creates reopenable grid
00:05 +145: test/tooling/project_creation_jsonl_test.dart: JSONL preview is read-only and exact confirmation creates reopenable grid
00:05 +146: test/tooling/project_creation_jsonl_test.dart: JSONL preview is read-only and exact confirmation creates reopenable grid
00:05 +147: test/tooling/project_creation_jsonl_test.dart: JSONL preview is read-only and exact confirmation creates reopenable grid
00:05 +148: test/tooling/project_creation_jsonl_test.dart: JSONL preview is read-only and exact confirmation creates reopenable grid
00:05 +149: test/tooling/project_creation_jsonl_test.dart: JSONL preview is read-only and exact confirmation creates reopenable grid
00:05 +150: test/tooling/project_creation_jsonl_test.dart: parent outside configured narrow root and malformed request cannot write
00:05 +151: test/tooling/project_creation_jsonl_test.dart: late existing destination is never replaced after preview
00:05 +152: test/tooling/project_creation_jsonl_test.dart: native parent whitespace is preserved by root authorization
00:05 +153: test/tooling/cli_golden_test.dart: pokemap_authoring CLI runs the real authoring JSONL session with read API parity
00:05 +154: test/tooling/cli_golden_test.dart: pokemap_authoring CLI runs the real authoring JSONL session with read API parity
00:05 +155: test/tooling/cli_golden_test.dart: pokemap_authoring CLI runs the real authoring JSONL session with read API parity
00:06 +156: test/tooling/cli_golden_test.dart: pokemap_authoring CLI runs the real authoring JSONL session with read API parity
00:28 +157: test/tooling/cli_golden_test.dart: pokemap_authoring CLI requires at least one allowed root without polluting stdout
00:28 +158: test/tooling/cli_golden_test.dart: pokemap_authoring CLI stages an artifact from a dedicated non-project root
00:28 +159: test/tooling/cli_golden_test.dart: pokemap_authoring CLI rejects an option token used as a root value
00:28 +160: test/tooling/cli_golden_test.dart: pokemap_authoring CLI does not echo an unknown machine-local argument
00:28 +161: test/tooling/cli_golden_test.dart: (tearDownAll)
00:28 +161: All tests passed!
