00:00 +0: loading /private/tmp/as-proj-head-f559e55-review/apps/avelune_studio/test/presentation/map_inspector_ui02_test.dart
00:00 +0: /private/tmp/as-proj-head-f559e55-review/apps/avelune_studio/test/presentation/map_inspector_ui02_test.dart: empty inspector reports real map and active tool without selection
00:00 +1: /private/tmp/as-proj-head-f559e55-review/apps/avelune_studio/test/presentation/map_workspace_journey_test.dart: preparing runtime blocks input and refuses a changed active document
00:01 +1: /private/tmp/as-proj-head-f559e55-review/apps/avelune_studio/test/presentation/map_inspector_ui02_test.dart: local stack selects a hidden instance and respects order command limits
══╡ EXCEPTION CAUGHT BY FLUTTER TEST FRAMEWORK ╞════════════════════════════════════════════════════
The following assertion was thrown running a test:
The finder "Found 0 widgets with text "Position 3 / 3": []" (used in a call to "tap()") could not
find any matching widgets.

When the exception was thrown, this was the stack:
#0      WidgetController._getElementPoint (package:flutter_test/src/controller.dart:2095:7)
#1      WidgetController.getCenter (package:flutter_test/src/controller.dart:1947:12)
#2      WidgetController.tap (package:flutter_test/src/controller.dart:1080:7)
#3      main.<anonymous closure> (file:///private/tmp/as-proj-head-f559e55-review/apps/avelune_studio/test/presentation/map_inspector_ui02_test.dart:83:20)
<asynchronous suspension>
#4      testWidgets.<anonymous closure>.<anonymous closure> (package:flutter_test/src/widget_tester.dart:192:15)
<asynchronous suspension>
#5      TestWidgetsFlutterBinding._runTestBody (package:flutter_test/src/binding.dart:1978:5)
<asynchronous suspension>
<asynchronous suspension>
(elided one frame from package:stack_trace)

The test description was:
  local stack selects a hidden instance and respects order command limits
════════════════════════════════════════════════════════════════════════════════════════════════════
00:01 +1 -1: /private/tmp/as-proj-head-f559e55-review/apps/avelune_studio/test/presentation/map_workspace_journey_test.dart: preparing runtime blocks input and refuses a changed active document
00:01 +1 -1: /private/tmp/as-proj-head-f559e55-review/apps/avelune_studio/test/presentation/map_inspector_ui02_test.dart: local stack selects a hidden instance and respects order command limits [E]
  Test failed. See exception logs above.
  The test description was: local stack selects a hidden instance and respects order command limits

00:02 +2 -1: /private/tmp/as-proj-head-f559e55-review/apps/avelune_studio/test/map_workspace/map_connection_host_test.dart: the real map workspace links and unlinks both borders

Warning: A call to tap() with finder "Found 1 widget with key [<'connection-create'>]: [
  StudioButton-[<'connection-create'>](dependencies: [InheritedCupertinoTheme, _InheritedTheme, _LocalizationsScope-[GlobalKey#5d45c]]),
]" derived an Offset (Offset(1330.0, 684.0)) that would not hit test on the specified widget.
Maybe the widget is actually off-screen, or another widget is obscuring it, or the widget cannot receive pointer events.
The finder corresponds to this RenderBox: RenderSemanticsAnnotations#c79a8 relayoutBoundary=up3
The hit test result at that offset is: HitTestResult(RenderPointerListener#5a56e@Offset(191.0, 243.0), RenderSemanticsGestureHandler#4b771@Offset(191.0, 243.0), RenderPointerListener#6f809@Offset(191.0, 243.0), _RenderScrollSemantics#5b027@Offset(191.0, 243.0), RenderClipRect#f3e02@Offset(191.0, 243.0), RenderFlex#a0206@Offset(191.0, 267.0), RenderFlex#53a8d@Offset(191.0, 411.0), RenderPadding#d3341@Offset(201.0, 421.0), RenderPadding#ec5cf@Offset(202.0, 421.0), RenderDecoratedBox#106db@Offset(202.0, 421.0), RenderConstrainedBox#fbba4@Offset(202.0, 421.0), _RenderInkFeatures#a76d1@Offset(202.0, 421.0), RenderPhysicalModel#da776@Offset(202.0, 421.0), RenderFlex#9de20@Offset(202.0, 627.0), _RenderLayoutBuilder#54f30@Offset(202.0, 627.0), RenderConstrainedBox#07806@Offset(202.0, 627.0), RenderFlex#7d88b@Offset(202.0, 672.0), RenderConstrainedBox#b7e92@Offset(202.0, 672.0), _RenderInkFeatures#69e8f@Offset(202.0, 672.0), RenderCustomPaint#1c25e@Offset(202.0, 672.0), RenderPhysicalShape#ce37e@Offset(202.0, 672.0), RenderConstrainedBox#48b5a@Offset(202.0, 672.0), RenderPositionedBox#1318b@Offset(1318.0, 672.0), RenderPadding#442a5@Offset(1330.0, 684.0), RenderSemanticsAnnotations#87d59@Offset(1330.0, 684.0), RenderPadding#65042@Offset(1330.0, 684.0), RenderSemanticsAnnotations#6fb40@Offset(1330.0, 684.0), RenderPadding#9f2e9@Offset(1330.0, 684.0), RenderSemanticsAnnotations#b4999@Offset(1330.0, 684.0), RenderRepaintBoundary#d5b34@Offset(1330.0, 684.0), RenderIgnorePointer#a1446@Offset(1330.0, 684.0), RenderAnimatedOpacity#38049@Offset(1330.0, 684.0), RenderRepaintBoundary#54e12@Offset(1330.0, 684.0), RenderSemanticsAnnotations#e3840@Offset(1330.0, 684.0), RenderOffstage#ade7b@Offset(1330.0, 684.0), RenderSemanticsAnnotations#956c3@Offset(1330.0, 684.0), _RenderTheater#d9510@Offset(1330.0, 684.0), RenderAbsorbPointer#dd315@Offset(1330.0, 684.0), RenderPointerListener#b8533@Offset(1330.0, 684.0), RenderSemanticsAnnotations#3bef2@Offset(1330.0, 684.0), RenderCustomPaint#931aa@Offset(1330.0, 684.0), RenderSemanticsAnnotations#4f465@Offset(1330.0, 684.0), RenderSemanticsAnnotations#01afd@Offset(1330.0, 684.0), RenderSemanticsAnnotations#e5810@Offset(1330.0, 684.0), RenderTapRegionSurface#8eaf8@Offset(1330.0, 684.0), RenderSemanticsAnnotations#76154@Offset(1330.0, 684.0), RenderSemanticsAnnotations#1039a@Offset(1330.0, 684.0), HitTestEntry<HitTestTarget>#e16ed(_ReusableRenderView#84a0e), HitTestEntry<HitTestTarget>#6ff8d(<AutomatedTestWidgetsFlutterBinding>))
#0      WidgetController._getElementPoint (package:flutter_test/src/controller.dart:2165:25)
#1      WidgetController.getCenter (package:flutter_test/src/controller.dart:1947:12)
#2      WidgetController.tap (package:flutter_test/src/controller.dart:1080:7)
#3      main.<anonymous closure> (file:///private/tmp/as-proj-head-f559e55-review/apps/avelune_studio/test/map_workspace/map_connection_host_test.dart:41:18)
<asynchronous suspension>
#4      testWidgets.<anonymous closure>.<anonymous closure> (package:flutter_test/src/widget_tester.dart:192:15)
<asynchronous suspension>
#5      TestWidgetsFlutterBinding._runTestBody (package:flutter_test/src/binding.dart:1978:5)
<asynchronous suspension>
#6      StackZoneSpecification._registerCallback.<anonymous closure> (package:stack_trace/src/stack_zone_specification.dart:114:42)
<asynchronous suspension>
To silence this warning, pass "warnIfMissed: false" to "tap()".
To make this warning fatal, set WidgetController.hitTestWarningShouldBeFatal to true.

00:04 +2 -1: /private/tmp/as-proj-head-f559e55-review/apps/avelune_studio/test/presentation/map_workspace_journey_test.dart: place move stack undo redo save and runtime return preserve document
══╡ EXCEPTION CAUGHT BY FLUTTER TEST FRAMEWORK ╞════════════════════════════════════════════════════
The following TestFailure was thrown running a test:
Expected: 'studio-1790779485135167-1'
  Actual: 'studio-1790779485256267-2'
   Which: is different.
          Expected: ... 1790779485135167-1
            Actual: ... 1790779485256267-2
                                  ^
           Differ at offset 17

When the exception was thrown, this was the stack:
#4      main.<anonymous closure> (file:///private/tmp/as-proj-head-f559e55-review/apps/avelune_studio/test/presentation/map_workspace_journey_test.dart:122:7)
<asynchronous suspension>
#5      testWidgets.<anonymous closure>.<anonymous closure> (package:flutter_test/src/widget_tester.dart:192:15)
<asynchronous suspension>
#6      TestWidgetsFlutterBinding._runTestBody (package:flutter_test/src/binding.dart:1978:5)
<asynchronous suspension>
<asynchronous suspension>
(elided one frame from package:stack_trace)

This was caught by the test expectation on the following line:
  file:///private/tmp/as-proj-head-f559e55-review/apps/avelune_studio/test/presentation/map_workspace_journey_test.dart line 122
The test description was:
  place move stack undo redo save and runtime return preserve document
════════════════════════════════════════════════════════════════════════════════════════════════════
00:04 +2 -2: /private/tmp/as-proj-head-f559e55-review/apps/avelune_studio/test/map_workspace/map_connection_host_test.dart: the real map workspace links and unlinks both borders
00:04 +2 -2: /private/tmp/as-proj-head-f559e55-review/apps/avelune_studio/test/presentation/map_workspace_journey_test.dart: place move stack undo redo save and runtime return preserve document [E]
  Test failed. See exception logs above.
  The test description was: place move stack undo redo save and runtime return preserve document

00:04 +2 -2: /private/tmp/as-proj-head-f559e55-review/apps/avelune_studio/test/map_workspace/map_connection_host_test.dart: the real map workspace links and unlinks both borders
══╡ EXCEPTION CAUGHT BY FLUTTER TEST FRAMEWORK ╞════════════════════════════════════════════════════
The following TestFailure was thrown running a test:
Expected: <1>
  Actual: <0>

When the exception was thrown, this was the stack:
#4      main.<anonymous closure> (file:///private/tmp/as-proj-head-f559e55-review/apps/avelune_studio/test/map_workspace/map_connection_host_test.dart:43:5)
<asynchronous suspension>
#5      testWidgets.<anonymous closure>.<anonymous closure> (package:flutter_test/src/widget_tester.dart:192:15)
<asynchronous suspension>
#6      TestWidgetsFlutterBinding._runTestBody (package:flutter_test/src/binding.dart:1978:5)
<asynchronous suspension>
<asynchronous suspension>
(elided one frame from package:stack_trace)

This was caught by the test expectation on the following line:
  file:///private/tmp/as-proj-head-f559e55-review/apps/avelune_studio/test/map_workspace/map_connection_host_test.dart line 43
The test description was:
  the real map workspace links and unlinks both borders
════════════════════════════════════════════════════════════════════════════════════════════════════
00:04 +2 -3: /private/tmp/as-proj-head-f559e55-review/apps/avelune_studio/test/presentation/map_workspace_journey_test.dart: dirty close offers cancel discard save and save conflict prevents runtime
00:04 +2 -3: /private/tmp/as-proj-head-f559e55-review/apps/avelune_studio/test/map_workspace/map_connection_host_test.dart: the real map workspace links and unlinks both borders [E]
  Test failed. See exception logs above.
  The test description was: the real map workspace links and unlinks both borders

00:05 +3 -3: /private/tmp/as-proj-head-f559e55-review/apps/avelune_studio/test/map_workspace/map_connection_host_test.dart: a draft blocks the link without losing its changes

Warning: A call to tap() with finder "Found 1 widget with key [<'connection-create'>]: [
  StudioButton-[<'connection-create'>](dependencies: [InheritedCupertinoTheme, _InheritedTheme, _LocalizationsScope-[GlobalKey#0ad21]]),
]" derived an Offset (Offset(1330.0, 684.0)) that would not hit test on the specified widget.
Maybe the widget is actually off-screen, or another widget is obscuring it, or the widget cannot receive pointer events.
The finder corresponds to this RenderBox: RenderSemanticsAnnotations#d97e4 relayoutBoundary=up3
The hit test result at that offset is: HitTestResult(RenderPointerListener#60062@Offset(191.0, 243.0), RenderSemanticsGestureHandler#aa51d@Offset(191.0, 243.0), RenderPointerListener#fc1bd@Offset(191.0, 243.0), _RenderScrollSemantics#d09de@Offset(191.0, 243.0), RenderClipRect#5dc8d@Offset(191.0, 243.0), RenderFlex#cbe46@Offset(191.0, 267.0), RenderFlex#27687@Offset(191.0, 411.0), RenderPadding#757d5@Offset(201.0, 421.0), RenderPadding#f8d7a@Offset(202.0, 421.0), RenderDecoratedBox#2e627@Offset(202.0, 421.0), RenderConstrainedBox#03ca8@Offset(202.0, 421.0), _RenderInkFeatures#8b45d@Offset(202.0, 421.0), RenderPhysicalModel#63822@Offset(202.0, 421.0), RenderFlex#6c132@Offset(202.0, 627.0), _RenderLayoutBuilder#3dacf@Offset(202.0, 627.0), RenderConstrainedBox#18d85@Offset(202.0, 627.0), RenderFlex#fe122@Offset(202.0, 672.0), RenderConstrainedBox#d9ce2@Offset(202.0, 672.0), _RenderInkFeatures#0feca@Offset(202.0, 672.0), RenderCustomPaint#09deb@Offset(202.0, 672.0), RenderPhysicalShape#c5a76@Offset(202.0, 672.0), RenderConstrainedBox#3a415@Offset(202.0, 672.0), RenderPositionedBox#6d67c@Offset(1318.0, 672.0), RenderPadding#5daf4@Offset(1330.0, 684.0), RenderSemanticsAnnotations#f3ab4@Offset(1330.0, 684.0), RenderPadding#ce986@Offset(1330.0, 684.0), RenderSemanticsAnnotations#a4f2d@Offset(1330.0, 684.0), RenderPadding#89407@Offset(1330.0, 684.0), RenderSemanticsAnnotations#e360f@Offset(1330.0, 684.0), RenderRepaintBoundary#a21d6@Offset(1330.0, 684.0), RenderIgnorePointer#b7432@Offset(1330.0, 684.0), RenderAnimatedOpacity#a2109@Offset(1330.0, 684.0), RenderRepaintBoundary#39762@Offset(1330.0, 684.0), RenderSemanticsAnnotations#9202f@Offset(1330.0, 684.0), RenderOffstage#a4685@Offset(1330.0, 684.0), RenderSemanticsAnnotations#d8f34@Offset(1330.0, 684.0), _RenderTheater#13b86@Offset(1330.0, 684.0), RenderAbsorbPointer#775d8@Offset(1330.0, 684.0), RenderPointerListener#18326@Offset(1330.0, 684.0), RenderSemanticsAnnotations#e985d@Offset(1330.0, 684.0), RenderCustomPaint#6fb6c@Offset(1330.0, 684.0), RenderSemanticsAnnotations#6c28b@Offset(1330.0, 684.0), RenderSemanticsAnnotations#0f4b8@Offset(1330.0, 684.0), RenderSemanticsAnnotations#3d064@Offset(1330.0, 684.0), RenderTapRegionSurface#da1a0@Offset(1330.0, 684.0), RenderSemanticsAnnotations#a2d4d@Offset(1330.0, 684.0), RenderSemanticsAnnotations#5cf13@Offset(1330.0, 684.0), HitTestEntry<HitTestTarget>#8f167(_ReusableRenderView#84a0e), HitTestEntry<HitTestTarget>#2c591(<AutomatedTestWidgetsFlutterBinding>))
#0      WidgetController._getElementPoint (package:flutter_test/src/controller.dart:2165:25)
#1      WidgetController.getCenter (package:flutter_test/src/controller.dart:1947:12)
#2      WidgetController.tap (package:flutter_test/src/controller.dart:1080:7)
#3      main.<anonymous closure> (file:///private/tmp/as-proj-head-f559e55-review/apps/avelune_studio/test/map_workspace/map_connection_host_test.dart:87:18)
<asynchronous suspension>
#4      testWidgets.<anonymous closure>.<anonymous closure> (package:flutter_test/src/widget_tester.dart:192:15)
<asynchronous suspension>
#5      TestWidgetsFlutterBinding._runTestBody (package:flutter_test/src/binding.dart:1978:5)
<asynchronous suspension>
#6      StackZoneSpecification._registerCallback.<anonymous closure> (package:stack_trace/src/stack_zone_specification.dart:114:42)
<asynchronous suspension>
To silence this warning, pass "warnIfMissed: false" to "tap()".
To make this warning fatal, set WidgetController.hitTestWarningShouldBeFatal to true.

══╡ EXCEPTION CAUGHT BY FLUTTER TEST FRAMEWORK ╞════════════════════════════════════════════════════
The following TestFailure was thrown running a test:
Expected: exactly one matching candidate
  Actual: _TextContainingWidgetFinder:<Found 0 widgets with text containing Enregistrez les
brouillons: []>
   Which: means none were found but one was expected

When the exception was thrown, this was the stack:
#4      main.<anonymous closure> (file:///private/tmp/as-proj-head-f559e55-review/apps/avelune_studio/test/map_workspace/map_connection_host_test.dart:92:5)
<asynchronous suspension>
#5      testWidgets.<anonymous closure>.<anonymous closure> (package:flutter_test/src/widget_tester.dart:192:15)
<asynchronous suspension>
#6      TestWidgetsFlutterBinding._runTestBody (package:flutter_test/src/binding.dart:1978:5)
<asynchronous suspension>
<asynchronous suspension>
(elided one frame from package:stack_trace)

This was caught by the test expectation on the following line:
  file:///private/tmp/as-proj-head-f559e55-review/apps/avelune_studio/test/map_workspace/map_connection_host_test.dart line 92
The test description was:
  a draft blocks the link without losing its changes
════════════════════════════════════════════════════════════════════════════════════════════════════
00:05 +3 -4: /private/tmp/as-proj-head-f559e55-review/apps/avelune_studio/test/presentation/map_workspace_journey_test.dart: paint gesture is one history step and text input does not delete selection
00:05 +3 -4: /private/tmp/as-proj-head-f559e55-review/apps/avelune_studio/test/map_workspace/map_connection_host_test.dart: a draft blocks the link without losing its changes [E]
  Test failed. See exception logs above.
  The test description was: a draft blocks the link without losing its changes

00:06 +4 -4: /private/tmp/as-proj-head-f559e55-review/apps/avelune_studio/test/presentation/map_workspace_journey_test.dart: paint gesture is one history step and text input does not delete selection
00:06 +5 -4: /private/tmp/as-proj-head-f559e55-review/apps/avelune_studio/test/presentation/map_workspace_journey_test.dart: failed navigation keeps visible and saved target; warm navigation preserves zoom
00:06 +6 -4: /private/tmp/as-proj-head-f559e55-review/apps/avelune_studio/test/presentation/map_workspace_journey_test.dart: eraser reaches ground beneath empty decor
00:07 +7 -4: Some tests failed.

Failing tests:
  /private/tmp/as-proj-head-f559e55-review/apps/avelune_studio/test/map_workspace/map_connection_host_test.dart: a draft blocks the link without losing its changes
  /private/tmp/as-proj-head-f559e55-review/apps/avelune_studio/test/map_workspace/map_connection_host_test.dart: the real map workspace links and unlinks both borders
  /private/tmp/as-proj-head-f559e55-review/apps/avelune_studio/test/presentation/map_inspector_ui02_test.dart: local stack selects a hidden instance and respects order command limits
  /private/tmp/as-proj-head-f559e55-review/apps/avelune_studio/test/presentation/map_workspace_journey_test.dart: place move stack undo redo save and runtime return preserve document
