00:00 +0: loading test/workspace/project_creation_facade_test.dart
00:00 +0: test/workspace/project_creation_facade_test.dart: creation facade exposes the usable port without platform dependencies
00:00 +1: test/workspace/project_creation_facade_test.dart: creation facade exposes the usable port without platform dependencies
00:00 +2: test/workspace/project_creation_test.dart: playable 16 preserves grid, atlas and spawn on independent reopen
00:00 +3: test/workspace/project_creation_safety_test.dart: cancel while held before reservation creates no destination
00:00 +4: test/workspace/project_creation_safety_test.dart: cancel while held before reservation creates no destination
00:00 +5: test/workspace/project_creation_test.dart: preview 32 reflects full map dimensions without creating files
00:00 +6: test/workspace/project_creation_test.dart: preview 32 reflects full map dimensions without creating files
00:00 +7: test/workspace/project_creation_test.dart: preview 32 reflects full map dimensions without creating files
00:00 +8: test/workspace/project_creation_test.dart: preview 32 reflects full map dimensions without creating files
00:00 +9: test/workspace/project_creation_safety_test.dart: exclusive reservation refuses concurrent creators with no overwritten project
00:00 +10: test/workspace/project_creation_safety_test.dart: exclusive reservation refuses concurrent creators with no overwritten project
00:00 +11: test/workspace/project_creation_safety_test.dart: exclusive reservation refuses concurrent creators with no overwritten project
00:00 +12: test/workspace/project_creation_test.dart: preview 48 reflects full map dimensions without creating files
00:00 +13: test/workspace/project_creation_test.dart: preview 48 reflects full map dimensions without creating files
00:00 +14: test/workspace/project_creation_safety_test.dart: canonical transaction failure after promotion never reports creation success
00:00 +15: test/workspace/project_creation_test.dart: playable 48 preserves grid, atlas and spawn on independent reopen
00:00 +16: test/workspace/project_creation_safety_test.dart: modification after transaction is preserved, rejected and never claimed successful
00:00 +17: test/workspace/project_creation_safety_test.dart: modification after transaction is preserved, rejected and never claimed successful
00:00 +18: test/workspace/project_creation_safety_test.dart: modification after transaction is preserved, rejected and never claimed successful
00:00 +19: test/workspace/project_creation_safety_test.dart: modification after transaction is preserved, rejected and never claimed successful
00:00 +20: test/workspace/project_creation_test.dart: validation does not allocate files and refuses invalid or existing destinations
00:01 +21: test/tooling/project_creation_jsonl_test.dart: JSONL preview is read-only and exact confirmation creates reopenable grid
00:01 +22: test/tooling/project_creation_jsonl_test.dart: parent outside configured narrow root and malformed request cannot write
00:01 +23: test/tooling/project_creation_jsonl_test.dart: late existing destination is never replaced after preview
00:01 +24: test/tooling/project_creation_jsonl_test.dart: native parent whitespace is preserved by root authorization
00:01 +25: test/tooling/project_creation_jsonl_test.dart: confirmation expires and is consumed once
00:01 +26: test/tooling/project_creation_jsonl_test.dart: native creation failure is enveloped without disclosing paths
00:01 +27: test/tooling/project_creation_jsonl_test.dart: worker timeout abandons preparation before any write after release
00:02 +28: All tests passed!
