 M apps/avelune_studio/test/presentation/desktop_workspace_layout_test.dart
?? documentation/reports/avelune_studio/desktop_stress_stabilization/logs/analyze.log
?? documentation/reports/avelune_studio/desktop_stress_stabilization/logs/analyze.time
?? documentation/reports/avelune_studio/desktop_stress_stabilization/logs/architecture.log
?? documentation/reports/avelune_studio/desktop_stress_stabilization/logs/architecture.time
?? documentation/reports/avelune_studio/desktop_stress_stabilization/logs/baseline/run1.log
?? documentation/reports/avelune_studio/desktop_stress_stabilization/logs/baseline/run1.time
?? documentation/reports/avelune_studio/desktop_stress_stabilization/logs/baseline/run2.log
?? documentation/reports/avelune_studio/desktop_stress_stabilization/logs/baseline/run2.time
?? documentation/reports/avelune_studio/desktop_stress_stabilization/logs/baseline/run3.log
?? documentation/reports/avelune_studio/desktop_stress_stabilization/logs/baseline/run3.time
?? documentation/reports/avelune_studio/desktop_stress_stabilization/logs/build-macos.log
?? documentation/reports/avelune_studio/desktop_stress_stabilization/logs/build-macos.time
?? documentation/reports/avelune_studio/desktop_stress_stabilization/logs/final-postformat-1.log
?? documentation/reports/avelune_studio/desktop_stress_stabilization/logs/final-postformat-1.time
?? documentation/reports/avelune_studio/desktop_stress_stabilization/logs/final-postformat-2.log
?? documentation/reports/avelune_studio/desktop_stress_stabilization/logs/final-postformat-2.time
?? documentation/reports/avelune_studio/desktop_stress_stabilization/logs/final-postformat-3.log
?? documentation/reports/avelune_studio/desktop_stress_stabilization/logs/final-postformat-3.time
?? documentation/reports/avelune_studio/desktop_stress_stabilization/logs/final-stress-1.log
?? documentation/reports/avelune_studio/desktop_stress_stabilization/logs/final-stress-1.time
?? documentation/reports/avelune_studio/desktop_stress_stabilization/logs/final-stress-2.log
?? documentation/reports/avelune_studio/desktop_stress_stabilization/logs/final-stress-2.time
?? documentation/reports/avelune_studio/desktop_stress_stabilization/logs/final-stress-3.log
?? documentation/reports/avelune_studio/desktop_stress_stabilization/logs/final-stress-3.time
?? documentation/reports/avelune_studio/desktop_stress_stabilization/logs/git-final-status.log
?? documentation/reports/avelune_studio/desktop_stress_stabilization/logs/history/3825-run1.log
?? documentation/reports/avelune_studio/desktop_stress_stabilization/logs/history/3825-run1.time
?? documentation/reports/avelune_studio/desktop_stress_stabilization/logs/history/3825-run2.log
?? documentation/reports/avelune_studio/desktop_stress_stabilization/logs/history/3825-run2.time
?? documentation/reports/avelune_studio/desktop_stress_stabilization/logs/history/4721-run1.log
?? documentation/reports/avelune_studio/desktop_stress_stabilization/logs/history/4721-run1.time
?? documentation/reports/avelune_studio/desktop_stress_stabilization/logs/history/4721-run2.log
?? documentation/reports/avelune_studio/desktop_stress_stabilization/logs/history/4721-run2.time
?? documentation/reports/avelune_studio/desktop_stress_stabilization/logs/history/d24a-protocol.log
?? documentation/reports/avelune_studio/desktop_stress_stabilization/logs/history/d24a-protocol.time
?? documentation/reports/avelune_studio/desktop_stress_stabilization/logs/history/d24a-pump1ms.log
?? documentation/reports/avelune_studio/desktop_stress_stabilization/logs/history/d24a-pump1ms.time
?? documentation/reports/avelune_studio/desktop_stress_stabilization/logs/history/d24a-pumpzero.log
?? documentation/reports/avelune_studio/desktop_stress_stabilization/logs/history/d24a-pumpzero.time
?? documentation/reports/avelune_studio/desktop_stress_stabilization/logs/history/d24a-run1.log
?? documentation/reports/avelune_studio/desktop_stress_stabilization/logs/history/d24a-run1.time
?? documentation/reports/avelune_studio/desktop_stress_stabilization/logs/history/d24a-run2.log
?? documentation/reports/avelune_studio/desktop_stress_stabilization/logs/history/d24a-run2.time
?? documentation/reports/avelune_studio/desktop_stress_stabilization/logs/history/d24a-trace.log
?? documentation/reports/avelune_studio/desktop_stress_stabilization/logs/history/d24a-trace.time
?? documentation/reports/avelune_studio/desktop_stress_stabilization/logs/pokemon.log
?? documentation/reports/avelune_studio/desktop_stress_stabilization/logs/pokemon.time
?? documentation/reports/avelune_studio/desktop_stress_stabilization/logs/resources-targeted.log
?? documentation/reports/avelune_studio/desktop_stress_stabilization/logs/resources-targeted.time
?? documentation/reports/avelune_studio/desktop_stress_stabilization/logs/studio-full.log
?? documentation/reports/avelune_studio/desktop_stress_stabilization/logs/studio-full.time
?? documentation/reports/avelune_studio/desktop_stress_stabilization/rapport.txt
