Resolving dependencies...
Downloading packages...
  _fe_analyzer_shared 103.0.0 (108.0.0 available)
  analyzer 13.3.0 (14.4.0 available)
  archive 4.0.9 (4.3.0 available)
  code_assets 2.0.0 (2.1.0 available)
  cross_file 0.3.5+5 (0.4.0 available)
  dbus 0.7.15 (0.8.0 available)
  file_picker 11.0.3 (13.1.0 available)
  flutter_riverpod 3.4.2 (3.4.3 available)
  gamepads 0.1.11 (0.1.12 available)
  gamepads_android 0.1.9 (0.1.10 available)
  gamepads_darwin 0.1.3 (0.1.4 available)
  gamepads_linux 0.1.2 (0.1.3 available)
  gamepads_platform_interface 0.1.3 (0.1.4 available)
  gamepads_web 0.1.2 (0.1.3 available)
  gamepads_windows 0.3.1 (0.3.2 available)
  material_color_utilities 0.13.0 (0.13.1 available)
  package_config 2.2.0 (3.0.0 available)
  platform 3.1.6 (3.2.0 available)
  riverpod 3.4.2 (3.4.3 available)
  synchronized 3.4.1+2 (3.4.2 available)
  test 1.31.1 (1.32.0 available)
  test_api 0.7.12 (0.7.14 available)
  test_core 0.6.18 (0.6.20 available)
  vector_math 2.4.2 (2.4.3 available)
  win32 5.15.0 (6.4.0 available)
Got dependencies!
25 packages have newer versions incompatible with dependency constraints.
Try `flutter pub outdated` for more information.
00:00 +0: loading /Users/karim/Project/pokemonProject/apps/avelune_studio/test/infrastructure/studio_map_resources_test.dart
00:00 +0: /Users/karim/Project/pokemonProject/apps/avelune_studio/test/infrastructure/studio_resource_lifecycle_test.dart: metadata reads no image and late atlas loads without earlier catalogue
00:00 +1: /Users/karim/Project/pokemonProject/apps/avelune_studio/test/infrastructure/studio_resource_lifecycle_test.dart: metadata reads no image and late atlas loads without earlier catalogue
00:00 +2: /Users/karim/Project/pokemonProject/apps/avelune_studio/test/infrastructure/studio_resource_lifecycle_test.dart: metadata reads no image and late atlas loads without earlier catalogue
00:00 +3: /Users/karim/Project/pokemonProject/apps/avelune_studio/test/infrastructure/studio_map_resources_test.dart: budget refuses image before decoding and preserves authored references
00:00 +4: /Users/karim/Project/pokemonProject/apps/avelune_studio/test/infrastructure/studio_resource_lifecycle_test.dart: small budget evicts unused A and reloads A after B without destroying leases
00:00 +5: /Users/karim/Project/pokemonProject/apps/avelune_studio/test/infrastructure/studio_resource_lifecycle_test.dart: small budget evicts unused A and reloads A after B without destroying leases
00:00 +6: /Users/karim/Project/pokemonProject/apps/avelune_studio/test/infrastructure/studio_resource_lifecycle_test.dart: small budget evicts unused A and reloads A after B without destroying leases
00:00 +7: /Users/karim/Project/pokemonProject/apps/avelune_studio/test/infrastructure/studio_resource_lifecycle_test.dart: same source shares concurrent load, transparency variants remain distinct
00:00 +8: /Users/karim/Project/pokemonProject/apps/avelune_studio/test/infrastructure/studio_resource_lifecycle_test.dart: missing and corrupt sources stay distinct, retry clears stale failure and notifies
00:00 +9: /Users/karim/Project/pokemonProject/apps/avelune_studio/test/infrastructure/studio_resource_lifecycle_test.dart: closing cancels queued work and disposes late result without notifying
00:00 +10: /Users/karim/Project/pokemonProject/apps/avelune_studio/test/infrastructure/studio_resource_lifecycle_test.dart: explicit retry survives release of an unrelated palette lease
00:01 +11: /Users/karim/Project/pokemonProject/apps/avelune_studio/test/infrastructure/studio_resource_thumbnail_test.dart: visible decor and literal tile show their exact crop after lazy load
00:01 +12: /Users/karim/Project/pokemonProject/apps/avelune_studio/test/infrastructure/studio_resource_thumbnail_test.dart: visible decor and literal tile show their exact crop after lazy load
00:01 +13: /Users/karim/Project/pokemonProject/apps/avelune_studio/test/infrastructure/studio_resource_thumbnail_test.dart: visible decor and literal tile show their exact crop after lazy load
00:01 +14: /Users/karim/Project/pokemonProject/apps/avelune_studio/test/infrastructure/studio_resource_thumbnail_test.dart: visible decor and literal tile show their exact crop after lazy load
00:02 +15: /Users/karim/Project/pokemonProject/apps/avelune_studio/test/infrastructure/studio_resource_catalog_update_test.dart: 4096 by 5280 atlas uses existing chunks with bounded whole-decode reservation
00:02 +16: /Users/karim/Project/pokemonProject/apps/avelune_studio/test/infrastructure/studio_resource_thumbnail_test.dart: sparse collection thumbnail loads only its actual page
00:02 +17: loading /Users/karim/Project/pokemonProject/apps/avelune_studio/test/infrastructure/studio_terrain_brush_resources_test.dart
00:03 +17: /Users/karim/Project/pokemonProject/apps/avelune_studio/test/infrastructure/studio_terrain_brush_resources_test.dart: terrain brush loads only its shared resolver dependencies before any map stroke
00:03 +18: /Users/karim/Project/pokemonProject/apps/avelune_studio/test/presentation/workspace_resource_diagnostics_test.dart: 0 diagnostics preserve canvas with large text
00:03 +19: /Users/karim/Project/pokemonProject/apps/avelune_studio/test/presentation/workspace_resource_diagnostics_test.dart: 1 diagnostics preserve canvas with large text
00:04 +20: /Users/karim/Project/pokemonProject/apps/avelune_studio/test/presentation/workspace_resource_diagnostics_test.dart: 200 diagnostics preserve canvas with large text
00:05 +21: /Users/karim/Project/pokemonProject/apps/avelune_studio/test/presentation/workspace_resource_diagnostics_test.dart: active filter retries failed resources only and updates live
00:05 +22: /Users/karim/Project/pokemonProject/apps/avelune_studio/test/presentation/workspace_resource_diagnostics_test.dart: deduplicates identities and groups memory with full details
00:05 +23: All tests passed!
