00:00 +0: loading /private/tmp/menu11-preview-head-87226620c/packages/map_editor/test/personalization/personalization_player_surface_adapter_test.dart
00:00 +0: opens supported pause actions and keeps quests unavailable
══╡ EXCEPTION CAUGHT BY FLUTTER TEST FRAMEWORK ╞════════════════════════════════════════════════════
The following TestFailure was thrown running a test:
Expected: same instance as FocusNode:<FocusNode#5dd6f(Player action: Resume)(context: Focus)>
  Actual: FocusScopeNode:<FocusScopeNode#55f5b(_ModalScopeState<dynamic> Focus Scope [PRIMARY
FOCUS])(context: _FocusScopeWithExternalFocusNode, PRIMARY FOCUS)>

When the exception was thrown, this was the stack:
#4      main.<anonymous closure> (file:///private/tmp/menu11-preview-head-87226620c/packages/map_editor/test/personalization/personalization_player_surface_adapter_test.dart:248:7)
<asynchronous suspension>
#5      testWidgets.<anonymous closure>.<anonymous closure> (package:flutter_test/src/widget_tester.dart:192:15)
<asynchronous suspension>
#6      TestWidgetsFlutterBinding._runTestBody (package:flutter_test/src/binding.dart:1953:5)
<asynchronous suspension>
<asynchronous suspension>
(elided one frame from package:stack_trace)

This was caught by the test expectation on the following line:
  file:///private/tmp/menu11-preview-head-87226620c/packages/map_editor/test/personalization/personalization_player_surface_adapter_test.dart line 248
The test description was:
  opens supported pause actions and keeps quests unavailable
════════════════════════════════════════════════════════════════════════════════════════════════════
00:01 +0 -1: opens supported pause actions and keeps quests unavailable [E]
  Test failed. See exception logs above.
  The test description was: opens supported pause actions and keeps quests unavailable

00:01 +0 -1: Some tests failed.

Failing tests:
  /private/tmp/menu11-preview-head-87226620c/packages/map_editor/test/personalization/personalization_player_surface_adapter_test.dart: opens supported pause actions and keeps quests unavailable
