00:00 +0: loading /Users/karim/Project/pokemonProject/packages/map_player_ui/test/player/menu11_modal_context_test.dart
00:00 +0: /Users/karim/Project/pokemonProject/packages/map_player_ui/test/player/menu11_modal_context_test.dart: (setUpAll)
00:00 +0: /Users/karim/Project/pokemonProject/packages/map_player_ui/test/player/menu11_modal_context_test.dart: bag confirmation preserves nested session context: session effects
00:01 +1: /Users/karim/Project/pokemonProject/packages/map_player_ui/test/player/menu5_party_test.dart: desktop actions hands keyboard focus to summary modal
00:01 +2: /Users/karim/Project/pokemonProject/packages/map_player_ui/test/player/menu5_party_test.dart: desktop actions hands keyboard focus to summary modal
00:01 +3: /Users/karim/Project/pokemonProject/packages/map_player_ui/test/player/menu11_modal_context_test.dart: held item dialog preserves nested session context: session effects
00:01 +4: /Users/karim/Project/pokemonProject/packages/map_player_ui/test/player/menu5_party_test.dart: desktop actions hands keyboard focus to held item modal
00:01 +5: /Users/karim/Project/pokemonProject/packages/map_player_ui/test/player/menu5_party_test.dart: desktop actions hands keyboard focus to held item modal
00:01 +6: /Users/karim/Project/pokemonProject/packages/map_player_ui/test/player/menu11_modal_context_test.dart: bag confirmation preserves nested session context: local opaque scope
00:01 +7: /Users/karim/Project/pokemonProject/packages/map_player_ui/test/player/menu5_party_test.dart: six nominal rows fit completely in the 1296x644 reference body
00:01 +8: /Users/karim/Project/pokemonProject/packages/map_player_ui/test/player/menu11_modal_context_test.dart: party actions preserve nested session context: local opaque scope
00:01 +9: /Users/karim/Project/pokemonProject/packages/map_player_ui/test/player/menu5_party_test.dart: two logical confirms open compact detail then the focused summary
00:02 +10: /Users/karim/Project/pokemonProject/packages/map_player_ui/test/player/menu11_modal_context_test.dart: held item dialog preserves nested session context: local opaque scope
00:02 +11: /Users/karim/Project/pokemonProject/packages/map_player_ui/test/player/menu5_party_test.dart: a portrait desktop window uses a readable list then detail
00:02 +12: /Users/karim/Project/pokemonProject/packages/map_player_ui/test/player/menu11_modal_context_test.dart: summary dialog preserves nested session context: local opaque scope
00:02 +13: /Users/karim/Project/pokemonProject/packages/map_player_ui/test/player/menu5_party_test.dart: ProjectPauseMenuStyle.standard footer keeps party commands accessible at Size(1440.0, 900.0)
00:02 +14: /Users/karim/Project/pokemonProject/packages/map_player_ui/test/player/menu5_party_test.dart: ProjectPauseMenuStyle.standard footer keeps party commands accessible at Size(390.0, 844.0)
00:02 +15: /Users/karim/Project/pokemonProject/packages/map_player_ui/test/player/menu5_party_test.dart: ProjectPauseMenuStyle.nightIllustrated footer keeps party commands accessible at Size(1440.0, 900.0)
00:02 +16: /Users/karim/Project/pokemonProject/packages/map_player_ui/test/player/menu5_party_test.dart: ProjectPauseMenuStyle.nightIllustrated footer keeps party commands accessible at Size(390.0, 844.0)
00:02 +17: /Users/karim/Project/pokemonProject/packages/map_player_ui/test/player/menu5_party_test.dart: wide illustrated party shows all four moves above its real footer
00:02 +18: /Users/karim/Project/pokemonProject/packages/map_player_ui/test/player/menu5_party_test.dart: renders 0 real members without duplicating empty slots
00:02 +19: /Users/karim/Project/pokemonProject/packages/map_player_ui/test/player/menu5_party_test.dart: renders 1 real members without duplicating empty slots
00:02 +20: /Users/karim/Project/pokemonProject/packages/map_player_ui/test/player/menu5_party_test.dart: renders 3 real members without duplicating empty slots
00:02 +21: /Users/karim/Project/pokemonProject/packages/map_player_ui/test/player/menu5_party_test.dart: renders 6 real members without duplicating empty slots
00:02 +22: /Users/karim/Project/pokemonProject/packages/map_player_ui/test/player/menu5_party_test.dart: focus selects by identity and fresh snapshots replace the detail
00:02 +23: /Users/karim/Project/pokemonProject/packages/map_player_ui/test/player/menu5_party_test.dart: disappearing selection chooses the nearest valid member
00:03 +24: /Users/karim/Project/pokemonProject/packages/map_player_ui/test/player/menu5_party_test.dart: swap cancel emits nothing and confirmed swap follows its source
00:03 +25: /Users/karim/Project/pokemonProject/packages/map_player_ui/test/player/menu6_bag_test.dart: nine rows fit reference list with fixed pockets and footer
00:03 +26: /Users/karim/Project/pokemonProject/packages/map_player_ui/test/player/menu6_bag_test.dart: nine rows fit reference list with fixed pockets and footer
00:03 +27: /Users/karim/Project/pokemonProject/packages/map_player_ui/test/player/menu6_bag_test.dart: nine rows fit reference list with fixed pockets and footer
00:03 +28: /Users/karim/Project/pokemonProject/packages/map_player_ui/test/player/menu6_bag_test.dart: nine rows fit reference list with fixed pockets and footer
00:03 +29: /Users/karim/Project/pokemonProject/packages/map_player_ui/test/player/menu6_bag_test.dart: nine rows fit reference list with fixed pockets and footer
00:03 +30: /Users/karim/Project/pokemonProject/packages/map_player_ui/test/player/menu6_bag_test.dart: nine rows fit reference list with fixed pockets and footer
00:03 +31: /Users/karim/Project/pokemonProject/packages/map_player_ui/test/player/menu6_bag_test.dart: nine rows fit reference list with fixed pockets and footer
00:04 +32: /Users/karim/Project/pokemonProject/packages/map_player_ui/test/player/menu6_bag_test.dart: nine rows fit reference list with fixed pockets and footer
00:04 +33: /Users/karim/Project/pokemonProject/packages/map_player_ui/test/player/menu6_bag_test.dart: nine rows fit reference list with fixed pockets and footer
00:04 +34: /Users/karim/Project/pokemonProject/packages/map_player_ui/test/player/menu6_bag_test.dart: nine rows fit reference list with fixed pockets and footer
00:04 +35: /Users/karim/Project/pokemonProject/packages/map_player_ui/test/player/menu6_bag_test.dart: nine rows fit reference list with fixed pockets and footer
00:04 +36: /Users/karim/Project/pokemonProject/packages/map_player_ui/test/player/menu5_party_test.dart: missing images retain member labels through rapid focus changes
00:04 +37: /Users/karim/Project/pokemonProject/packages/map_player_ui/test/player/menu6_bag_test.dart: real surface router supplies the bag money theme without an outer scope
00:04 +38: /Users/karim/Project/pokemonProject/packages/map_player_ui/test/player/menu5_party_test.dart: late image completion cannot replace the newly selected member
00:04 +39: /Users/karim/Project/pokemonProject/packages/map_player_ui/test/player/menu6_bag_test.dart: pockets restore selected item and empty pockets remain available
00:04 +40: /Users/karim/Project/pokemonProject/packages/map_player_ui/test/player/menu6_bag_test.dart: last unit removed selects nearest item and keeps canonical quantity
00:04 +41: /Users/karim/Project/pokemonProject/packages/map_player_ui/test/player/menu6_bag_test.dart: bag list and detail readable at Size(1440.0, 900.0) text 1.0
00:05 +42: /Users/karim/Project/pokemonProject/packages/map_player_ui/test/player/menu6_bag_test.dart: bag list and detail readable at Size(1440.0, 900.0) text 2.0
00:05 +43: /Users/karim/Project/pokemonProject/packages/map_player_ui/test/player/player_pokemon_summary_parity_test.dart: BETA-PTY-001 Party and PC render one shared sheet the same summary renders identical text on both surfaces
00:05 +44: /Users/karim/Project/pokemonProject/packages/map_player_ui/test/player/player_pokemon_summary_parity_test.dart: BETA-PTY-001 Party and PC render one shared sheet the same summary renders identical text on both surfaces
00:05 +45: /Users/karim/Project/pokemonProject/packages/map_player_ui/test/player/player_pokemon_summary_parity_test.dart: BETA-PTY-001 Party and PC render one shared sheet the same summary renders identical text on both surfaces
00:05 +46: /Users/karim/Project/pokemonProject/packages/map_player_ui/test/player/player_pokemon_summary_parity_test.dart: BETA-PTY-001 Party and PC render one shared sheet the same summary renders identical text on both surfaces
00:05 +47: /Users/karim/Project/pokemonProject/packages/map_player_ui/test/player/player_pokemon_summary_parity_test.dart: BETA-PTY-001 Party and PC render one shared sheet the same summary renders identical text on both surfaces
00:06 +48: /Users/karim/Project/pokemonProject/packages/map_player_ui/test/player/menu6_bag_test.dart: RuntimePlayerBagUseTargetKind.partyMember with 4 moves requires confirmation and emits once
00:06 +49: /Users/karim/Project/pokemonProject/packages/map_player_ui/test/player/menu6_bag_test.dart: RuntimePlayerBagUseTargetKind.partyMember with 4 moves requires confirmation and emits once
00:06 +50: /Users/karim/Project/pokemonProject/packages/map_player_ui/test/player/menu6_bag_test.dart: RuntimePlayerBagUseTargetKind.partyMember with 4 moves requires confirmation and emits once
00:06 +51: /Users/karim/Project/pokemonProject/packages/map_player_ui/test/player/player_pokemon_summary_parity_test.dart: BETA-PTY-001 Party and PC render one shared sheet the HP gauge carries the same threshold as the battle HUD
00:06 +52: /Users/karim/Project/pokemonProject/packages/map_player_ui/test/player/menu6_bag_test.dart: RuntimePlayerBagUseTargetKind.partyMove with 4 moves requires confirmation and emits once
00:06 +53: /Users/karim/Project/pokemonProject/packages/map_player_ui/test/player/menu6_bag_test.dart: RuntimePlayerBagUseTargetKind.partyMove with 4 moves requires confirmation and emits once
00:06 +54: /Users/karim/Project/pokemonProject/packages/map_player_ui/test/player/menu6_bag_test.dart: RuntimePlayerBagUseTargetKind.partyMove with 4 moves requires confirmation and emits once
00:06 +55: /Users/karim/Project/pokemonProject/packages/map_player_ui/test/player/menu6_bag_test.dart: RuntimePlayerBagUseTargetKind.partyMove with 4 moves requires confirmation and emits once
00:06 +56: /Users/karim/Project/pokemonProject/packages/map_player_ui/test/player/menu6_bag_test.dart: RuntimePlayerBagUseTargetKind.partyMove with 4 moves requires confirmation and emits once
00:06 +57: /Users/karim/Project/pokemonProject/packages/map_player_ui/test/player/menu6_bag_test.dart: RuntimePlayerBagUseTargetKind.partyMoveReplacement with 2 moves requires confirmation and emits once
00:06 +58: /Users/karim/Project/pokemonProject/packages/map_player_ui/test/player/menu6_bag_test.dart: RuntimePlayerBagUseTargetKind.partyMoveReplacement with 4 moves requires confirmation and emits once
00:06 +59: /Users/karim/Project/pokemonProject/packages/map_player_ui/test/player/menu6_bag_test.dart: replacement back cancels each depth without teaching
00:06 +60: /Users/karim/Project/pokemonProject/packages/map_player_ui/test/player/menu6_bag_test.dart: two immediate use activations open only one target dialog
00:06 +61: /Users/karim/Project/pokemonProject/packages/map_player_ui/test/player/menu6_bag_test.dart: held Enter cannot advance bag target stages
00:06 +62: /Users/karim/Project/pokemonProject/packages/map_player_ui/test/player/menu6_bag_test.dart: held Enter cannot reopen bag use after completion
00:07 +63: /Users/karim/Project/pokemonProject/packages/map_player_ui/test/player/menu6_bag_test.dart: held Space cannot advance bag target stages
00:07 +64: /Users/karim/Project/pokemonProject/packages/map_player_ui/test/player/menu6_bag_test.dart: held Space cannot reopen bag use after completion
00:07 +65: /Users/karim/Project/pokemonProject/packages/map_player_ui/test/player/menu6_bag_test.dart: controller confirms every replacement stage without pointer input
00:07 +66: /Users/karim/Project/pokemonProject/packages/map_player_ui/test/player/menu6_bag_test.dart: long description scrolls with logical controller and keyboard
00:07 +67: /Users/karim/Project/pokemonProject/packages/map_player_ui/test/player/menu6_bag_test.dart: compact target cancellation restores visible use focus
00:07 +68: /Users/karim/Project/pokemonProject/packages/map_player_ui/test/player/menu6_bag_test.dart: logical controller reaches offscreen pockets and restores selection
00:07 +69: /Users/karim/Project/pokemonProject/packages/map_player_ui/test/player/menu6_bag_test.dart: favorite waits for persistence, filter updates and errors stay safe
00:07 +70: /Users/karim/Project/pokemonProject/packages/map_player_ui/test/player/menu6_bag_test.dart: late failed command after leaving bag does not mutate disposed UI
00:07 +71: /Users/karim/Project/pokemonProject/packages/map_player_ui/test/player/menu6_bag_test.dart: logical controller selection opens compact detail and back restores list
00:08 +72: /Users/karim/Project/pokemonProject/packages/map_player_ui/test/player/menu6_bag_test.dart: captures bag reference and compact layouts when requested
00:08 +72 ~1: /Users/karim/Project/pokemonProject/packages/map_player_ui/test/player/menu6_bag_test.dart: (tearDownAll)
00:08 +72 ~1: All tests passed!
