00:00 +0: loading /Users/karim/Project/pokemonProject/packages/map_player_ui/test/player/menu11_certification_test.dart
00:00 +0: (setUpAll)
00:00 +0: MENU11 macOS runtime-player-reduced-motion-toggle has a 48 pixel interactive target
══╡ EXCEPTION CAUGHT BY FLUTTER TEST FRAMEWORK ╞════════════════════════════════════════════════════
The following TestFailure was thrown running a test:
Expected: an object with length of <1>
  Actual: []
   Which: has length of <0>
The upper edge of a 48 pixel target must activate runtime-player-reduced-motion-toggle; actual
Switch bounds: Rect.fromLTRB(1284.0, 300.0, 1344.0, 340.0)

When the exception was thrown, this was the stack:
#4      main.<anonymous closure> (file:///Users/karim/Project/pokemonProject/packages/map_player_ui/test/player/menu11_certification_test.dart:171:7)
<asynchronous suspension>
#5      testWidgets.<anonymous closure>.<anonymous closure> (package:flutter_test/src/widget_tester.dart:192:15)
<asynchronous suspension>
#6      TestWidgetsFlutterBinding._runTestBody (package:flutter_test/src/binding.dart:1953:5)
<asynchronous suspension>
<asynchronous suspension>
(elided one frame from package:stack_trace)

This was caught by the test expectation on the following line:
  file:///Users/karim/Project/pokemonProject/packages/map_player_ui/test/player/menu11_certification_test.dart line 171
The test description was:
  MENU11 macOS runtime-player-reduced-motion-toggle has a 48 pixel interactive target
════════════════════════════════════════════════════════════════════════════════════════════════════
00:01 +0 -1: MENU11 macOS runtime-player-reduced-motion-toggle has a 48 pixel interactive target [E]
  Test failed. See exception logs above.
  The test description was: MENU11 macOS runtime-player-reduced-motion-toggle has a 48 pixel interactive target

00:01 +0 -1: MENU11 macOS runtime-player-high-contrast-toggle has a 48 pixel interactive target
══╡ EXCEPTION CAUGHT BY FLUTTER TEST FRAMEWORK ╞════════════════════════════════════════════════════
The following TestFailure was thrown running a test:
Expected: an object with length of <1>
  Actual: []
   Which: has length of <0>
The upper edge of a 48 pixel target must activate runtime-player-high-contrast-toggle; actual Switch
bounds: Rect.fromLTRB(1284.0, 376.0, 1344.0, 416.0)

When the exception was thrown, this was the stack:
#4      main.<anonymous closure> (file:///Users/karim/Project/pokemonProject/packages/map_player_ui/test/player/menu11_certification_test.dart:171:7)
<asynchronous suspension>
#5      testWidgets.<anonymous closure>.<anonymous closure> (package:flutter_test/src/widget_tester.dart:192:15)
<asynchronous suspension>
#6      TestWidgetsFlutterBinding._runTestBody (package:flutter_test/src/binding.dart:1953:5)
<asynchronous suspension>
<asynchronous suspension>
(elided one frame from package:stack_trace)

This was caught by the test expectation on the following line:
  file:///Users/karim/Project/pokemonProject/packages/map_player_ui/test/player/menu11_certification_test.dart line 171
The test description was:
  MENU11 macOS runtime-player-high-contrast-toggle has a 48 pixel interactive target
════════════════════════════════════════════════════════════════════════════════════════════════════
00:01 +0 -2: MENU11 macOS runtime-player-high-contrast-toggle has a 48 pixel interactive target [E]
  Test failed. See exception logs above.
  The test description was: MENU11 macOS runtime-player-high-contrast-toggle has a 48 pixel interactive target

00:01 +0 -2: (tearDownAll)
00:01 +0 -2: Some tests failed.

Failing tests:
  /Users/karim/Project/pokemonProject/packages/map_player_ui/test/player/menu11_certification_test.dart: MENU11 macOS runtime-player-high-contrast-toggle has a 48 pixel interactive target
  /Users/karim/Project/pokemonProject/packages/map_player_ui/test/player/menu11_certification_test.dart: MENU11 macOS runtime-player-reduced-motion-toggle has a 48 pixel interactive target
