Resolving dependencies...
Downloading packages...
  _fe_analyzer_shared 96.0.0 (107.0.0 available)
  analyzer 10.2.0 (14.3.0 available)
  archive 4.0.9 (4.2.0 available)
  build 4.0.7 (4.0.11 available)
  build_config 1.3.2 (1.3.3 available)
  build_daemon 4.1.5 (4.1.6 available)
  build_runner 2.15.1 (2.16.1 available)
  built_value 8.12.7 (8.13.0 available)
  clock 1.1.2 (1.1.3 available)
  dart_style 3.1.7 (3.1.13 available)
  flame 1.38.0 (1.38.2 available)
  freezed 3.2.5 (4.0.1 available)
  glob 2.1.3 (2.2.0 available)
  io 1.0.5 (1.1.0 available)
  jni_flutter 1.0.2 (1.0.3 available)
  material_color_utilities 0.13.0 (0.13.1 available)
  mime 2.0.0 (2.1.0 available)
  package_config 2.2.0 (3.0.0 available)
  pool 1.5.2 (1.5.3 available)
  pub_semver 2.2.0 (2.2.1 available)
  pubspec_parse 1.5.0 (1.6.0 available)
  source_gen 4.2.4 (4.3.0 available)
  stack_trace 1.12.1 (1.12.2 available)
  stream_transform 2.1.1 (2.1.2 available)
  test_api 0.7.12 (0.7.14 available)
  yaml 3.1.3 (3.1.4 available)
Got dependencies!
26 packages have newer versions incompatible with dependency constraints.
Try `flutter pub outdated` for more information.
00:00 +0: loading /Users/karim/Project/pokemonProject/packages/map_runtime/test/phase_a_golden_battle_slice_smoke_test.dart
00:00 +0: Phase A golden battle-ready slice smoke the versioned golden slice starts a real wild battle
[runtime_loader] bundle load start projectFilePath=/Users/karim/Project/pokemonProject/examples/playable_runtime_host/golden_battle_slice/project.json mapId=golden_field
[runtime_loader] project manifest lookup path=/Users/karim/Project/pokemonProject/examples/playable_runtime_host/golden_battle_slice/project.json
[runtime_loader] project manifest read ok bytes=2079
[runtime_loader] project manifest validated maps=1 tilesets=0 scenarios=0
[runtime_loader] bundle map resolved mapId=golden_field relativePath=maps/golden_field.json mapPath=/Users/karim/Project/pokemonProject/examples/playable_runtime_host/golden_battle_slice/maps/golden_field.json
[runtime_loader] map file lookup path=/Users/karim/Project/pokemonProject/examples/playable_runtime_host/golden_battle_slice/maps/golden_field.json
[runtime_loader] map file read ok bytes=1124
[runtime_loader] map validated id=golden_field size=4x3 layers=0 entities=2 placedElements=0 warps=0 triggers=0
[runtime_loader] bundle tilesets collected ids=
[runtime_loader] bundle load ok mapId=golden_field projectRoot=/Users/karim/Project/pokemonProject/examples/playable_runtime_host/golden_battle_slice tilesets=0
00:00 +1: Phase A golden battle-ready slice smoke the versioned golden slice starts a real trainer battle
[runtime_loader] bundle load start projectFilePath=/Users/karim/Project/pokemonProject/examples/playable_runtime_host/golden_battle_slice/project.json mapId=golden_field
[runtime_loader] project manifest lookup path=/Users/karim/Project/pokemonProject/examples/playable_runtime_host/golden_battle_slice/project.json
[runtime_loader] project manifest read ok bytes=2079
[runtime_loader] project manifest validated maps=1 tilesets=0 scenarios=0
[runtime_loader] bundle map resolved mapId=golden_field relativePath=maps/golden_field.json mapPath=/Users/karim/Project/pokemonProject/examples/playable_runtime_host/golden_battle_slice/maps/golden_field.json
[runtime_loader] map file lookup path=/Users/karim/Project/pokemonProject/examples/playable_runtime_host/golden_battle_slice/maps/golden_field.json
[runtime_loader] map file read ok bytes=1124
[runtime_loader] map validated id=golden_field size=4x3 layers=0 entities=2 placedElements=0 warps=0 triggers=0
[runtime_loader] bundle tilesets collected ids=
[runtime_loader] bundle load ok mapId=golden_field projectRoot=/Users/karim/Project/pokemonProject/examples/playable_runtime_host/golden_battle_slice tilesets=0
00:00 +2: Phase A golden battle-ready slice smoke the versioned golden slice resolves distinct wild and trainer backgrounds
[runtime_loader] bundle load start projectFilePath=/Users/karim/Project/pokemonProject/examples/playable_runtime_host/golden_battle_slice/project.json mapId=golden_field
[runtime_loader] project manifest lookup path=/Users/karim/Project/pokemonProject/examples/playable_runtime_host/golden_battle_slice/project.json
[runtime_loader] project manifest read ok bytes=2079
[runtime_loader] project manifest validated maps=1 tilesets=0 scenarios=0
[runtime_loader] bundle map resolved mapId=golden_field relativePath=maps/golden_field.json mapPath=/Users/karim/Project/pokemonProject/examples/playable_runtime_host/golden_battle_slice/maps/golden_field.json
[runtime_loader] map file lookup path=/Users/karim/Project/pokemonProject/examples/playable_runtime_host/golden_battle_slice/maps/golden_field.json
[runtime_loader] map file read ok bytes=1124
[runtime_loader] map validated id=golden_field size=4x3 layers=0 entities=2 placedElements=0 warps=0 triggers=0
[runtime_loader] bundle tilesets collected ids=
[runtime_loader] bundle load ok mapId=golden_field projectRoot=/Users/karim/Project/pokemonProject/examples/playable_runtime_host/golden_battle_slice tilesets=0
00:00 +3: All tests passed!
