00:00 +0: loading /Users/karim/Project/pokemonProject/packages/map_player_ui/test/player/menu11_modal_context_test.dart
00:00 +0: (setUpAll)
00:00 +0: bag confirmation preserves nested session context: session effects
══╡ EXCEPTION CAUGHT BY FLUTTER TEST FRAMEWORK ╞════════════════════════════════════════════════════
The following TestFailure was thrown running a test:
Expected: {
            'locale': Locale:fr,
            'playerLocale': Locale:fr,
            'scale': 2.0,
            'reducedMotion': true,
            'padding': EdgeInsets:EdgeInsets(24.0, 30.0, 24.0, 20.0),
            'opaque': true,
            'effects': RuntimePlayerMenuEffects:RuntimePlayerMenuEffects.opaque
          }
  Actual: {
            'locale': Locale:fr,
            'playerLocale': Locale:en,
            'scale': 2.0,
            'reducedMotion': true,
            'padding': EdgeInsets:EdgeInsets(24.0, 30.0, 24.0, 20.0),
            'opaque': true,
            'effects': RuntimePlayerMenuEffects:RuntimePlayerMenuEffects.opaque
          }
   Which: at location ['playerLocale'] is Locale:<en> instead of Locale:<fr>

When the exception was thrown, this was the stack:
#4      _expectModalContext (file:///Users/karim/Project/pokemonProject/packages/map_player_ui/test/player/menu11_modal_context_test.dart:159:3)
#5      main.<anonymous closure> (file:///Users/karim/Project/pokemonProject/packages/map_player_ui/test/player/menu11_modal_context_test.dart:31:7)
<asynchronous suspension>
#6      testWidgets.<anonymous closure>.<anonymous closure> (package:flutter_test/src/widget_tester.dart:192:15)
<asynchronous suspension>
#7      TestWidgetsFlutterBinding._runTestBody (package:flutter_test/src/binding.dart:1953:5)
<asynchronous suspension>
<asynchronous suspension>
(elided one frame from package:stack_trace)

This was caught by the test expectation on the following line:
  file:///Users/karim/Project/pokemonProject/packages/map_player_ui/test/player/menu11_modal_context_test.dart line 159
The test description was:
  bag confirmation preserves nested session context: session effects
════════════════════════════════════════════════════════════════════════════════════════════════════
00:01 +0 -1: bag confirmation preserves nested session context: session effects [E]
  Test failed. See exception logs above.
  The test description was: bag confirmation preserves nested session context: session effects

00:01 +0 -1: party actions preserve nested session context: session effects
00:01 +1 -1: held item dialog preserves nested session context: session effects
00:01 +2 -1: summary dialog preserves nested session context: session effects
══╡ EXCEPTION CAUGHT BY FLUTTER TEST FRAMEWORK ╞════════════════════════════════════════════════════
The following TestFailure was thrown running a test:
Expected: {
            'locale': Locale:fr,
            'playerLocale': Locale:fr,
            'scale': 2.0,
            'reducedMotion': true,
            'padding': EdgeInsets:EdgeInsets(24.0, 30.0, 24.0, 20.0),
            'opaque': true,
            'effects': RuntimePlayerMenuEffects:RuntimePlayerMenuEffects.opaque
          }
  Actual: {
            'locale': Locale:fr,
            'playerLocale': Locale:en,
            'scale': 2.0,
            'reducedMotion': true,
            'padding': EdgeInsets:EdgeInsets(24.0, 30.0, 24.0, 20.0),
            'opaque': true,
            'effects': RuntimePlayerMenuEffects:RuntimePlayerMenuEffects.opaque
          }
   Which: at location ['playerLocale'] is Locale:<en> instead of Locale:<fr>

When the exception was thrown, this was the stack:
#4      _expectModalContext (file:///Users/karim/Project/pokemonProject/packages/map_player_ui/test/player/menu11_modal_context_test.dart:159:3)
#5      main.<anonymous closure> (file:///Users/karim/Project/pokemonProject/packages/map_player_ui/test/player/menu11_modal_context_test.dart:90:7)
<asynchronous suspension>
#6      testWidgets.<anonymous closure>.<anonymous closure> (package:flutter_test/src/widget_tester.dart:192:15)
<asynchronous suspension>
#7      TestWidgetsFlutterBinding._runTestBody (package:flutter_test/src/binding.dart:1953:5)
<asynchronous suspension>
<asynchronous suspension>
(elided one frame from package:stack_trace)

This was caught by the test expectation on the following line:
  file:///Users/karim/Project/pokemonProject/packages/map_player_ui/test/player/menu11_modal_context_test.dart line 159
The test description was:
  summary dialog preserves nested session context: session effects
════════════════════════════════════════════════════════════════════════════════════════════════════
00:01 +2 -2: summary dialog preserves nested session context: session effects [E]
  Test failed. See exception logs above.
  The test description was: summary dialog preserves nested session context: session effects

00:01 +2 -2: bag confirmation preserves nested session context: local opaque scope
══╡ EXCEPTION CAUGHT BY FLUTTER TEST FRAMEWORK ╞════════════════════════════════════════════════════
The following TestFailure was thrown running a test:
Expected: {
            'locale': Locale:fr,
            'playerLocale': Locale:fr,
            'scale': 2.0,
            'reducedMotion': true,
            'padding': EdgeInsets:EdgeInsets(24.0, 30.0, 24.0, 20.0),
            'opaque': true,
            'effects': RuntimePlayerMenuEffects:RuntimePlayerMenuEffects.full
          }
  Actual: {
            'locale': Locale:fr,
            'playerLocale': Locale:en,
            'scale': 2.0,
            'reducedMotion': true,
            'padding': EdgeInsets:EdgeInsets(24.0, 30.0, 24.0, 20.0),
            'opaque': true,
            'effects': RuntimePlayerMenuEffects:RuntimePlayerMenuEffects.full
          }
   Which: at location ['playerLocale'] is Locale:<en> instead of Locale:<fr>

When the exception was thrown, this was the stack:
#4      _expectModalContext (file:///Users/karim/Project/pokemonProject/packages/map_player_ui/test/player/menu11_modal_context_test.dart:159:3)
#5      main.<anonymous closure> (file:///Users/karim/Project/pokemonProject/packages/map_player_ui/test/player/menu11_modal_context_test.dart:31:7)
<asynchronous suspension>
#6      testWidgets.<anonymous closure>.<anonymous closure> (package:flutter_test/src/widget_tester.dart:192:15)
<asynchronous suspension>
#7      TestWidgetsFlutterBinding._runTestBody (package:flutter_test/src/binding.dart:1953:5)
<asynchronous suspension>
<asynchronous suspension>
(elided one frame from package:stack_trace)

This was caught by the test expectation on the following line:
  file:///Users/karim/Project/pokemonProject/packages/map_player_ui/test/player/menu11_modal_context_test.dart line 159
The test description was:
  bag confirmation preserves nested session context: local opaque scope
════════════════════════════════════════════════════════════════════════════════════════════════════
00:01 +2 -3: bag confirmation preserves nested session context: local opaque scope [E]
  Test failed. See exception logs above.
  The test description was: bag confirmation preserves nested session context: local opaque scope

00:01 +2 -3: party actions preserve nested session context: local opaque scope
00:01 +3 -3: held item dialog preserves nested session context: local opaque scope
00:02 +4 -3: summary dialog preserves nested session context: local opaque scope
══╡ EXCEPTION CAUGHT BY FLUTTER TEST FRAMEWORK ╞════════════════════════════════════════════════════
The following TestFailure was thrown running a test:
Expected: {
            'locale': Locale:fr,
            'playerLocale': Locale:fr,
            'scale': 2.0,
            'reducedMotion': true,
            'padding': EdgeInsets:EdgeInsets(24.0, 30.0, 24.0, 20.0),
            'opaque': true,
            'effects': RuntimePlayerMenuEffects:RuntimePlayerMenuEffects.full
          }
  Actual: {
            'locale': Locale:fr,
            'playerLocale': Locale:en,
            'scale': 2.0,
            'reducedMotion': true,
            'padding': EdgeInsets:EdgeInsets(24.0, 30.0, 24.0, 20.0),
            'opaque': true,
            'effects': RuntimePlayerMenuEffects:RuntimePlayerMenuEffects.full
          }
   Which: at location ['playerLocale'] is Locale:<en> instead of Locale:<fr>

When the exception was thrown, this was the stack:
#4      _expectModalContext (file:///Users/karim/Project/pokemonProject/packages/map_player_ui/test/player/menu11_modal_context_test.dart:159:3)
#5      main.<anonymous closure> (file:///Users/karim/Project/pokemonProject/packages/map_player_ui/test/player/menu11_modal_context_test.dart:90:7)
<asynchronous suspension>
#6      testWidgets.<anonymous closure>.<anonymous closure> (package:flutter_test/src/widget_tester.dart:192:15)
<asynchronous suspension>
#7      TestWidgetsFlutterBinding._runTestBody (package:flutter_test/src/binding.dart:1953:5)
<asynchronous suspension>
<asynchronous suspension>
(elided one frame from package:stack_trace)

This was caught by the test expectation on the following line:
  file:///Users/karim/Project/pokemonProject/packages/map_player_ui/test/player/menu11_modal_context_test.dart line 159
The test description was:
  summary dialog preserves nested session context: local opaque scope
════════════════════════════════════════════════════════════════════════════════════════════════════
00:02 +4 -4: summary dialog preserves nested session context: local opaque scope [E]
  Test failed. See exception logs above.
  The test description was: summary dialog preserves nested session context: local opaque scope

00:02 +4 -4: (tearDownAll)
00:02 +4 -4: Some tests failed.

Failing tests:
  /Users/karim/Project/pokemonProject/packages/map_player_ui/test/player/menu11_modal_context_test.dart: bag confirmation preserves nested session context: local opaque scope
  /Users/karim/Project/pokemonProject/packages/map_player_ui/test/player/menu11_modal_context_test.dart: bag confirmation preserves nested session context: session effects
  /Users/karim/Project/pokemonProject/packages/map_player_ui/test/player/menu11_modal_context_test.dart: summary dialog preserves nested session context: local opaque scope
  /Users/karim/Project/pokemonProject/packages/map_player_ui/test/player/menu11_modal_context_test.dart: summary dialog preserves nested session context: session effects
