00:00 +0: loading /Users/karim/Project/pokemonProject/packages/map_runtime/test/player/runtime_player_coordinator_pause_test.dart
00:00 +0: /Users/karim/Project/pokemonProject/packages/map_runtime/test/player/runtime_player_coordinator_pause_test.dart: pause projection failure replaces loading and supports resume and retry
00:00 +1: /Users/karim/Project/pokemonProject/packages/map_runtime/test/player/runtime_player_preferences_apply_test.dart: host defaults remain distinct from saved preferences across snapshots
00:00 +2: /Users/karim/Project/pokemonProject/packages/map_runtime/test/player/runtime_player_preferences_apply_test.dart: host defaults remain distinct from saved preferences across snapshots
00:00 +3: /Users/karim/Project/pokemonProject/packages/map_runtime/test/player/runtime_player_preferences_apply_test.dart: host defaults remain distinct from saved preferences across snapshots
00:00 +4: /Users/karim/Project/pokemonProject/packages/map_runtime/test/player/runtime_player_preferences_apply_test.dart: host defaults remain distinct from saved preferences across snapshots
00:00 +5: /Users/karim/Project/pokemonProject/packages/map_runtime/test/player/runtime_player_preferences_apply_test.dart: host defaults remain distinct from saved preferences across snapshots
00:00 +6: /Users/karim/Project/pokemonProject/packages/map_runtime/test/player/runtime_player_preferences_apply_test.dart: host defaults remain distinct from saved preferences across snapshots
00:00 +7: /Users/karim/Project/pokemonProject/packages/map_runtime/test/player/runtime_player_preferences_apply_test.dart: host defaults remain distinct from saved preferences across snapshots
00:00 +8: /Users/karim/Project/pokemonProject/packages/map_runtime/test/player/runtime_player_preferences_apply_test.dart: host defaults remain distinct from saved preferences across snapshots
00:00 +9: /Users/karim/Project/pokemonProject/packages/map_runtime/test/player/runtime_player_preferences_apply_test.dart: host defaults remain distinct from saved preferences across snapshots
00:00 +10: /Users/karim/Project/pokemonProject/packages/map_runtime/test/player/runtime_player_preferences_apply_test.dart: host defaults remain distinct from saved preferences across snapshots
00:00 +11: /Users/karim/Project/pokemonProject/packages/map_runtime/test/player/runtime_player_coordinator_pause_test.dart: returning to title clears the previous session profile
00:00 +12: /Users/karim/Project/pokemonProject/packages/map_runtime/test/player/runtime_player_preferences_apply_test.dart: launch and saved preferences reach the active runtime
00:00 +13: /Users/karim/Project/pokemonProject/packages/map_runtime/test/player/runtime_player_preferences_apply_test.dart: launch and saved preferences reach the active runtime
00:00 +14: /Users/karim/Project/pokemonProject/packages/map_runtime/test/player/runtime_player_coordinator_pause_test.dart: pause root exposes the approved actions and no contextual service
00:00 +15: /Users/karim/Project/pokemonProject/packages/map_runtime/test/player/runtime_player_preferences_apply_test.dart: failed preference persistence keeps the confirmed runtime values
00:00 +16: /Users/karim/Project/pokemonProject/packages/map_runtime/test/player/runtime_player_coordinator_lifecycle_test.dart: playing lifecycle pause and resume are idempotent
00:00 +17: /Users/karim/Project/pokemonProject/packages/map_runtime/test/player/runtime_player_coordinator_lifecycle_test.dart: playing lifecycle pause and resume are idempotent
00:00 +18: /Users/karim/Project/pokemonProject/packages/map_runtime/test/player/runtime_player_coordinator_lifecycle_test.dart: playing lifecycle pause and resume are idempotent
00:00 +19: /Users/karim/Project/pokemonProject/packages/map_runtime/test/player/runtime_player_coordinator_lifecycle_test.dart: playing lifecycle pause and resume are idempotent
00:00 +20: /Users/karim/Project/pokemonProject/packages/map_runtime/test/player/runtime_player_coordinator_lifecycle_test.dart: playing lifecycle pause and resume are idempotent
00:00 +21: /Users/karim/Project/pokemonProject/packages/map_runtime/test/player/runtime_player_coordinator_lifecycle_test.dart: playing lifecycle pause and resume are idempotent
00:00 +22: /Users/karim/Project/pokemonProject/packages/map_runtime/test/player/runtime_player_coordinator_lifecycle_test.dart: playing lifecycle pause and resume are idempotent
00:00 +23: /Users/karim/Project/pokemonProject/packages/map_runtime/test/player/runtime_player_coordinator_lifecycle_test.dart: playing lifecycle pause and resume are idempotent
00:00 +24: /Users/karim/Project/pokemonProject/packages/map_runtime/test/player/runtime_player_coordinator_lifecycle_test.dart: playing lifecycle pause and resume are idempotent
00:00 +25: /Users/karim/Project/pokemonProject/packages/map_runtime/test/player/runtime_player_coordinator_lifecycle_test.dart: playing lifecycle pause and resume are idempotent
00:00 +26: /Users/karim/Project/pokemonProject/packages/map_runtime/test/player/runtime_player_coordinator_lifecycle_test.dart: playing lifecycle pause and resume are idempotent
00:00 +27: /Users/karim/Project/pokemonProject/packages/map_runtime/test/player/runtime_player_coordinator_lifecycle_test.dart: playing lifecycle pause and resume are idempotent
00:00 +28: /Users/karim/Project/pokemonProject/packages/map_runtime/test/player/runtime_player_coordinator_lifecycle_test.dart: playing lifecycle pause and resume are idempotent
00:00 +29: /Users/karim/Project/pokemonProject/packages/map_runtime/test/player/runtime_player_coordinator_lifecycle_test.dart: playing lifecycle pause and resume are idempotent
00:00 +30: /Users/karim/Project/pokemonProject/packages/map_runtime/test/player/runtime_player_coordinator_lifecycle_test.dart: playing lifecycle pause and resume are idempotent
00:00 +31: /Users/karim/Project/pokemonProject/packages/map_runtime/test/player/runtime_player_coordinator_lifecycle_test.dart: playing lifecycle pause and resume are idempotent
00:00 +32: /Users/karim/Project/pokemonProject/packages/map_runtime/test/player/runtime_player_coordinator_lifecycle_test.dart: playing lifecycle pause and resume are idempotent
00:00 +33: /Users/karim/Project/pokemonProject/packages/map_runtime/test/player/runtime_player_coordinator_lifecycle_test.dart: playing lifecycle pause and resume are idempotent
00:00 +34: /Users/karim/Project/pokemonProject/packages/map_runtime/test/player/runtime_player_coordinator_lifecycle_test.dart: playing lifecycle pause and resume are idempotent
00:00 +35: /Users/karim/Project/pokemonProject/packages/map_runtime/test/player/runtime_player_save_race_test.dart: manual save rejects a missing checkpoint without issuing a receipt
00:00 +36: /Users/karim/Project/pokemonProject/packages/map_runtime/test/player/runtime_player_save_race_test.dart: manual save rejects a missing checkpoint without issuing a receipt
00:00 +37: /Users/karim/Project/pokemonProject/packages/map_runtime/test/player/runtime_player_save_race_test.dart: manual save rejects a missing checkpoint without issuing a receipt
00:00 +38: /Users/karim/Project/pokemonProject/packages/map_runtime/test/player/runtime_player_save_race_test.dart: manual save rejects a missing checkpoint without issuing a receipt
00:00 +39: /Users/karim/Project/pokemonProject/packages/map_runtime/test/player/runtime_player_save_race_test.dart: manual save rejects a missing checkpoint without issuing a receipt
00:00 +40: /Users/karim/Project/pokemonProject/packages/map_runtime/test/player/runtime_player_save_race_test.dart: manual save rejects a missing checkpoint without issuing a receipt
00:00 +41: /Users/karim/Project/pokemonProject/packages/map_runtime/test/player/runtime_player_save_race_test.dart: manual save rejects a missing checkpoint without issuing a receipt
00:00 +42: /Users/karim/Project/pokemonProject/packages/map_runtime/test/player/runtime_player_save_race_test.dart: manual save rejects a missing checkpoint without issuing a receipt
00:00 +43: /Users/karim/Project/pokemonProject/packages/map_runtime/test/player/menu5_party_commands_test.dart: equipHeldItem refreshes party without opening bag
00:00 +44: /Users/karim/Project/pokemonProject/packages/map_runtime/test/player/menu5_party_commands_test.dart: equipHeldItem refreshes party without opening bag
00:00 +45: /Users/karim/Project/pokemonProject/packages/map_runtime/test/player/menu5_party_commands_test.dart: equipHeldItem refreshes party without opening bag
00:00 +46: /Users/karim/Project/pokemonProject/packages/map_runtime/test/player/menu5_party_commands_test.dart: equipHeldItem refreshes party without opening bag
00:00 +47: /Users/karim/Project/pokemonProject/packages/map_runtime/test/player/menu5_party_commands_test.dart: equipHeldItem refreshes party without opening bag
00:00 +48: /Users/karim/Project/pokemonProject/packages/map_runtime/test/player/menu5_party_commands_test.dart: equipHeldItem refreshes party without opening bag
00:00 +49: /Users/karim/Project/pokemonProject/packages/map_runtime/test/player/menu5_party_commands_test.dart: equipHeldItem refreshes party without opening bag
00:00 +50: /Users/karim/Project/pokemonProject/packages/map_runtime/test/player/menu5_party_commands_test.dart: equipHeldItem refreshes party without opening bag
00:00 +51: /Users/karim/Project/pokemonProject/packages/map_runtime/test/player/menu5_party_commands_test.dart: equipHeldItem refreshes party without opening bag
00:00 +52: /Users/karim/Project/pokemonProject/packages/map_runtime/test/player/menu5_party_commands_test.dart: equipHeldItem refreshes party without opening bag
00:00 +53: /Users/karim/Project/pokemonProject/packages/map_runtime/test/player/menu5_party_commands_test.dart: equipHeldItem refreshes party without opening bag
00:00 +54: /Users/karim/Project/pokemonProject/packages/map_runtime/test/player/menu5_party_commands_test.dart: unequipHeldItem refreshes party without opening bag
00:00 +55: /Users/karim/Project/pokemonProject/packages/map_runtime/test/player/menu5_party_commands_test.dart: held item remains available with party visible and bag hidden
00:00 +56: /Users/karim/Project/pokemonProject/packages/map_runtime/test/player/menu5_party_commands_test.dart: refused held item publishes safe feedback on the current party
00:00 +57: /Users/karim/Project/pokemonProject/packages/map_runtime/test/player/menu5_party_commands_test.dart: party bag channel rejects useBagItem
00:00 +58: /Users/karim/Project/pokemonProject/packages/map_runtime/test/player/menu5_party_commands_test.dart: party bag channel rejects reorderPartyMember
00:00 +59: /Users/karim/Project/pokemonProject/packages/map_runtime/test/player/menu5_party_commands_test.dart: bag channel rejects a reorder payload even while bag is open
00:00 +60: /Users/karim/Project/pokemonProject/packages/map_runtime/test/player/menu5_party_commands_test.dart: equipHeldItem is dispatched once during delayed refresh
00:00 +61: /Users/karim/Project/pokemonProject/packages/map_runtime/test/player/menu5_party_commands_test.dart: reorderPartyMember is dispatched once during delayed refresh
00:00 +62: All tests passed!
