Resolving dependencies...
Downloading packages...
  _fe_analyzer_shared 96.0.0 (107.0.0 available)
  analyzer 10.2.0 (14.3.0 available)
  archive 4.0.9 (4.2.0 available)
  build 4.0.7 (4.0.11 available)
  build_config 1.3.2 (1.3.3 available)
  build_daemon 4.1.5 (4.1.6 available)
  build_runner 2.15.1 (2.16.1 available)
  built_value 8.12.7 (8.13.0 available)
  clock 1.1.2 (1.1.3 available)
  dart_style 3.1.7 (3.1.13 available)
  flame 1.38.0 (1.38.2 available)
  freezed 3.2.5 (4.0.1 available)
  glob 2.1.3 (2.2.0 available)
  io 1.0.5 (1.1.0 available)
  jni_flutter 1.0.2 (1.0.3 available)
  material_color_utilities 0.13.0 (0.13.1 available)
  mime 2.0.0 (2.1.0 available)
  package_config 2.2.0 (3.0.0 available)
  pool 1.5.2 (1.5.3 available)
  pub_semver 2.2.0 (2.2.1 available)
  pubspec_parse 1.5.0 (1.6.0 available)
  source_gen 4.2.4 (4.3.0 available)
  stack_trace 1.12.1 (1.12.2 available)
  stream_transform 2.1.1 (2.1.2 available)
  test_api 0.7.12 (0.7.14 available)
  yaml 3.1.3 (3.1.4 available)
Got dependencies!
26 packages have newer versions incompatible with dependency constraints.
Try `flutter pub outdated` for more information.
00:00 +0: loading /Users/karim/Project/pokemonProject/packages/map_runtime/test/player/runtime_player_coordinator_pause_test.dart
00:00 +0: bag refresh failure rejects a queued duplicate mutation
00:00 +0 -1: bag refresh failure rejects a queued duplicate mutation [E]
  Expected: an object with length of <1>
    Actual: [
              Instance of 'RuntimePlayerPauseCommand',
              Instance of 'RuntimePlayerPauseCommand'
            ]
     Which: has length of <2>

  package:matcher                                               expect
  package:flutter_test/src/widget_tester.dart 473:18            expect
  test/player/runtime_player_coordinator_pause_test.dart 182:7  main.<fn>

00:00 +0 -1: party refresh failure rejects a queued duplicate mutation
00:00 +0 -2: party refresh failure rejects a queued duplicate mutation [E]
  Expected: an object with length of <1>
    Actual: [
              Instance of 'RuntimePlayerPauseCommand',
              Instance of 'RuntimePlayerPauseCommand'
            ]
     Which: has length of <2>

  package:matcher                                               expect
  package:flutter_test/src/widget_tester.dart 473:18            expect
  test/player/runtime_player_coordinator_pause_test.dart 182:7  main.<fn>

00:00 +0 -2: Some tests failed.

Failing tests:
  /Users/karim/Project/pokemonProject/packages/map_runtime/test/player/runtime_player_coordinator_pause_test.dart: bag refresh failure rejects a queued duplicate mutation
  /Users/karim/Project/pokemonProject/packages/map_runtime/test/player/runtime_player_coordinator_pause_test.dart: party refresh failure rejects a queued duplicate mutation
