00:00 +0: loading test/domains/maps/map_catalog_safety_test.dart
00:00 +0: test/domains/maps/map_catalog_safety_test.dart: duplicate refuses authored fields unsupported by its codec
00:00 +1: test/domains/maps/map_catalog_safety_test.dart: duplicate assigns an explicit folder in the same two-file draft
00:00 +2: test/domains/maps/map_catalog_safety_test.dart: duplicate assigns an explicit folder in the same two-file draft
00:00 +3: test/domains/maps/map_catalog_dependency_contract_test.dart: a global consumed-event condition protects its defining map
00:00 +4: test/domains/maps/map_catalog_dependency_contract_test.dart: a global consumed-event condition protects its defining map
00:00 +5: test/domains/maps/map_catalog_dependency_contract_test.dart: a global consumed-event condition protects its defining map
00:00 +6: test/domains/maps/map_catalog_dependency_contract_test.dart: a global consumed-event condition protects its defining map
00:00 +7: test/domains/maps/map_catalog_dependency_contract_test.dart: a global consumed-event condition protects its defining map
00:00 +8: test/domains/maps/map_catalog_dependency_contract_test.dart: a global consumed-event condition protects its defining map
00:00 +9: test/domains/maps/map_catalog_dependency_contract_test.dart: a global consumed-event condition protects its defining map
00:00 +10: test/domains/maps/map_catalog_dependency_contract_test.dart: a global consumed-event condition protects its defining map
00:00 +11: test/domains/maps/map_catalog_dependency_contract_test.dart: a global consumed-event condition protects its defining map
00:00 +12: test/domains/maps/map_catalog_dependency_contract_test.dart: a global consumed-event condition protects its defining map
00:00 +13: test/domains/maps/map_catalog_dependency_contract_test.dart: a global consumed-event condition protects its defining map
00:00 +14: test/domains/maps/map_catalog_dependency_contract_test.dart: a global consumed-event condition protects its defining map
00:00 +15: test/domains/maps/map_catalog_dependency_contract_test.dart: a global consumed-event condition protects its defining map
00:00 +16: test/domains/maps/map_catalog_transport_test.dart: directApi preserves folder duplication and canonical resize/delete protections
00:00 +17: test/domains/maps/map_catalog_transport_test.dart: directApi preserves folder duplication and canonical resize/delete protections
00:00 +18: test/domains/maps/map_catalog_transport_test.dart: directApi preserves folder duplication and canonical resize/delete protections
00:00 +19: test/domains/maps/map_catalog_transport_test.dart: directApi preserves folder duplication and canonical resize/delete protections
00:00 +20: test/domains/maps/map_catalog_transport_test.dart: directApi preserves folder duplication and canonical resize/delete protections
00:00 +21: test/domains/maps/map_catalog_transport_test.dart: directApi preserves folder duplication and canonical resize/delete protections
00:00 +22: test/domains/maps/map_catalog_transport_test.dart: directApi preserves folder duplication and canonical resize/delete protections
00:00 +23: test/domains/maps/map_catalog_transport_test.dart: directApi preserves folder duplication and canonical resize/delete protections
00:00 +24: test/domains/maps/map_catalog_transport_test.dart: directApi preserves folder duplication and canonical resize/delete protections
00:00 +25: test/domains/maps/map_catalog_transport_test.dart: directApi preserves folder duplication and canonical resize/delete protections
00:00 +26: test/domains/maps/map_catalog_transport_test.dart: directApi preserves folder duplication and canonical resize/delete protections
00:00 +27: test/domains/maps/map_catalog_transport_test.dart: directApi preserves folder duplication and canonical resize/delete protections
00:00 +28: test/domains/maps/map_catalog_transport_test.dart: directApi preserves folder duplication and canonical resize/delete protections
00:00 +29: test/domains/maps/map_catalog_transport_test.dart: directApi preserves folder duplication and canonical resize/delete protections
00:00 +30: test/domains/maps/map_catalog_transport_test.dart: directApi preserves folder duplication and canonical resize/delete protections
00:00 +31: test/domains/maps/map_catalog_transport_test.dart: directApi preserves folder duplication and canonical resize/delete protections
00:00 +32: test/domains/maps/map_catalog_transport_test.dart: directApi preserves folder duplication and canonical resize/delete protections
00:00 +33: test/domains/maps/map_catalog_transport_test.dart: directApi preserves folder duplication and canonical resize/delete protections
00:00 +34: test/domains/maps/map_catalog_transport_test.dart: directApi preserves folder duplication and canonical resize/delete protections
00:00 +35: test/domains/maps/map_catalog_transport_test.dart: directApi preserves folder duplication and canonical resize/delete protections
00:00 +36: test/domains/maps/map_catalog_transport_test.dart: directApi preserves folder duplication and canonical resize/delete protections
00:00 +37: test/domains/maps/map_catalog_transport_test.dart: directApi preserves folder duplication and canonical resize/delete protections
00:00 +38: test/domains/maps/map_catalog_transport_test.dart: directApi preserves folder duplication and canonical resize/delete protections
00:00 +39: test/domains/maps/map_lifecycle_transaction_test.dart: LocalMapAuthoringMutationApi lifecycle duplicate is independently editable and never publishes its source
00:00 +40: test/domains/maps/map_catalog_transport_test.dart: jsonl preserves folder duplication and canonical resize/delete protections
00:00 +41: test/domains/maps/map_catalog_transport_test.dart: jsonl preserves folder duplication and canonical resize/delete protections
00:01 +42: test/domains/maps/map_catalog_transport_test.dart: jsonl preserves folder duplication and canonical resize/delete protections
00:01 +43: test/domains/maps/map_catalog_transport_test.dart: jsonl preserves folder duplication and canonical resize/delete protections
00:01 +44: test/domains/maps/map_lifecycle_transaction_test.dart: LocalMapAuthoringMutationApi lifecycle requires one-use confirmation for destructive deletion
00:01 +45: test/domains/maps/map_lifecycle_transaction_test.dart: LocalMapAuthoringMutationApi lifecycle recovers manifest plus map after a crash between promotions
00:01 +46: test/domains/maps/map_lifecycle_transaction_test.dart: LocalMapAuthoringMutationApi lifecycle rejects history after the project handle expires
00:01 +47: test/domains/maps/map_lifecycle_transaction_test.dart: LocalMapAuthoringMutationApi lifecycle rejects recovery without promoting after the handle expires
00:01 +48: test/domains/maps/map_lifecycle_transaction_test.dart: LocalMapAuthoringMutationApi lifecycle audits denied and failed recovery attempts
00:01 +49: All tests passed!
