00:00 +0: loading /private/tmp/uwu2-baseline-snapshot/apps/avelune_studio/test/map_workspace/map_catalogue_host_test.dart
00:00 +0: /private/tmp/uwu2-baseline-snapshot/apps/avelune_studio/test/map_workspace/map_catalogue_host_test.dart: Clairbois creates edits saves and renames without changing existing identities
00:09 +1: /private/tmp/uwu2-baseline-snapshot/apps/avelune_studio/test/map_workspace/map_catalogue_host_test.dart: Clairbois creates edits saves and renames without changing existing identities
══╡ EXCEPTION CAUGHT BY FLUTTER TEST FRAMEWORK ╞════════════════════════════════════════════════════
The following TestFailure was thrown running a test:
Expected: true
  Actual: <false>

When the exception was thrown, this was the stack:
#4      playCreatedClairbois.waitUntil (file:///private/tmp/uwu2-baseline-snapshot/apps/avelune_studio/test/support/clairbois_player_recipe.dart:38:5)
<asynchronous suspension>
#5      playCreatedClairbois (file:///private/tmp/uwu2-baseline-snapshot/apps/avelune_studio/test/support/clairbois_player_recipe.dart:42:3)
<asynchronous suspension>
#6      main.<anonymous closure> (file:///private/tmp/uwu2-baseline-snapshot/apps/avelune_studio/test/map_workspace/map_catalogue_host_test.dart:90:7)
<asynchronous suspension>
#7      testWidgets.<anonymous closure>.<anonymous closure> (package:flutter_test/src/widget_tester.dart:192:15)
<asynchronous suspension>
#8      TestWidgetsFlutterBinding._runTestBody (package:flutter_test/src/binding.dart:1978:5)
<asynchronous suspension>
<asynchronous suspension>
(elided one frame from package:stack_trace)

This was caught by the test expectation on the following line:
  file:///private/tmp/uwu2-baseline-snapshot/apps/avelune_studio/test/support/clairbois_player_recipe.dart line 38
The test description was:
  Clairbois creates edits saves and renames without changing existing identities
════════════════════════════════════════════════════════════════════════════════════════════════════
00:21 +1 -1: /private/tmp/uwu2-baseline-snapshot/apps/avelune_studio/test/map_workspace/map_catalogue_groups_host_test.dart: real workspace organizes nested folders and preserves referenced maps
00:21 +1 -1: /private/tmp/uwu2-baseline-snapshot/apps/avelune_studio/test/map_workspace/map_catalogue_host_test.dart: Clairbois creates edits saves and renames without changing existing identities [E]
  Test failed. See exception logs above.
  The test description was: Clairbois creates edits saves and renames without changing existing identities
  
00:23 +2 -1: /private/tmp/uwu2-baseline-snapshot/apps/avelune_studio/test/map_workspace/map_catalogue_host_test.dart: empty project creates its first editable map using the project grid
00:24 +3 -1: /private/tmp/uwu2-baseline-snapshot/apps/avelune_studio/test/map_workspace/map_catalogue_groups_host_test.dart: dirty rename saves only its target and cancellation preserves work
00:28 +4 -1: /private/tmp/uwu2-baseline-snapshot/apps/avelune_studio/test/map_workspace/map_catalogue_groups_host_test.dart: dirty rename saves only its target and cancellation preserves work
00:30 +5 -1: /private/tmp/uwu2-baseline-snapshot/apps/avelune_studio/test/map_workspace/map_catalogue_home_entry_host_test.dart: all maps uses the same creation owner and reveals the new identity
00:32 +6 -1: /private/tmp/uwu2-baseline-snapshot/apps/avelune_studio/test/map_workspace/map_catalogue_home_entry_host_test.dart: all maps uses the same creation owner and reveals the new identity
00:32 +7 -1: /private/tmp/uwu2-baseline-snapshot/apps/avelune_studio/test/map_workspace/map_catalogue_home_entry_host_test.dart: all maps uses the same creation owner and reveals the new identity
00:32 +8 -1: /private/tmp/uwu2-baseline-snapshot/apps/avelune_studio/test/map_workspace/map_catalogue_home_entry_host_test.dart: all maps uses the same creation owner and reveals the new identity
00:32 +9 -1: /private/tmp/uwu2-baseline-snapshot/apps/avelune_studio/test/map_workspace/map_catalogue_home_entry_host_test.dart: all maps uses the same creation owner and reveals the new identity
00:32 +10 -1: /private/tmp/uwu2-baseline-snapshot/apps/avelune_studio/test/map_workspace/map_catalogue_home_entry_host_test.dart: all maps uses the same creation owner and reveals the new identity
00:32 +11 -1: /private/tmp/uwu2-baseline-snapshot/apps/avelune_studio/test/map_workspace/map_catalogue_home_entry_host_test.dart: all maps uses the same creation owner and reveals the new identity
00:32 +12 -1: /private/tmp/uwu2-baseline-snapshot/apps/avelune_studio/test/map_workspace/map_catalogue_home_entry_host_test.dart: all maps uses the same creation owner and reveals the new identity
00:33 +13 -1: /private/tmp/uwu2-baseline-snapshot/apps/avelune_studio/test/map_workspace/map_catalogue_home_entry_host_test.dart: all maps uses the same creation owner and reveals the new identity
00:34 +14 -1: /private/tmp/uwu2-baseline-snapshot/apps/avelune_studio/test/map_workspace/map_catalogue_home_entry_host_test.dart: all maps uses the same creation owner and reveals the new identity
00:34 +15 -1: /private/tmp/uwu2-baseline-snapshot/apps/avelune_studio/test/map_workspace/map_catalogue_home_entry_host_test.dart: all maps uses the same creation owner and reveals the new identity
00:35 +16 -1: /private/tmp/uwu2-baseline-snapshot/apps/avelune_studio/test/map_workspace/map_catalogue_home_entry_host_test.dart: all maps uses the same creation owner and reveals the new identity
00:35 +17 -1: /private/tmp/uwu2-baseline-snapshot/apps/avelune_studio/test/map_workspace/map_catalogue_home_entry_host_test.dart: all maps uses the same creation owner and reveals the new identity
00:36 +18 -1: /private/tmp/uwu2-baseline-snapshot/apps/avelune_studio/test/map_workspace/map_catalogue_home_entry_host_test.dart: all maps uses the same creation owner and reveals the new identity
00:37 +19 -1: /private/tmp/uwu2-baseline-snapshot/apps/avelune_studio/test/map_workspace/map_catalogue_home_entry_host_test.dart: all maps uses the same creation owner and reveals the new identity
00:37 +20 -1: /private/tmp/uwu2-baseline-snapshot/apps/avelune_studio/test/map_workspace/map_catalogue_home_entry_host_test.dart: all maps uses the same creation owner and reveals the new identity
00:37 +21 -1: /private/tmp/uwu2-baseline-snapshot/apps/avelune_studio/test/map_workspace/map_catalogue_home_entry_host_test.dart: all maps uses the same creation owner and reveals the new identity
00:38 +22 -1: /private/tmp/uwu2-baseline-snapshot/apps/avelune_studio/test/map_workspace/map_catalogue_home_entry_host_test.dart: all maps uses the same creation owner and reveals the new identity
00:39 +23 -1: /private/tmp/uwu2-baseline-snapshot/apps/avelune_studio/test/map_workspace/map_catalogue_home_entry_host_test.dart: all maps uses the same creation owner and reveals the new identity
00:39 +24 -1: /private/tmp/uwu2-baseline-snapshot/apps/avelune_studio/test/map_workspace/map_catalogue_home_entry_host_test.dart: all maps uses the same creation owner and reveals the new identity
00:43 +25 -1: /private/tmp/uwu2-baseline-snapshot/apps/avelune_studio/test/map_workspace/map_catalogue_home_entry_host_test.dart: all maps uses the same creation owner and reveals the new identity
00:44 +26 -1: /private/tmp/uwu2-baseline-snapshot/apps/avelune_studio/test/presentation/map_catalogue_dialog_layout_test.dart: creation form remains accessible at Size(1536.0, 1024.0) with enlarged text
00:45 +27 -1: /private/tmp/uwu2-baseline-snapshot/apps/avelune_studio/test/presentation/map_catalogue_dialog_keyboard_test.dart: focused input survives refusal and Enter cannot double submit
00:45 +28 -1: /private/tmp/uwu2-baseline-snapshot/apps/avelune_studio/test/presentation/map_catalogue_dialog_keyboard_test.dart: focused input survives refusal and Enter cannot double submit
00:45 +29 -1: /private/tmp/uwu2-baseline-snapshot/apps/avelune_studio/test/presentation/map_catalogue_dialog_keyboard_test.dart: focused input survives refusal and Enter cannot double submit
00:46 +30 -1: Some tests failed.

Failing tests:
  /private/tmp/uwu2-baseline-snapshot/apps/avelune_studio/test/map_workspace/map_catalogue_host_test.dart: Clairbois creates edits saves and renames without changing existing identities
