00:00 +0: loading /Users/karim/Project/pokemonProject/apps/avelune_studio/test/map_workspace/map_catalog_lifecycle_session_test.dart
test/map_workspace/map_catalog_lifecycle_session_test.dart:48:36: Error: The getter 'width' isn't defined for the type 'MapData'.
 - 'MapData' is from 'package:map_core/src/models/map_data.dart' ('../../packages/map_core/lib/src/models/map_data.dart').
Try correcting the name to the name of an existing getter, or defining a getter or field named 'width'.
    final width = document.current.width + 3;
                                   ^^^^^
test/map_workspace/map_catalog_lifecycle_session_test.dart:49:37: Error: The getter 'height' isn't defined for the type 'MapData'.
 - 'MapData' is from 'package:map_core/src/models/map_data.dart' ('../../packages/map_core/lib/src/models/map_data.dart').
Try correcting the name to the name of an existing getter, or defining a getter or field named 'height'.
    final height = document.current.height + 2;
                                    ^^^^^^
test/map_workspace/map_catalog_lifecycle_session_test.dart:57:29: Error: The getter 'width' isn't defined for the type 'MapData'.
 - 'MapData' is from 'package:map_core/src/models/map_data.dart' ('../../packages/map_core/lib/src/models/map_data.dart').
Try correcting the name to the name of an existing getter, or defining a getter or field named 'width'.
    expect(document.current.width, width);
                            ^^^^^
test/map_workspace/map_catalog_lifecycle_session_test.dart:58:29: Error: The getter 'height' isn't defined for the type 'MapData'.
 - 'MapData' is from 'package:map_core/src/models/map_data.dart' ('../../packages/map_core/lib/src/models/map_data.dart').
Try correcting the name to the name of an existing getter, or defining a getter or field named 'height'.
    expect(document.current.height, height);
                            ^^^^^^
00:00 +0 -1: loading /Users/karim/Project/pokemonProject/apps/avelune_studio/test/map_workspace/map_catalog_lifecycle_session_test.dart [E]
  Failed to load "/Users/karim/Project/pokemonProject/apps/avelune_studio/test/map_workspace/map_catalog_lifecycle_session_test.dart":
  Compilation failed for testPath=/Users/karim/Project/pokemonProject/apps/avelune_studio/test/map_workspace/map_catalog_lifecycle_session_test.dart: test/map_workspace/map_catalog_lifecycle_session_test.dart:48:36: Error: The getter 'width' isn't defined for the type 'MapData'.
   - 'MapData' is from 'package:map_core/src/models/map_data.dart' ('../../packages/map_core/lib/src/models/map_data.dart').
  Try correcting the name to the name of an existing getter, or defining a getter or field named 'width'.
      final width = document.current.width + 3;
                                     ^^^^^
  test/map_workspace/map_catalog_lifecycle_session_test.dart:49:37: Error: The getter 'height' isn't defined for the type 'MapData'.
   - 'MapData' is from 'package:map_core/src/models/map_data.dart' ('../../packages/map_core/lib/src/models/map_data.dart').
  Try correcting the name to the name of an existing getter, or defining a getter or field named 'height'.
      final height = document.current.height + 2;
                                      ^^^^^^
  test/map_workspace/map_catalog_lifecycle_session_test.dart:57:29: Error: The getter 'width' isn't defined for the type 'MapData'.
   - 'MapData' is from 'package:map_core/src/models/map_data.dart' ('../../packages/map_core/lib/src/models/map_data.dart').
  Try correcting the name to the name of an existing getter, or defining a getter or field named 'width'.
      expect(document.current.width, width);
                              ^^^^^
  test/map_workspace/map_catalog_lifecycle_session_test.dart:58:29: Error: The getter 'height' isn't defined for the type 'MapData'.
   - 'MapData' is from 'package:map_core/src/models/map_data.dart' ('../../packages/map_core/lib/src/models/map_data.dart').
  Try correcting the name to the name of an existing getter, or defining a getter or field named 'height'.
      expect(document.current.height, height);
                              ^^^^^^
  .
00:00 +0 -1: loading /Users/karim/Project/pokemonProject/apps/avelune_studio/test/map_workspace/map_lifecycle_host_test.dart
00:00 +0 -1: loading /Users/karim/Project/pokemonProject/apps/avelune_studio/test/map_workspace/map_catalog_lifecycle_session_test.dart [E]
  Error: The Dart compiler exited unexpectedly.
  package:flutter_tools/src/base/common.dart 34:3  throwToolExit
  package:flutter_tools/src/compile.dart 1021:11   DefaultResidentCompiler._compile.<fn>
  dart:async/future_impl.dart 961:45               Future._propagateToListeners.handleValueCallback
  dart:async/future_impl.dart 990:13               Future._propagateToListeners
  dart:async/future_impl.dart 874:9                Future._propagateToListeners
  dart:async/future_impl.dart 732:5                Future._completeWithValue
  dart:async/future_impl.dart 816:7                Future._asyncCompleteWithValue.<fn>
  dart:async/zone.dart 474:14                      Zone.runGuarded
  dart:async/zone.dart 604:18                      Zone.bindCallbackGuarded.<fn>
  dart:async/schedule_microtask.dart 40:35         _microtaskLoop
  dart:async/schedule_microtask.dart 49:5          _startMicrotaskLoop
  dart:isolate-patch/isolate_patch.dart 127:13     _runPendingImmediateCallback
  dart:isolate-patch/isolate_patch.dart 193:5      _RawReceivePort._handleMessage
  
00:00 +0 -1: /Users/karim/Project/pokemonProject/apps/avelune_studio/test/map_workspace/map_lifecycle_host_test.dart: workspace duplicates the saved source into an independent map
══╡ EXCEPTION CAUGHT BY FLUTTER TEST FRAMEWORK ╞════════════════════════════════════════════════════
The following StateError was thrown running a test:
Bad state: No element

When the exception was thrown, this was the stack:
#0      Iterable.last (dart:core/iterable.dart:679:7)
#1      _LastFinderMixin.filter (package:flutter_test/src/finders.dart:1410:28)
#3      _AncestorFinderMixin.allCandidates (package:flutter_test/src/finders.dart:1857:49)
#4      FinderBase.evaluate (package:flutter_test/src/finders.dart:1030:76)
#5      WidgetController.widgetList (package:flutter_test/src/controller.dart:848:19)
#6      WidgetController._maybeViewOf (package:flutter_test/src/controller.dart:795:34)
#7      WidgetController.tap (package:flutter_test/src/controller.dart:1078:31)
#8      MapCatalogueHostFixture.mapAction (file:///Users/karim/Project/pokemonProject/apps/avelune_studio/test/support/map_catalogue_host_fixture.dart:99:18)
<asynchronous suspension>
#9      main.<anonymous closure> (file:///Users/karim/Project/pokemonProject/apps/avelune_studio/test/map_workspace/map_lifecycle_host_test.dart:18:5)
<asynchronous suspension>
#10     testWidgets.<anonymous closure>.<anonymous closure> (package:flutter_test/src/widget_tester.dart:192:15)
<asynchronous suspension>
#11     TestWidgetsFlutterBinding._runTestBody (package:flutter_test/src/binding.dart:1953:5)
<asynchronous suspension>
<asynchronous suspension>
(elided 2 frames from dart:async-patch and package:stack_trace)

The test description was:
  workspace duplicates the saved source into an independent map
════════════════════════════════════════════════════════════════════════════════════════════════════
00:10 +0 -2: /Users/karim/Project/pokemonProject/apps/avelune_studio/test/map_workspace/map_lifecycle_host_test.dart: workspace duplicates the saved source into an independent map [E]
  Test failed. See exception logs above.
  The test description was: workspace duplicates the saved source into an independent map
  
00:10 +0 -2: /Users/karim/Project/pokemonProject/apps/avelune_studio/test/map_workspace/map_lifecycle_host_test.dart: workspace analyzes growth without writing then reloads new bounds
══╡ EXCEPTION CAUGHT BY FLUTTER TEST FRAMEWORK ╞════════════════════════════════════════════════════
The following StateError was thrown running a test:
Bad state: No element

When the exception was thrown, this was the stack:
#0      Iterable.last (dart:core/iterable.dart:679:7)
#1      _LastFinderMixin.filter (package:flutter_test/src/finders.dart:1410:28)
#3      _AncestorFinderMixin.allCandidates (package:flutter_test/src/finders.dart:1857:49)
#4      FinderBase.evaluate (package:flutter_test/src/finders.dart:1030:76)
#5      WidgetController.widgetList (package:flutter_test/src/controller.dart:848:19)
#6      WidgetController._maybeViewOf (package:flutter_test/src/controller.dart:795:34)
#7      WidgetController.tap (package:flutter_test/src/controller.dart:1078:31)
#8      MapCatalogueHostFixture.mapAction (file:///Users/karim/Project/pokemonProject/apps/avelune_studio/test/support/map_catalogue_host_fixture.dart:99:18)
<asynchronous suspension>
#9      main.<anonymous closure> (file:///Users/karim/Project/pokemonProject/apps/avelune_studio/test/map_workspace/map_lifecycle_host_test.dart:48:5)
<asynchronous suspension>
#10     testWidgets.<anonymous closure>.<anonymous closure> (package:flutter_test/src/widget_tester.dart:192:15)
<asynchronous suspension>
#11     TestWidgetsFlutterBinding._runTestBody (package:flutter_test/src/binding.dart:1953:5)
<asynchronous suspension>
<asynchronous suspension>
(elided 2 frames from dart:async-patch and package:stack_trace)

The test description was:
  workspace analyzes growth without writing then reloads new bounds
════════════════════════════════════════════════════════════════════════════════════════════════════
00:16 +0 -3: /Users/karim/Project/pokemonProject/apps/avelune_studio/test/map_workspace/map_lifecycle_host_test.dart: workspace analyzes growth without writing then reloads new bounds [E]
  Test failed. See exception logs above.
  The test description was: workspace analyzes growth without writing then reloads new bounds
  
00:16 +0 -3: /Users/karim/Project/pokemonProject/apps/avelune_studio/test/map_workspace/map_lifecycle_host_test.dart: workspace deletes only the confirmed map and retires its owner
══╡ EXCEPTION CAUGHT BY FLUTTER TEST FRAMEWORK ╞════════════════════════════════════════════════════
The following StateError was thrown running a test:
Bad state: No element

When the exception was thrown, this was the stack:
#0      Iterable.last (dart:core/iterable.dart:679:7)
#1      _LastFinderMixin.filter (package:flutter_test/src/finders.dart:1410:28)
#3      _AncestorFinderMixin.allCandidates (package:flutter_test/src/finders.dart:1857:49)
#4      FinderBase.evaluate (package:flutter_test/src/finders.dart:1030:76)
#5      WidgetController.widgetList (package:flutter_test/src/controller.dart:848:19)
#6      WidgetController._maybeViewOf (package:flutter_test/src/controller.dart:795:34)
#7      WidgetController.tap (package:flutter_test/src/controller.dart:1078:31)
#8      MapCatalogueHostFixture.mapAction (file:///Users/karim/Project/pokemonProject/apps/avelune_studio/test/support/map_catalogue_host_fixture.dart:99:18)
<asynchronous suspension>
#9      main.<anonymous closure> (file:///Users/karim/Project/pokemonProject/apps/avelune_studio/test/map_workspace/map_lifecycle_host_test.dart:81:5)
<asynchronous suspension>
#10     testWidgets.<anonymous closure>.<anonymous closure> (package:flutter_test/src/widget_tester.dart:192:15)
<asynchronous suspension>
#11     TestWidgetsFlutterBinding._runTestBody (package:flutter_test/src/binding.dart:1953:5)
<asynchronous suspension>
<asynchronous suspension>
(elided 2 frames from dart:async-patch and package:stack_trace)

The test description was:
  workspace deletes only the confirmed map and retires its owner
════════════════════════════════════════════════════════════════════════════════════════════════════
00:21 +0 -4: /Users/karim/Project/pokemonProject/apps/avelune_studio/test/map_workspace/map_lifecycle_host_test.dart: workspace deletes only the confirmed map and retires its owner [E]
  Test failed. See exception logs above.
  The test description was: workspace deletes only the confirmed map and retires its owner
  
00:21 +0 -4: Some tests failed.

Failing tests:
  /Users/karim/Project/pokemonProject/apps/avelune_studio/test/map_workspace/map_catalog_lifecycle_session_test.dart: loading /Users/karim/Project/pokemonProject/apps/avelune_studio/test/map_workspace/map_catalog_lifecycle_session_test.dart
  /Users/karim/Project/pokemonProject/apps/avelune_studio/test/map_workspace/map_lifecycle_host_test.dart: workspace analyzes growth without writing then reloads new bounds
  /Users/karim/Project/pokemonProject/apps/avelune_studio/test/map_workspace/map_lifecycle_host_test.dart: workspace deletes only the confirmed map and retires its owner
  /Users/karim/Project/pokemonProject/apps/avelune_studio/test/map_workspace/map_lifecycle_host_test.dart: workspace duplicates the saved source into an independent map
