00:00 +0: loading /Users/karim/Project/pokemonProject/apps/avelune_studio/test/map_workspace/map_catalog_lifecycle_session_test.dart
00:00 +0: /Users/karim/Project/pokemonProject/apps/avelune_studio/test/map_workspace/map_catalog_lifecycle_session_test.dart: duplicate publishes an independent copy while retaining the source
00:00 +1: /Users/karim/Project/pokemonProject/apps/avelune_studio/test/map_workspace/map_catalog_lifecycle_session_test.dart: duplicate publishes an independent copy while retaining the source
00:00 +2: /Users/karim/Project/pokemonProject/apps/avelune_studio/test/map_workspace/map_catalog_preparation_test.dart: duplicate destination may change without replacing the captured revision
00:00 +3: /Users/karim/Project/pokemonProject/apps/avelune_studio/test/map_workspace/map_catalog_lifecycle_session_test.dart: resize adopts the published content and retires obsolete geometry history
00:00 +4: /Users/karim/Project/pokemonProject/apps/avelune_studio/test/map_workspace/map_catalog_preparation_test.dart: a changed closed map invalidates a resize analysis before writing
00:00 +4 -1: /Users/karim/Project/pokemonProject/apps/avelune_studio/test/map_workspace/map_catalog_lifecycle_session_test.dart: deleting the active map selects a deterministic surviving map
00:00 +4 -1: /Users/karim/Project/pokemonProject/apps/avelune_studio/test/map_workspace/map_catalog_preparation_test.dart: a changed closed map invalidates a resize analysis before writing [E]
  Expected: {
              'maps/jardin.json': [
                123,
                10,
                32,
                32,
                34,
                105,
                100,
                34,
                58,
                32,
                34,
                106,
                97,
                114,
                100,
                105,
                110,
                34,
                44,
                10,
                32,
                32,
                34,
                110,
                ...
              ],
              'maps/clairiere.json': [
                123,
                34,
                105,
                100,
                34,
                58,
                34,
                99,
                108,
                97,
                105,
                114,
                105,
                101,
                114,
                101,
                34,
                44,
                34,
                110,
                97,
                109,
                101,
                34,
                ...
              ],
              'project.json': [
                123,
                10,
                32,
                32,
                34,
                110,
                97,
                109,
                101,
                34,
                58,
                32,
                34,
                65,
                118,
                101,
                108,
                117,
                110,
                101,
                32,
                194,
                183,
                32,
                ...
              ],
              'assets/atelier.png': [
                137,
                80,
                78,
                71,
                13,
                10,
                26,
                10,
                0,
                0,
                0,
                13,
                73,
                72,
                68,
                82,
                0,
                0,
                0,
                160,
                0,
                0,
                0,
                64,
                ...
              ]
            }
    Actual: {
              'maps/jardin.json': [
                123,
                10,
                32,
                32,
                34,
                105,
                100,
                34,
                58,
                32,
                34,
                106,
                97,
                114,
                100,
                105,
                110,
                34,
                44,
                10,
                32,
                32,
                34,
                110,
                ...
              ],
              'maps/clairiere.json': [
                123,
                34,
                105,
                100,
                34,
                58,
                34,
                99,
                108,
                97,
                105,
                114,
                105,
                101,
                114,
                101,
                34,
                44,
                34,
                110,
                97,
                109,
                101,
                34,
                ...
              ],
              'project.json': [
                123,
                10,
                32,
                32,
                34,
                110,
                97,
                109,
                101,
                34,
                58,
                32,
                34,
                65,
                118,
                101,
                108,
                117,
                110,
                101,
                32,
                194,
                183,
                32,
                ...
              ],
              '.pokemap/authoring/idempotency.jsonl.lock': [],
              'assets/atelier.png': [
                137,
                80,
                78,
                71,
                13,
                10,
                26,
                10,
                0,
                0,
                0,
                13,
                73,
                72,
                68,
                82,
                0,
                0,
                0,
                160,
                0,
                0,
                0,
                64,
                ...
              ]
            }
     Which: has different length and has extra map key '.pokemap/authoring/idempotency.jsonl.lock'
  
  package:matcher                                            expect
  package:flutter_test/src/widget_tester.dart 473:18         expect
  test/map_workspace/map_catalog_preparation_test.dart 76:7  main.<fn>
  
00:00 +5 -1: /Users/karim/Project/pokemonProject/apps/avelune_studio/test/map_workspace/map_catalog_lifecycle_session_test.dart: deleting the active map selects a deterministic surviving map
00:00 +6 -1: /Users/karim/Project/pokemonProject/apps/avelune_studio/test/map_workspace/map_catalog_preparation_test.dart: dirty incoming passage blocks deletion without saving its owner
00:00 +7 -1: /Users/karim/Project/pokemonProject/apps/avelune_studio/test/map_workspace/map_catalog_preparation_test.dart: same size is a no-op that preserves source bytes and geometry history
00:00 +7 -2: /Users/karim/Project/pokemonProject/apps/avelune_studio/test/map_workspace/map_catalog_preparation_test.dart: same size is a no-op that preserves source bytes and geometry history [E]
  Expected: true
    Actual: <false>
  Cette analyse ne permet pas la publication.
  
  package:matcher                                             expect
  package:flutter_test/src/widget_tester.dart 473:18          expect
  test/map_workspace/map_catalog_preparation_test.dart 165:7  main.<fn>
  
00:00 +7 -2: /Users/karim/Project/pokemonProject/apps/avelune_studio/test/map_workspace/map_catalog_preparation_test.dart: missing required map does not produce an unreferenced deletion
00:01 +8 -2: /Users/karim/Project/pokemonProject/apps/avelune_studio/test/map_workspace/map_catalog_lifecycle_races_test.dart: double launch is rejected while a preparation remains active
00:01 +9 -2: /Users/karim/Project/pokemonProject/apps/avelune_studio/test/map_workspace/map_catalog_async_reads_test.dart: moving a map retains an in-flight preview and its subsequent cache
00:01 +10 -2: /Users/karim/Project/pokemonProject/apps/avelune_studio/test/map_workspace/map_catalog_async_reads_test.dart: moving a map retains an in-flight preview and its subsequent cache
00:01 +11 -2: /Users/karim/Project/pokemonProject/apps/avelune_studio/test/map_workspace/map_catalog_async_reads_test.dart: moving a map retains an in-flight preview and its subsequent cache
00:01 +12 -2: /Users/karim/Project/pokemonProject/apps/avelune_studio/test/map_workspace/map_catalog_lifecycle_races_test.dart: failed refresh retains the duplicate receipt and never replays publication
00:02 +13 -2: /Users/karim/Project/pokemonProject/apps/avelune_studio/test/map_workspace/map_catalog_async_reads_test.dart: a stale preview cannot resurrect an old title
00:02 +14 -2: /Users/karim/Project/pokemonProject/apps/avelune_studio/test/map_workspace/map_catalog_lifecycle_races_test.dart: an unrelated neighbour draft survives resizing the active map
00:02 +15 -2: /Users/karim/Project/pokemonProject/apps/avelune_studio/test/map_workspace/map_catalog_async_reads_test.dart: a stale activation cannot resurrect an old title
00:02 +16 -2: /Users/karim/Project/pokemonProject/apps/avelune_studio/test/map_workspace/map_catalog_lifecycle_races_test.dart: same map identity in another project never accepts a prepared operation
00:02 +17 -2: /Users/karim/Project/pokemonProject/apps/avelune_studio/test/map_workspace/map_catalog_async_reads_test.dart: old preview cannot restore content after map.resize_apply
00:02 +18 -2: /Users/karim/Project/pokemonProject/apps/avelune_studio/test/map_workspace/map_catalog_async_reads_test.dart: old activation cannot restore content after map.resize_apply
00:02 +19 -2: /Users/karim/Project/pokemonProject/apps/avelune_studio/test/map_workspace/map_catalog_async_reads_test.dart: old preview cannot restore content after map.delete_apply
00:02 +20 -2: /Users/karim/Project/pokemonProject/apps/avelune_studio/test/map_workspace/map_catalog_async_reads_test.dart: old activation cannot restore content after map.delete_apply
00:07 +21 -2: /Users/karim/Project/pokemonProject/apps/avelune_studio/test/map_workspace/map_lifecycle_host_test.dart: workspace duplicates the saved source into an independent map
00:18 +22 -2: /Users/karim/Project/pokemonProject/apps/avelune_studio/test/map_workspace/map_lifecycle_host_test.dart: workspace duplicates the saved source into an independent map
══╡ EXCEPTION CAUGHT BY FLUTTER TEST FRAMEWORK ╞════════════════════════════════════════════════════
The following TestFailure was thrown running a test:
Expected: not _MapData:<MapData(id: studio_map_1790880497870137_copy, name: Copie indépendante,
size: GridSize(width: 32, height: 26), version: ProjectVersion.v8, visualStack:
MapVisualStackConfig(semanticsVersion: 1), tilesetId: arbre-feuillu, layers: [MapLayer.collision(id:
studio-collisions, name: Collisions, isVisible: true, opacity: 1.0, collisions: [false, false,
false, false, false, false, false, false, false, false, false, false, false, false, false, false,
false, false, false, false, false, false, false, false, false, false, false, false, false, false,
false, false, false, false, false, false, false, false, false, false, false, false, false, false,
false, false, false, false, false, false, false, false, false, false, false, false, false, false,
false, false, false, false, false, false, false, false, false, false, false, false, false, false,
false, false, false, false, false, false, false, false, false, false, false, false, false, false,
false, false, false, false, false, false, false, false, false, false, false, false, false, false,
false, false, false, false, false, false, false, false, false, false, false, false, false, false,
false, false, false, false, false, false, false, false, false, false, false, false, false, false,
false, false, false, false, false, false, false, false, false, false, false, false, false, false,
false, false, false, false, false, false, false, false, false, false, false, false, false, false,
false, false, false, false, false, false, false, false, false, false, false, false, false, false,
false, false, false, false, false, false, false, false, false, false, false, false, false, false,
false, false, false, false, false, false, false, false, false, false, false, false, false, false,
false, false, false, false, false, false, false, false, false, false, false, false, false, false,
false, false, false, false, false, false, false, false, false, false, false, false, false, false,
false, false, false, false, false, false, false, false, false, false, false, false, false, false,
false, false, false, false, false, false, false, false, false, false, false, false, false, false,
false, false, false, false, false, false, false, false, false, false, false, false, false, false,
false, false, false, false, false, false, false, false, false, false, false, false, false, false,
false, false, false, false, false, false, false, false, false, false, false, false, false, false,
false, false, false, false, false, false, false, false, false, false, false, false, false, false,
false, false, false, false, false, false, false, false, false, false, false, false, false, false,
false, false, false, false, false, false, false, false, false, false, false, false, false, false,
false, false, false, false, false, false, false, false, false, false, false, false, false, false,
false, false, false, false, false, false, false, false, false, false, false, false, false, false,
false, false, false, false, false, false, false, false, false, false, false, false, false, false,
false, false, false, false, false, false, false, false, false, false, false, false, false, false,
false, false, false, false, false, false, false, false, false, false, false, false, false, false,
false, false, false, false, false, false, false, false, false, false, false, false, false, false,
false, false, false, false, false, false, false, false, false, false, true, false, false, false,
false, false, false, false, false, false, false, false, false, false, false, false, false, false,
false, false, false, false, false, false, false, false, false, false, false, false, false, false,
false, false, false, false, false, false, false, false, false, false, false, false, false, false,
false, false, false, false, false, false, false, false, false, false, false, false, false, false,
false, false, false, false, false, false, false, false, false, false, false, false, false, false,
false, false, false, false, false, false, false, false, false, false, false, false, false, false,
false, false, false, false, false, false, false, false, false, false, false, false, false, false,
false, false, false, false, false, false, false, false, false, false, false, false, false, false,
false, false, false, false, false, false, false, false, false, false, false, false, false, false,
false, false, false, false, false, false, false, false, false, false, false, false, false, false,
false, false, false, false, false, false, false, false, false, false, false, false, false, false,
false, false, false, false, false, false, false, false, false, false, false, false, false, false,
false, false, false, false, false, false, false, false, false, false, false, false, false, false,
false, false, false, false, false, false, false, false, false, false, false, false, false, false,
false, false, false, false, false, false, false, false, false, false, false, false, false, false,
false, false, false, false, false, false, false, false, false, false, false, false, false, false,
false, false, false, false, false, false, false, false, false, false, false, false, false, false,
false, false, false, false, false, false, false, false, false, false, false, false, false, false,
false, false, false, false, false, false, false, false, false, false, false, false, false, false,
false, false, false, false, false, false, false, false, false, false, false, false, false, false,
false, false, false, false, false, false, false, false, false, false, false, false, false, false,
false, false, false, false, false, false, false, false, false, false, false, false, false, false,
false, false, false, false, false, false, false, false, false, false, false, false, false, false,
false, false, false, false, false, false, false, false, false, false, false, false, false, false,
false, false, false, false, false, false, false, false, false, false, false, false, false, false,
false, false, false, false, false, false, false, false, false, false, false, false, false, false,
false, false, false, false, false, false, false, false, false, false, false, false, false, false,
false, false, false, false, false, false, false, false, false, false, false, false, false, false,
false, false, false, false])], placedElements: [], entities: [], connections: [], warps: [],
triggers: [], gameplayZones: [], mapMetadata: MapMetadata(displayName: , mapType: MapType.route,
musicPath: null, battleMusicPath: null, weather: MapWeather.none, isIndoor: false, allowEscapeRope:
true, defaultSpawnId: null, tags: []), properties: {}, events: [])>
  Actual: _MapData:<MapData(id: studio_map_1790880497870137_copy, name: Copie indépendante, size:
GridSize(width: 32, height: 26), version: ProjectVersion.v8, visualStack:
MapVisualStackConfig(semanticsVersion: 1), tilesetId: arbre-feuillu, layers: [MapLayer.collision(id:
studio-collisions, name: Collisions, isVisible: true, opacity: 1.0, collisions: [false, false,
false, false, false, false, false, false, false, false, false, false, false, false, false, false,
false, false, false, false, false, false, false, false, false, false, false, false, false, false,
false, false, false, false, false, false, false, false, false, false, false, false, false, false,
false, false, false, false, false, false, false, false, false, false, false, false, false, false,
false, false, false, false, false, false, false, false, false, false, false, false, false, false,
false, false, false, false, false, false, false, false, false, false, false, false, false, false,
false, false, false, false, false, false, false, false, false, false, false, false, false, false,
false, false, false, false, false, false, false, false, false, false, false, false, false, false,
false, false, false, false, false, false, false, false, false, false, false, false, false, false,
false, false, false, false, false, false, false, false, false, false, false, false, false, false,
false, false, false, false, false, false, false, false, false, false, false, false, false, false,
false, false, false, false, false, false, false, false, false, false, false, false, false, false,
false, false, false, false, false, false, false, false, false, false, false, false, false, false,
false, false, false, false, false, false, false, false, false, false, false, false, false, false,
false, false, false, false, false, false, false, false, false, false, false, false, false, false,
false, false, false, false, false, false, false, false, false, false, false, false, false, false,
false, false, false, false, false, false, false, false, false, false, false, false, false, false,
false, false, false, false, false, false, false, false, false, false, false, false, false, false,
false, false, false, false, false, false, false, false, false, false, false, false, false, false,
false, false, false, false, false, false, false, false, false, false, false, false, false, false,
false, false, false, false, false, false, false, false, false, false, false, false, false, false,
false, false, false, false, false, false, false, false, false, false, false, false, false, false,
false, false, false, false, false, false, false, false, false, false, false, false, false, false,
false, false, false, false, false, false, false, false, false, false, false, false, false, false,
false, false, false, false, false, false, false, false, false, false, false, false, false, false,
false, false, false, false, false, false, false, false, false, false, false, false, false, false,
false, false, false, false, false, false, false, false, false, false, false, false, false, false,
false, false, false, false, false, false, false, false, false, false, false, false, false, false,
false, false, false, false, false, false, false, false, false, false, false, false, false, false,
false, false, false, false, false, false, false, false, false, false, false, false, false, false,
false, false, false, false, false, false, false, false, false, false, true, false, false, false,
false, false, false, false, false, false, false, false, false, false, false, false, false, false,
false, false, false, false, false, false, false, false, false, false, false, false, false, false,
false, false, false, false, false, false, false, false, false, false, false, false, false, false,
false, false, false, false, false, false, false, false, false, false, false, false, false, false,
false, false, false, false, false, false, false, false, false, false, false, false, false, false,
false, false, false, false, false, false, false, false, false, false, false, false, false, false,
false, false, false, false, false, false, false, false, false, false, false, false, false, false,
false, false, false, false, false, false, false, false, false, false, false, false, false, false,
false, false, false, false, false, false, false, false, false, false, false, false, false, false,
false, false, false, false, false, false, false, false, false, false, false, false, false, false,
false, false, false, false, false, false, false, false, false, false, false, false, false, false,
false, false, false, false, false, false, false, false, false, false, false, false, false, false,
false, false, false, false, false, false, false, false, false, false, false, false, false, false,
false, false, false, false, false, false, false, false, false, false, false, false, false, false,
false, false, false, false, false, false, false, false, false, false, false, false, false, false,
false, false, false, false, false, false, false, false, false, false, false, false, false, false,
false, false, false, false, false, false, false, false, false, false, false, false, false, false,
false, false, false, false, false, false, false, false, false, false, false, false, false, false,
false, false, false, false, false, false, false, false, false, false, false, false, false, false,
false, false, false, false, false, false, false, false, false, false, false, false, false, false,
false, false, false, false, false, false, false, false, false, false, false, false, false, false,
false, false, false, false, false, false, false, false, false, false, false, false, false, false,
false, false, false, false, false, false, false, false, false, false, false, false, false, false,
false, false, false, false, false, false, false, false, false, false, false, false, false, false,
false, false, false, false, false, false, false, false, false, false, false, false, false, false,
false, false, false, false, false, false, false, false, false, false, false, false, false, false,
false, false, false, false, false, false, false, false, false, false, false, false, false, false,
false, false, false, false, false, false, false, false, false, false, false, false, false, false,
false, false, false, false])], placedElements: [], entities: [], connections: [], warps: [],
triggers: [], gameplayZones: [], mapMetadata: MapMetadata(displayName: , mapType: MapType.route,
musicPath: null, battleMusicPath: null, weather: MapWeather.none, isIndoor: false, allowEscapeRope:
true, defaultSpawnId: null, tags: []), properties: {}, events: [])>

When the exception was thrown, this was the stack:
#4      main.<anonymous closure> (file:///Users/karim/Project/pokemonProject/apps/avelune_studio/test/map_workspace/map_lifecycle_host_test.dart:36:5)
<asynchronous suspension>
#5      testWidgets.<anonymous closure>.<anonymous closure> (package:flutter_test/src/widget_tester.dart:192:15)
<asynchronous suspension>
#6      TestWidgetsFlutterBinding._runTestBody (package:flutter_test/src/binding.dart:1953:5)
<asynchronous suspension>
<asynchronous suspension>
(elided one frame from package:stack_trace)

This was caught by the test expectation on the following line:
  file:///Users/karim/Project/pokemonProject/apps/avelune_studio/test/map_workspace/map_lifecycle_host_test.dart line 36
The test description was:
  workspace duplicates the saved source into an independent map
════════════════════════════════════════════════════════════════════════════════════════════════════
00:20 +22 -3: /Users/karim/Project/pokemonProject/apps/avelune_studio/test/map_workspace/map_lifecycle_layout_host_test.dart: lifecycle actions stay accessible in real workspace Size(1280.0, 800.0) text 1.0
00:20 +22 -3: /Users/karim/Project/pokemonProject/apps/avelune_studio/test/map_workspace/map_lifecycle_host_test.dart: workspace duplicates the saved source into an independent map [E]
  Test failed. See exception logs above.
  The test description was: workspace duplicates the saved source into an independent map
  
00:26 +23 -3: /Users/karim/Project/pokemonProject/apps/avelune_studio/test/map_workspace/map_lifecycle_host_test.dart: workspace analyzes growth without writing then reloads new bounds
00:26 +23 -3: /Users/karim/Project/pokemonProject/apps/avelune_studio/test/map_workspace/map_lifecycle_layout_host_test.dart: lifecycle actions stay accessible in real workspace Size(1024.0, 640.0) text 1.5
══╡ EXCEPTION CAUGHT BY FLUTTER TEST FRAMEWORK ╞════════════════════════════════════════════════════
The following assertion was thrown running a test:
The finder "Found 0 widgets with text "Nouveau projet": []" (used in a call to "tap()") could not
find any matching widgets.

When the exception was thrown, this was the stack:
#0      WidgetController._getElementPoint (package:flutter_test/src/controller.dart:2095:7)
#1      WidgetController.getCenter (package:flutter_test/src/controller.dart:1947:12)
#2      WidgetController.tap (package:flutter_test/src/controller.dart:1080:7)
#3      ProjectCreationWorkspaceFixture.submitCreation (file:///Users/karim/Project/pokemonProject/apps/avelune_studio/test/support/project_creation_workspace_fixture.dart:119:18)
#4      ProjectCreationWorkspaceFixture.create (file:///Users/karim/Project/pokemonProject/apps/avelune_studio/test/support/project_creation_workspace_fixture.dart:104:11)
#5      MapCatalogueHostFixture.open (file:///Users/karim/Project/pokemonProject/apps/avelune_studio/test/support/map_catalogue_host_fixture.dart:64:18)
<asynchronous suspension>
#6      main.<anonymous closure> (file:///Users/karim/Project/pokemonProject/apps/avelune_studio/test/map_workspace/map_lifecycle_layout_host_test.dart:20:19)
<asynchronous suspension>
#7      testWidgets.<anonymous closure>.<anonymous closure> (package:flutter_test/src/widget_tester.dart:192:15)
<asynchronous suspension>
#8      TestWidgetsFlutterBinding._runTestBody (package:flutter_test/src/binding.dart:1953:5)
<asynchronous suspension>
<asynchronous suspension>
(elided one frame from package:stack_trace)

The test description was:
  lifecycle actions stay accessible in real workspace Size(1024.0, 640.0) text 1.5
════════════════════════════════════════════════════════════════════════════════════════════════════
00:26 +23 -4: /Users/karim/Project/pokemonProject/apps/avelune_studio/test/map_workspace/map_lifecycle_host_test.dart: workspace analyzes growth without writing then reloads new bounds
00:26 +23 -4: /Users/karim/Project/pokemonProject/apps/avelune_studio/test/map_workspace/map_lifecycle_layout_host_test.dart: lifecycle actions stay accessible in real workspace Size(1024.0, 640.0) text 1.5 [E]
  Test failed. See exception logs above.
  The test description was: lifecycle actions stay accessible in real workspace Size(1024.0, 640.0) text 1.5
  
00:27 +24 -4: /Users/karim/Project/pokemonProject/apps/avelune_studio/test/map_workspace/map_lifecycle_layout_host_test.dart: dirty source cancellation keeps its owner and does not duplicate
00:33 +25 -4: /Users/karim/Project/pokemonProject/apps/avelune_studio/test/map_workspace/map_lifecycle_host_test.dart: workspace deletes only the confirmed map and retires its owner
══╡ EXCEPTION CAUGHT BY FLUTTER TEST FRAMEWORK ╞════════════════════════════════════════════════════
The following TestFailure was thrown while running async test code:
Reentrant call to runAsync() denied.
runAsync() was called, then before its future completed, it was called again. You must wait for the
first returned future to complete before calling runAsync() again.

When the exception was thrown, this was the stack:
#0      fail (package:matcher/src/expect/expect.dart:187:31)
#1      AutomatedTestWidgetsFlutterBinding.runAsync.<anonymous closure> (package:flutter_test/src/binding.dart:2274:7)
#2      AutomatedTestWidgetsFlutterBinding.runAsync (package:flutter_test/src/binding.dart:2280:6)
#3      WidgetTester.runAsync (package:flutter_test/src/widget_tester.dart:838:17)
#4      WidgetResourcePort.serial (file:///Users/karim/Project/pokemonProject/apps/avelune_studio/test/support/m2_ui_fixture.dart:159:30)
#5      WidgetMapController.save (file:///Users/karim/Project/pokemonProject/apps/avelune_studio/test/support/m2_ui_fixture.dart:220:38)
#6      main.<anonymous closure>.<anonymous closure> (file:///Users/karim/Project/pokemonProject/apps/avelune_studio/test/map_workspace/map_lifecycle_host_test.dart:101:49)
#7      AutomatedTestWidgetsFlutterBinding.runAsync.<anonymous closure> (package:flutter_test/src/binding.dart:2308:17)
#9      AutomatedTestWidgetsFlutterBinding.runAsync (package:flutter_test/src/binding.dart:2304:26)
#10     WidgetTester.runAsync (package:flutter_test/src/widget_tester.dart:838:17)
#11     main.<anonymous closure> (file:///Users/karim/Project/pokemonProject/apps/avelune_studio/test/map_workspace/map_lifecycle_host_test.dart:101:22)
<asynchronous suspension>
#12     testWidgets.<anonymous closure>.<anonymous closure> (package:flutter_test/src/widget_tester.dart:192:15)
<asynchronous suspension>
#13     TestWidgetsFlutterBinding._runTestBody (package:flutter_test/src/binding.dart:1953:5)
<asynchronous suspension>
<asynchronous suspension>
(elided 2 frames from dart:async and package:stack_trace)

The exception was caught asynchronously.
════════════════════════════════════════════════════════════════════════════════════════════════════
══╡ EXCEPTION CAUGHT BY FLUTTER TEST FRAMEWORK ╞════════════════════════════════════════════════════
The following TestFailure was thrown running a test:
Expected: false
  Actual: <null>

When the exception was thrown, this was the stack:
#4      main.<anonymous closure> (file:///Users/karim/Project/pokemonProject/apps/avelune_studio/test/map_workspace/map_lifecycle_host_test.dart:100:7)
<asynchronous suspension>
#5      testWidgets.<anonymous closure>.<anonymous closure> (package:flutter_test/src/widget_tester.dart:192:15)
<asynchronous suspension>
#6      TestWidgetsFlutterBinding._runTestBody (package:flutter_test/src/binding.dart:1953:5)
<asynchronous suspension>
<asynchronous suspension>
(elided one frame from package:stack_trace)

This was caught by the test expectation on the following line:
  file:///Users/karim/Project/pokemonProject/apps/avelune_studio/test/map_workspace/map_lifecycle_host_test.dart line 100
The test description was:
  workspace deletes only the confirmed map and retires its owner
════════════════════════════════════════════════════════════════════════════════════════════════════
══╡ EXCEPTION CAUGHT BY FLUTTER TEST FRAMEWORK ╞════════════════════════════════════════════════════
The following message was thrown:
Multiple exceptions (2) were detected during the running of the current test, and at least one was
unexpected.
════════════════════════════════════════════════════════════════════════════════════════════════════
00:34 +25 -5: /Users/karim/Project/pokemonProject/apps/avelune_studio/test/map_workspace/map_lifecycle_host_test.dart: workspace deletes only the confirmed map and retires its owner [E]
  Test failed. See exception logs above.
  The test description was: workspace deletes only the confirmed map and retires its owner
  
00:35 +25 -5: Some tests failed.

Failing tests:
  /Users/karim/Project/pokemonProject/apps/avelune_studio/test/map_workspace/map_catalog_preparation_test.dart: a changed closed map invalidates a resize analysis before writing
  /Users/karim/Project/pokemonProject/apps/avelune_studio/test/map_workspace/map_catalog_preparation_test.dart: same size is a no-op that preserves source bytes and geometry history
  /Users/karim/Project/pokemonProject/apps/avelune_studio/test/map_workspace/map_lifecycle_host_test.dart: workspace deletes only the confirmed map and retires its owner
  /Users/karim/Project/pokemonProject/apps/avelune_studio/test/map_workspace/map_lifecycle_host_test.dart: workspace duplicates the saved source into an independent map
  /Users/karim/Project/pokemonProject/apps/avelune_studio/test/map_workspace/map_lifecycle_layout_host_test.dart: lifecycle actions stay accessible in real workspace Size(1024.0, 640.0) text 1.5
