00:00 +0: loading /Users/karim/Project/pokemonProject/apps/avelune_studio/test/map_workspace/map_lifecycle_host_test.dart
00:00 +0: /Users/karim/Project/pokemonProject/apps/avelune_studio/test/map_workspace/map_lifecycle_host_test.dart: workspace duplicates the saved source into an independent map
00:10 +1: /Users/karim/Project/pokemonProject/apps/avelune_studio/test/map_workspace/map_lifecycle_host_test.dart: workspace analyzes growth without writing then reloads new bounds
00:18 +2: /Users/karim/Project/pokemonProject/apps/avelune_studio/test/map_workspace/map_lifecycle_host_test.dart: workspace deletes only the confirmed map and retires its owner
══╡ EXCEPTION CAUGHT BY FLUTTER TEST FRAMEWORK ╞════════════════════════════════════════════════════
The following TestFailure was thrown while running async test code:
Reentrant call to runAsync() denied.
runAsync() was called, then before its future completed, it was called again. You must wait for the
first returned future to complete before calling runAsync() again.

When the exception was thrown, this was the stack:
#0      fail (package:matcher/src/expect/expect.dart:187:31)
#1      AutomatedTestWidgetsFlutterBinding.runAsync.<anonymous closure> (package:flutter_test/src/binding.dart:2274:7)
#2      AutomatedTestWidgetsFlutterBinding.runAsync (package:flutter_test/src/binding.dart:2280:6)
#3      WidgetTester.runAsync (package:flutter_test/src/widget_tester.dart:838:17)
#4      WidgetResourcePort.serial (file:///Users/karim/Project/pokemonProject/apps/avelune_studio/test/support/m2_ui_fixture.dart:159:30)
#5      WidgetMapController.save (file:///Users/karim/Project/pokemonProject/apps/avelune_studio/test/support/m2_ui_fixture.dart:220:38)
#6      main.<anonymous closure>.<anonymous closure> (file:///Users/karim/Project/pokemonProject/apps/avelune_studio/test/map_workspace/map_lifecycle_host_test.dart:105:49)
#7      AutomatedTestWidgetsFlutterBinding.runAsync.<anonymous closure> (package:flutter_test/src/binding.dart:2308:17)
#9      AutomatedTestWidgetsFlutterBinding.runAsync (package:flutter_test/src/binding.dart:2304:26)
#10     WidgetTester.runAsync (package:flutter_test/src/widget_tester.dart:838:17)
#11     main.<anonymous closure> (file:///Users/karim/Project/pokemonProject/apps/avelune_studio/test/map_workspace/map_lifecycle_host_test.dart:105:22)
<asynchronous suspension>
#12     testWidgets.<anonymous closure>.<anonymous closure> (package:flutter_test/src/widget_tester.dart:192:15)
<asynchronous suspension>
#13     TestWidgetsFlutterBinding._runTestBody (package:flutter_test/src/binding.dart:1953:5)
<asynchronous suspension>
<asynchronous suspension>
(elided 2 frames from dart:async and package:stack_trace)

The exception was caught asynchronously.
════════════════════════════════════════════════════════════════════════════════════════════════════
══╡ EXCEPTION CAUGHT BY FLUTTER TEST FRAMEWORK ╞════════════════════════════════════════════════════
The following TestFailure was thrown running a test:
Expected: false
  Actual: <null>

When the exception was thrown, this was the stack:
#4      main.<anonymous closure> (file:///Users/karim/Project/pokemonProject/apps/avelune_studio/test/map_workspace/map_lifecycle_host_test.dart:104:7)
<asynchronous suspension>
#5      testWidgets.<anonymous closure>.<anonymous closure> (package:flutter_test/src/widget_tester.dart:192:15)
<asynchronous suspension>
#6      TestWidgetsFlutterBinding._runTestBody (package:flutter_test/src/binding.dart:1953:5)
<asynchronous suspension>
<asynchronous suspension>
(elided one frame from package:stack_trace)

This was caught by the test expectation on the following line:
  file:///Users/karim/Project/pokemonProject/apps/avelune_studio/test/map_workspace/map_lifecycle_host_test.dart line 104
The test description was:
  workspace deletes only the confirmed map and retires its owner
════════════════════════════════════════════════════════════════════════════════════════════════════
══╡ EXCEPTION CAUGHT BY FLUTTER TEST FRAMEWORK ╞════════════════════════════════════════════════════
The following message was thrown:
Multiple exceptions (2) were detected during the running of the current test, and at least one was
unexpected.
════════════════════════════════════════════════════════════════════════════════════════════════════
00:25 +2 -1: /Users/karim/Project/pokemonProject/apps/avelune_studio/test/map_workspace/map_lifecycle_host_test.dart: workspace deletes only the confirmed map and retires its owner [E]
  Test failed. See exception logs above.
  The test description was: workspace deletes only the confirmed map and retires its owner
  
00:25 +2 -1: loading /Users/karim/Project/pokemonProject/apps/avelune_studio/test/map_workspace/map_lifecycle_layout_host_test.dart
00:26 +2 -1: /Users/karim/Project/pokemonProject/apps/avelune_studio/test/map_workspace/map_lifecycle_layout_host_test.dart: lifecycle actions stay accessible in real workspace Size(1536.0, 1024.0) text 1.0
00:38 +3 -1: /Users/karim/Project/pokemonProject/apps/avelune_studio/test/map_workspace/map_lifecycle_layout_host_test.dart: lifecycle actions stay accessible in real workspace Size(1280.0, 800.0) text 1.0
00:46 +4 -1: /Users/karim/Project/pokemonProject/apps/avelune_studio/test/map_workspace/map_lifecycle_layout_host_test.dart: lifecycle actions stay accessible in real workspace Size(1024.0, 640.0) text 1.5
00:54 +5 -1: /Users/karim/Project/pokemonProject/apps/avelune_studio/test/map_workspace/map_lifecycle_layout_host_test.dart: dirty source cancellation keeps its owner and does not duplicate
01:00 +6 -1: loading /Users/karim/Project/pokemonProject/apps/avelune_studio/test/map_workspace/uwu2_resize_runtime_host_test.dart
test/map_workspace/uwu2_resize_runtime_host_test.dart:97:34: Error: The argument type 'FutureOr<void> Function()' can't be assigned to the parameter type 'Future<dynamic> Function()'.
 - 'Future' is from 'dart:async'.
      await tester.runAsync(game.toBeLoaded);
                                 ^
01:00 +6 -2: loading /Users/karim/Project/pokemonProject/apps/avelune_studio/test/map_workspace/uwu2_resize_runtime_host_test.dart [E]
  Failed to load "/Users/karim/Project/pokemonProject/apps/avelune_studio/test/map_workspace/uwu2_resize_runtime_host_test.dart":
  Compilation failed for testPath=/Users/karim/Project/pokemonProject/apps/avelune_studio/test/map_workspace/uwu2_resize_runtime_host_test.dart: test/map_workspace/uwu2_resize_runtime_host_test.dart:97:34: Error: The argument type 'FutureOr<void> Function()' can't be assigned to the parameter type 'Future<dynamic> Function()'.
   - 'Future' is from 'dart:async'.
        await tester.runAsync(game.toBeLoaded);
                                   ^
  .
01:00 +6 -2: Some tests failed.

Failing tests:
  /Users/karim/Project/pokemonProject/apps/avelune_studio/test/map_workspace/map_lifecycle_host_test.dart: workspace deletes only the confirmed map and retires its owner
  /Users/karim/Project/pokemonProject/apps/avelune_studio/test/map_workspace/uwu2_resize_runtime_host_test.dart: loading /Users/karim/Project/pokemonProject/apps/avelune_studio/test/map_workspace/uwu2_resize_runtime_host_test.dart
