00:00 +0: loading /Users/karim/Project/pokemonProject/apps/avelune_studio/test/map_workspace/map_catalogue_host_test.dart
00:00 +0: /Users/karim/Project/pokemonProject/apps/avelune_studio/test/map_workspace/map_catalogue_host_test.dart: Clairbois creates edits saves and renames without changing existing identities
══╡ EXCEPTION CAUGHT BY FLUTTER TEST FRAMEWORK ╞════════════════════════════════════════════════════
The following TestFailure was thrown running a test:
Expected: true
  Actual: <false>

When the exception was thrown, this was the stack:
#4      playCreatedClairbois.waitUntil (file:///Users/karim/Project/pokemonProject/apps/avelune_studio/test/support/clairbois_player_recipe.dart:38:5)
<asynchronous suspension>
#5      playCreatedClairbois (file:///Users/karim/Project/pokemonProject/apps/avelune_studio/test/support/clairbois_player_recipe.dart:42:3)
<asynchronous suspension>
#6      main.<anonymous closure> (file:///Users/karim/Project/pokemonProject/apps/avelune_studio/test/map_workspace/map_catalogue_host_test.dart:90:7)
<asynchronous suspension>
#7      testWidgets.<anonymous closure>.<anonymous closure> (package:flutter_test/src/widget_tester.dart:192:15)
<asynchronous suspension>
#8      TestWidgetsFlutterBinding._runTestBody (package:flutter_test/src/binding.dart:1953:5)
<asynchronous suspension>
<asynchronous suspension>
(elided one frame from package:stack_trace)

This was caught by the test expectation on the following line:
  file:///Users/karim/Project/pokemonProject/apps/avelune_studio/test/support/clairbois_player_recipe.dart line 38
The test description was:
  Clairbois creates edits saves and renames without changing existing identities
════════════════════════════════════════════════════════════════════════════════════════════════════
00:19 +0 -1: /Users/karim/Project/pokemonProject/apps/avelune_studio/test/map_workspace/map_catalogue_host_test.dart: Clairbois creates edits saves and renames without changing existing identities [E]
  Test failed. See exception logs above.
  The test description was: Clairbois creates edits saves and renames without changing existing identities
  
00:19 +0 -1: /Users/karim/Project/pokemonProject/apps/avelune_studio/test/map_workspace/map_catalogue_host_test.dart: empty project creates its first editable map using the project grid
00:22 +1 -1: /Users/karim/Project/pokemonProject/apps/avelune_studio/test/map_workspace/map_catalogue_host_test.dart: invalid dimensions and cancellation leave the project untouched
00:26 +2 -1: loading /Users/karim/Project/pokemonProject/apps/avelune_studio/test/map_workspace/map_catalogue_groups_host_test.dart
00:27 +2 -1: /Users/karim/Project/pokemonProject/apps/avelune_studio/test/map_workspace/map_catalogue_groups_host_test.dart: home refreshes an already mounted preview after a closed map title changes
00:35 +3 -1: /Users/karim/Project/pokemonProject/apps/avelune_studio/test/map_workspace/map_catalogue_groups_host_test.dart: real workspace organizes nested folders and preserves referenced maps
00:49 +4 -1: /Users/karim/Project/pokemonProject/apps/avelune_studio/test/map_workspace/map_catalogue_groups_host_test.dart: dirty rename saves only its target and cancellation preserves work
00:55 +5 -1: loading /Users/karim/Project/pokemonProject/apps/avelune_studio/test/map_workspace/map_catalogue_home_entry_host_test.dart
00:56 +5 -1: /Users/karim/Project/pokemonProject/apps/avelune_studio/test/map_workspace/map_catalogue_home_entry_host_test.dart: all maps uses the same creation owner and reveals the new identity
01:07 +6 -1: loading /Users/karim/Project/pokemonProject/apps/avelune_studio/test/map_workspace/map_catalog_mutation_test.dart
01:08 +6 -1: /Users/karim/Project/pokemonProject/apps/avelune_studio/test/map_workspace/map_catalog_mutation_test.dart: undo refuses an old passage to a canonically removed map
01:08 +7 -1: /Users/karim/Project/pokemonProject/apps/avelune_studio/test/map_workspace/map_catalog_mutation_test.dart: creation integrates the manifest and permits immediate editing and saving
01:08 +8 -1: /Users/karim/Project/pokemonProject/apps/avelune_studio/test/map_workspace/map_catalog_mutation_test.dart: title mutation preserves identity, dirty neighbour and prior geometry history
01:08 +9 -1: /Users/karim/Project/pokemonProject/apps/avelune_studio/test/map_workspace/map_catalog_mutation_test.dart: dirty target is refused without publishing other drafts
01:08 +10 -1: /Users/karim/Project/pokemonProject/apps/avelune_studio/test/map_workspace/map_catalog_mutation_test.dart: same normalized title performs no publication
01:08 +11 -1: /Users/karim/Project/pokemonProject/apps/avelune_studio/test/map_workspace/map_catalog_mutation_test.dart: canonical removal retires loaded maps and refuses stale saves
01:09 +12 -1: /Users/karim/Project/pokemonProject/apps/avelune_studio/test/map_workspace/map_catalog_mutation_test.dart: an externally changed target refuses title publication
01:09 +13 -1: loading /Users/karim/Project/pokemonProject/apps/avelune_studio/test/map_workspace/map_catalog_recovery_test.dart
01:09 +13 -1: /Users/karim/Project/pokemonProject/apps/avelune_studio/test/map_workspace/map_catalog_recovery_test.dart: empty project receives its first map without fabricating resources
01:10 +14 -1: /Users/karim/Project/pokemonProject/apps/avelune_studio/test/map_workspace/map_catalog_recovery_test.dart: failed refresh keeps a published receipt and retries only integration
01:10 +15 -1: /Users/karim/Project/pokemonProject/apps/avelune_studio/test/map_workspace/map_catalog_recovery_test.dart: late publication remains on disk without updating a disposed owner
01:10 +16 -1: loading /Users/karim/Project/pokemonProject/apps/avelune_studio/test/map_workspace/map_catalog_serialization_test.dart
01:10 +16 -1: /Users/karim/Project/pokemonProject/apps/avelune_studio/test/map_workspace/map_catalog_serialization_test.dart: canonical cache reuses unchanged documents after folder publication
01:11 +17 -1: /Users/karim/Project/pokemonProject/apps/avelune_studio/test/map_workspace/map_catalog_serialization_test.dart: map saves and catalogue operations share the existing session queue
01:11 +18 -1: /Users/karim/Project/pokemonProject/apps/avelune_studio/test/map_workspace/map_catalog_serialization_test.dart: logical folder changes preserve map files, atlas and loaded draft identities
01:11 +19 -1: loading /Users/karim/Project/pokemonProject/apps/avelune_studio/test/map_workspace/map_catalog_stale_document_test.dart
01:12 +19 -1: /Users/karim/Project/pokemonProject/apps/avelune_studio/test/map_workspace/map_catalog_stale_document_test.dart: a removed cached document cannot be activated or saved
01:12 +20 -1: loading /Users/karim/Project/pokemonProject/apps/avelune_studio/test/map_workspace/map_catalog_external_groups_test.dart
01:13 +20 -1: /Users/karim/Project/pokemonProject/apps/avelune_studio/test/map_workspace/map_catalog_external_groups_test.dart: catalogue revision checking refuses externally changed map folders
01:13 +21 -1: /Users/karim/Project/pokemonProject/apps/avelune_studio/test/map_workspace/map_catalog_external_groups_test.dart: another session owner cannot refresh a baseline then overwrite old UI groups
01:13 +22 -1: loading /Users/karim/Project/pokemonProject/apps/avelune_studio/test/presentation/map_library_row_actions_test.dart
01:13 +22 -2: loading /Users/karim/Project/pokemonProject/apps/avelune_studio/test/presentation/map_library_row_actions_test.dart [E]
  Failed to load "/Users/karim/Project/pokemonProject/apps/avelune_studio/test/presentation/map_library_row_actions_test.dart": Does not exist.
01:13 +22 -2: loading /Users/karim/Project/pokemonProject/apps/avelune_studio/test/presentation/map_catalogue_dialog_layout_test.dart
01:13 +22 -2: /Users/karim/Project/pokemonProject/apps/avelune_studio/test/presentation/map_catalogue_dialog_layout_test.dart: creation form remains accessible at Size(1536.0, 1024.0) with enlarged text
01:14 +23 -2: /Users/karim/Project/pokemonProject/apps/avelune_studio/test/presentation/map_catalogue_dialog_layout_test.dart: creation form remains accessible at Size(1280.0, 800.0) with enlarged text
01:14 +24 -2: /Users/karim/Project/pokemonProject/apps/avelune_studio/test/presentation/map_catalogue_dialog_layout_test.dart: creation form remains accessible at Size(1024.0, 640.0) with enlarged text
01:15 +25 -2: loading /Users/karim/Project/pokemonProject/apps/avelune_studio/test/presentation/map_catalogue_dialog_keyboard_test.dart
01:15 +25 -2: /Users/karim/Project/pokemonProject/apps/avelune_studio/test/presentation/map_catalogue_dialog_keyboard_test.dart: focused input survives refusal and Enter cannot double submit
01:16 +26 -2: Some tests failed.

Failing tests:
  /Users/karim/Project/pokemonProject/apps/avelune_studio/test/map_workspace/map_catalogue_host_test.dart: Clairbois creates edits saves and renames without changing existing identities
  /Users/karim/Project/pokemonProject/apps/avelune_studio/test/presentation/map_library_row_actions_test.dart: loading /Users/karim/Project/pokemonProject/apps/avelune_studio/test/presentation/map_library_row_actions_test.dart
