00:00 +0: loading /Users/karim/Project/pokemonProject/apps/avelune_studio/test/map_workspace/map_catalog_transaction_guard_test.dart
00:00 +0: transaction rechecks dispose after acquiring the writer lock
00:00 +0 -1: transaction rechecks dispose after acquiring the writer lock [E]
  Expected: false
    Actual: <true>
  
  package:matcher                                                   expect
  package:flutter_test/src/widget_tester.dart 473:18                expect
  test/map_workspace/map_catalog_transaction_guard_test.dart 91:11  main.<fn>
  
00:00 +0 -1: transaction rechecks sourceDraft after acquiring the writer lock
00:00 +0 -2: transaction rechecks sourceDraft after acquiring the writer lock [E]
  Expected: false
    Actual: <true>
  
  package:matcher                                                   expect
  package:flutter_test/src/widget_tester.dart 473:18                expect
  test/map_workspace/map_catalog_transaction_guard_test.dart 91:11  main.<fn>
  
00:00 +0 -2: transaction rechecks narrativeDraft after acquiring the writer lock
00:00 +0 -3: transaction rechecks narrativeDraft after acquiring the writer lock [E]
  Expected: false
    Actual: <true>
  
  package:matcher                                                   expect
  package:flutter_test/src/widget_tester.dart 473:18                expect
  test/map_workspace/map_catalog_transaction_guard_test.dart 91:11  main.<fn>
  
00:00 +0 -3: transaction rechecks none after acquiring the writer lock
00:00 +1 -3: Some tests failed.

Failing tests:
  /Users/karim/Project/pokemonProject/apps/avelune_studio/test/map_workspace/map_catalog_transaction_guard_test.dart: transaction rechecks dispose after acquiring the writer lock
  /Users/karim/Project/pokemonProject/apps/avelune_studio/test/map_workspace/map_catalog_transaction_guard_test.dart: transaction rechecks narrativeDraft after acquiring the writer lock
  /Users/karim/Project/pokemonProject/apps/avelune_studio/test/map_workspace/map_catalog_transaction_guard_test.dart: transaction rechecks sourceDraft after acquiring the writer lock
