00:00 +0: loading /Users/karim/Project/pokemonProject/apps/avelune_studio/test/map_workspace/map_catalog_lifecycle_session_test.dart
00:00 +0: duplicate publishes an independent copy while retaining the source
00:00 +0 -1: duplicate publishes an independent copy while retaining the source [E]
  Expected: true
    Actual: <false>
  Cette opération de catalogue n’est pas disponible.
  
  package:matcher                                                  expect
  package:flutter_test/src/widget_tester.dart 473:18               expect
  test/map_workspace/map_catalog_lifecycle_session_test.dart 24:5  main.<fn>
  
00:00 +0 -1: resize adopts the published content and retires obsolete geometry history
00:00 +0 -2: resize adopts the published content and retires obsolete geometry history [E]
  Expected: true
    Actual: <false>
  Cette opération de catalogue n’est pas disponible.
  
  package:matcher                                                  expect
  package:flutter_test/src/widget_tester.dart 473:18               expect
  test/map_workspace/map_catalog_lifecycle_session_test.dart 55:5  main.<fn>
  
00:00 +0 -2: deleting the active map selects a deterministic surviving map
00:00 +0 -3: deleting the active map selects a deterministic surviving map [E]
  Null check operator used on a null value
  test/map_workspace/map_catalog_lifecycle_session_test.dart 74:37  main.<fn>
  
00:00 +0 -3: Some tests failed.

Failing tests:
  /Users/karim/Project/pokemonProject/apps/avelune_studio/test/map_workspace/map_catalog_lifecycle_session_test.dart: deleting the active map selects a deterministic surviving map
  /Users/karim/Project/pokemonProject/apps/avelune_studio/test/map_workspace/map_catalog_lifecycle_session_test.dart: duplicate publishes an independent copy while retaining the source
  /Users/karim/Project/pokemonProject/apps/avelune_studio/test/map_workspace/map_catalog_lifecycle_session_test.dart: resize adopts the published content and retires obsolete geometry history
