00:00 +0: loading test/domains/gameplay/pokemon_catalog_authoring_test.dart
00:00 +0: test/domains/gameplay/pokemon_catalog_authoring_test.dart: Pokemon catalog authoring generic catalog edits canonicalize the document envelope
00:00 +1: test/domains/gameplay/pokemon_catalog_authoring_test.dart: Pokemon catalog authoring shared codecs reject future schemas for every document family
00:00 +2: test/domains/gameplay/pokemon_catalog_authoring_test.dart: Pokemon catalog authoring batch validation reports broken evolution and media references
00:00 +3: test/domains/gameplay/pokemon_catalog_authoring_test.dart: Pokemon catalog authoring network import remains blocked without an explicit opt-in
00:00 +4: test/domains/gameplay/pokemon_catalog_jsonl_test.dart: Pokemon document transport parity adds catalog entries without resending or modifying existing definitions
00:00 +5: test/domains/gameplay/pokemon_catalog_jsonl_test.dart: Pokemon document transport parity adds catalog entries without resending or modifying existing definitions
00:00 +6: test/domains/gameplay/pokemon_catalog_jsonl_test.dart: Pokemon document transport parity adds catalog entries without resending or modifying existing definitions
00:00 +7: test/domains/gameplay/pokemon_catalog_jsonl_test.dart: Pokemon document transport parity adds catalog entries without resending or modifying existing definitions
00:00 +8: test/domains/gameplay/pokemon_media_import_test.dart: direct and JSONL batch import preserve choices, share files, and preview a no-op rerun
00:00 +9: test/domains/gameplay/pokemon_media_import_test.dart: direct and JSONL batch import preserve choices, share files, and preview a no-op rerun
00:00 +10: test/domains/gameplay/pokemon_media_import_test.dart: direct and JSONL batch import preserve choices, share files, and preview a no-op rerun
00:00 +11: test/domains/gameplay/pokemon_catalog_jsonl_test.dart: Pokemon document transport parity writes the shared species schema through direct API and JSONL
00:00 +12: test/domains/gameplay/pokemon_media_import_test.dart: an existing logical menu image can be reused by a new role
00:00 +13: test/domains/gameplay/pokemon_media_import_test.dart: an existing logical menu image can be reused by a new role
00:00 +14: test/domains/gameplay/pokemon_media_import_test.dart: an existing logical menu image can be reused by a new role
00:00 +15: test/domains/gameplay/pokemon_media_import_test.dart: a missing logical image is explicitly restored when associating a new role
00:00 +16: test/domains/gameplay/pokemon_media_import_test.dart: logical image deletion and reappearance invalidate cached snapshots
00:00 +17: test/domains/gameplay/pokemon_media_import_test.dart: an authored change at a managed logical path is never overwritten
00:01 +18: test/domains/gameplay/pokemon_media_import_test.dart: refuses unknown species, forms, unsafe IDs, handles and truncated PNG without writes
00:01 +19: test/domains/gameplay/pokemon_media_import_test.dart: a media document introduced after planning invalidates cached deletion and acknowledgement cannot bypass its references
00:01 +20: test/domains/gameplay/pokemon_media_import_test.dart: malformed unencountered media blocks import and asset deletion
00:01 +21: test/domains/gameplay/pokemon_media_import_test.dart: dry-run has no project writes and source handles can be reused for real plan
00:01 +22: test/domains/gameplay/pokemon_media_import_test.dart: unreadable inventory blocks import and deletion instead of guessing that assets are unused
00:01 +23: test/domains/gameplay/pokemon_media_import_test.dart: batch undo restores the exact document and removes its assets
00:01 +24: All tests passed!
