00:00 +0: loading /Users/karim/Project/pokemonProject/apps/avelune_studio/test/pokemon/pokemon_external_import_host_test.dart
00:00 +0: /Users/karim/Project/pokemonProject/apps/avelune_studio/test/pokemon/pokemon_external_import_host_test.dart: external search previews without writing and imports in Studio
00:08 +1: /Users/karim/Project/pokemonProject/apps/avelune_studio/test/pokemon/pokemon_external_import_host_test.dart: external network error preserves local project
00:11 +2: /Users/karim/Project/pokemonProject/apps/avelune_studio/test/pokemon/pokemon_external_import_host_test.dart: external preview refuses a companion owned by another species
00:13 +3: /Users/karim/Project/pokemonProject/apps/avelune_studio/test/pokemon/pokemon_external_import_host_test.dart: external import attaches companions to empty references
00:17 +4: loading /Users/karim/Project/pokemonProject/apps/avelune_studio/test/pokemon/pokemon_lot_a_visual_host_test.dart
00:18 +4: /Users/karim/Project/pokemonProject/apps/avelune_studio/test/pokemon/pokemon_lot_a_visual_host_test.dart: Lot A surfaces use the real workspace and local media
00:25 +5: /Users/karim/Project/pokemonProject/apps/avelune_studio/test/pokemon/pokemon_lot_a_visual_host_test.dart: compact Attack and import views keep essential actions
00:28 +6: /Users/karim/Project/pokemonProject/apps/avelune_studio/test/pokemon/pokemon_lot_a_visual_host_test.dart: 200% text keeps focused save reachable
00:31 +7: loading /Users/karim/Project/pokemonProject/apps/avelune_studio/test/pokemon/pokemon_json_collision_host_test.dart
00:32 +7: /Users/karim/Project/pokemonProject/apps/avelune_studio/test/pokemon/pokemon_json_collision_host_test.dart: overwriting selected species reloads its draft before editing
00:38 +8: /Users/karim/Project/pokemonProject/apps/avelune_studio/test/pokemon/pokemon_json_collision_host_test.dart: JSON import does not replace a different species by filename
00:40 +9: /Users/karim/Project/pokemonProject/apps/avelune_studio/test/pokemon/pokemon_json_collision_host_test.dart: invalid companion rejects JSON preview before writing
00:42 +10: /Users/karim/Project/pokemonProject/apps/avelune_studio/test/pokemon/pokemon_json_collision_host_test.dart: JSON import keeps a legacy companion reference identity
00:44 +11: /Users/karim/Project/pokemonProject/apps/avelune_studio/test/pokemon/pokemon_json_collision_host_test.dart: JSON import refuses a companion owned by another species
00:46 +12: loading /Users/karim/Project/pokemonProject/apps/avelune_studio/test/pokemon/pokemon_shared_media_host_test.dart
00:47 +12: /Users/karim/Project/pokemonProject/apps/avelune_studio/test/pokemon/pokemon_shared_media_host_test.dart: a form reads shared media without copying or changing it
00:51 +13: loading /Users/karim/Project/pokemonProject/apps/avelune_studio/test/pokemon/pokemon_large_collection_host_test.dart
00:51 +13: /Users/karim/Project/pokemonProject/apps/avelune_studio/test/pokemon/pokemon_large_collection_host_test.dart: large Pokédex scrolls locally at 150% text scale
══╡ EXCEPTION CAUGHT BY FLUTTER TEST FRAMEWORK ╞════════════════════════════════════════════════════
The following assertion was thrown running a test:
The finder "Found 0 widgets with key [<'move-leech-seed'>]: []" (used in a call to "tap()") could
not find any matching widgets.

When the exception was thrown, this was the stack:
#0      WidgetController._getElementPoint (package:flutter_test/src/controller.dart:2095:7)
#1      WidgetController.getCenter (package:flutter_test/src/controller.dart:1947:12)
#2      WidgetController.tap (package:flutter_test/src/controller.dart:1080:7)
#3      main.<anonymous closure> (file:///Users/karim/Project/pokemonProject/apps/avelune_studio/test/pokemon/pokemon_large_collection_host_test.dart:84:18)
<asynchronous suspension>
#4      testWidgets.<anonymous closure>.<anonymous closure> (package:flutter_test/src/widget_tester.dart:192:15)
<asynchronous suspension>
#5      TestWidgetsFlutterBinding._runTestBody (package:flutter_test/src/binding.dart:1978:5)
<asynchronous suspension>
<asynchronous suspension>
(elided one frame from package:stack_trace)

The test description was:
  large Pokédex scrolls locally at 150% text scale
════════════════════════════════════════════════════════════════════════════════════════════════════
00:59 +13 -1: /Users/karim/Project/pokemonProject/apps/avelune_studio/test/pokemon/pokemon_large_collection_host_test.dart: large Pokédex scrolls locally at 150% text scale [E]
  Test failed. See exception logs above.
  The test description was: large Pokédex scrolls locally at 150% text scale
  
00:59 +13 -1: loading /Users/karim/Project/pokemonProject/apps/avelune_studio/test/pokemon/pokemon_mutation_guard_test.dart
01:00 +13 -1: /Users/karim/Project/pokemonProject/apps/avelune_studio/test/pokemon/pokemon_mutation_guard_test.dart: an in-flight PNG import cannot erase concurrent draft input
01:00 +14 -1: /Users/karim/Project/pokemonProject/apps/avelune_studio/test/pokemon/pokemon_mutation_guard_test.dart: undo cannot race a save and resurrect stale values
01:00 +15 -1: loading /Users/karim/Project/pokemonProject/apps/avelune_studio/test/pokemon/pokemon_forms_evolution_host_test.dart
01:01 +15 -1: /Users/karim/Project/pokemonProject/apps/avelune_studio/test/pokemon/pokemon_forms_evolution_host_test.dart: forms and evolution save together without losing old fields
01:06 +16 -1: loading /Users/karim/Project/pokemonProject/apps/avelune_studio/test/pokemon/pokemon_homonym_host_test.dart
01:07 +16 -1: /Users/karim/Project/pokemonProject/apps/avelune_studio/test/pokemon/pokemon_homonym_host_test.dart: homonyms keep distinct identities through filtering and save
01:11 +17 -1: loading /Users/karim/Project/pokemonProject/apps/avelune_studio/test/pokemon/pokemon_media_animation_host_test.dart
01:12 +17 -1: /Users/karim/Project/pokemonProject/apps/avelune_studio/test/pokemon/pokemon_media_animation_host_test.dart: animation references and custom local PNG reopen from disk
01:17 +18 -1: loading /Users/karim/Project/pokemonProject/apps/avelune_studio/test/pokemon/pokemon_project_switch_host_test.dart
01:18 +18 -1: /Users/karim/Project/pokemonProject/apps/avelune_studio/test/pokemon/pokemon_project_switch_host_test.dart: read-only search can leave A and cannot update project B
01:23 +19 -1: loading /Users/karim/Project/pokemonProject/apps/avelune_studio/test/pokemon/pokemon_custom_refs_host_test.dart
01:24 +19 -1: /Users/karim/Project/pokemonProject/apps/avelune_studio/test/pokemon/pokemon_custom_refs_host_test.dart: save follows manifest and companion refs, not species id
01:31 +20 -1: loading /Users/karim/Project/pokemonProject/apps/avelune_studio/test/pokemon/pokemon_save_conflict_host_test.dart
01:32 +20 -1: /Users/karim/Project/pokemonProject/apps/avelune_studio/test/pokemon/pokemon_save_conflict_host_test.dart: disk revision conflict keeps the focused species draft
01:36 +21 -1: loading /Users/karim/Project/pokemonProject/apps/avelune_studio/test/pokemon/pokemon_workspace_host_test.dart
01:37 +21 -1: /Users/karim/Project/pokemonProject/apps/avelune_studio/test/pokemon/pokemon_workspace_host_test.dart: Pokémon is a real workspace destination
01:39 +22 -1: /Users/karim/Project/pokemonProject/apps/avelune_studio/test/pokemon/pokemon_workspace_host_test.dart: focused species and learnset edits survive independent reopen
01:44 +23 -1: /Users/karim/Project/pokemonProject/apps/avelune_studio/test/pokemon/pokemon_workspace_host_test.dart: JSON preview does not write and apply reopens imported identity
01:46 +24 -1: /Users/karim/Project/pokemonProject/apps/avelune_studio/test/pokemon/pokemon_workspace_host_test.dart: menu PNG uses canonical import and preserves an existing role
01:50 +25 -1: /Users/karim/Project/pokemonProject/apps/avelune_studio/test/pokemon/pokemon_workspace_host_test.dart: moves preview is read only and apply writes merged catalog
01:54 +26 -1: loading /Users/karim/Project/pokemonProject/apps/avelune_studio/test/pokemon/pokemon_move_presentation_test.dart
01:55 +26 -1: /Users/karim/Project/pokemonProject/apps/avelune_studio/test/pokemon/pokemon_move_presentation_test.dart: project locale selects official and authored names without changing IDs
01:55 +27 -1: /Users/karim/Project/pokemonProject/apps/avelune_studio/test/pokemon/pokemon_move_presentation_test.dart: type, category, power and personal origin have distinct emblems
01:55 +28 -1: /Users/karim/Project/pokemonProject/apps/avelune_studio/test/pokemon/pokemon_move_presentation_test.dart: the real Pokémon workspace uses the game export locale
01:58 +29 -1: Some tests failed.

Failing tests:
  /Users/karim/Project/pokemonProject/apps/avelune_studio/test/pokemon/pokemon_large_collection_host_test.dart: large Pokédex scrolls locally at 150% text scale
