00:00 +0: loading /Users/karim/Project/pokemonProject/apps/pokemap_hub/test/features/installation/uwu5_specialized_resources_player_e2e_test.dart
00:00 +0: /Users/karim/Project/pokemonProject/apps/pokemap_hub/test/features/installation/uwu5_specialized_resources_player_e2e_test.dart: specialized resources survive actual export and installed Player isolation
UWU5_CHARACTER_PLAN_US=99560 APPLY_US=219423
UWU5_OWNER_SIZE maps=2 characters=1 dialogues=1 tilesets=3
UWU5_BORDER_PLAN_US=121112 APPLY_US=202134
UWU5_AUTHOR_SESSION_DISPOSED=true
UWU5_AUTHOR_ORIGINAL_INACCESSIBLE=true
[runtime_loader] bundle load start projectFilePath=/var/folders/b5/7gsfwzyd449_54n8l40h40gc0000gn/T/uwu5-specialized-player-NRG3IH/player/games/.transactions/1790956733998262-4176772511/staged-version/project/project.json mapId=jardin
[runtime_loader] project manifest lookup path=/var/folders/b5/7gsfwzyd449_54n8l40h40gc0000gn/T/uwu5-specialized-player-NRG3IH/player/games/.transactions/1790956733998262-4176772511/staged-version/project/project.json
[runtime_loader] project manifest read ok bytes=28348
[runtime_loader] project manifest validated maps=2 tilesets=3 scenarios=0
[runtime_loader] bundle map resolved mapId=jardin relativePath=maps/jardin.json mapPath=/var/folders/b5/7gsfwzyd449_54n8l40h40gc0000gn/T/uwu5-specialized-player-NRG3IH/player/games/.transactions/1790956733998262-4176772511/staged-version/project/maps/jardin.json
[runtime_loader] map file lookup path=/var/folders/b5/7gsfwzyd449_54n8l40h40gc0000gn/T/uwu5-specialized-player-NRG3IH/player/games/.transactions/1790956733998262-4176772511/staged-version/project/maps/jardin.json
[runtime_loader] map file read ok bytes=12358
[runtime_loader] map validated id=jardin size=24x16 layers=5 entities=3 placedElements=3 warps=1 triggers=1
[runtime_loader] bundle tilesets collected ids=atelier,source_1790956719100026_647311583
[runtime_loader] bundle tileset path id=atelier path=/var/folders/b5/7gsfwzyd449_54n8l40h40gc0000gn/T/uwu5-specialized-player-NRG3IH/player/games/.transactions/1790956733998262-4176772511/staged-version/project/assets/.pokemap-store/410a5c9667c98ac02aab06b022caa817b619b07228972c838d3c023576cff8a8.blob
[runtime_loader] bundle tileset path id=source_1790956719100026_647311583 path=/var/folders/b5/7gsfwzyd449_54n8l40h40gc0000gn/T/uwu5-specialized-player-NRG3IH/player/games/.transactions/1790956733998262-4176772511/staged-version/project/assets/.pokemap-store/9cfb748d6f809ca442f7dbe4ad918d8e87e9feb814c5695a15922bd7068e23d5.blob
[runtime_loader] bundle load ok mapId=jardin projectRoot=/var/folders/b5/7gsfwzyd449_54n8l40h40gc0000gn/T/uwu5-specialized-player-NRG3IH/player/games/.transactions/1790956733998262-4176772511/staged-version/project tilesets=2
[runtime_loader] bundle load start projectFilePath=/private/var/folders/b5/7gsfwzyd449_54n8l40h40gc0000gn/T/uwu5-specialized-player-NRG3IH/player/games/games.avelune.d-part/versions/0.1.0/project/project.json mapId=jardin
[runtime_loader] project manifest lookup path=/private/var/folders/b5/7gsfwzyd449_54n8l40h40gc0000gn/T/uwu5-specialized-player-NRG3IH/player/games/games.avelune.d-part/versions/0.1.0/project/project.json
[runtime_loader] project manifest read ok bytes=28348
[runtime_loader] project manifest validated maps=2 tilesets=3 scenarios=0
[runtime_loader] bundle map resolved mapId=jardin relativePath=maps/jardin.json mapPath=/private/var/folders/b5/7gsfwzyd449_54n8l40h40gc0000gn/T/uwu5-specialized-player-NRG3IH/player/games/games.avelune.d-part/versions/0.1.0/project/maps/jardin.json
[runtime_loader] map file lookup path=/private/var/folders/b5/7gsfwzyd449_54n8l40h40gc0000gn/T/uwu5-specialized-player-NRG3IH/player/games/games.avelune.d-part/versions/0.1.0/project/maps/jardin.json
[runtime_loader] map file read ok bytes=12358
[runtime_loader] map validated id=jardin size=24x16 layers=5 entities=3 placedElements=3 warps=1 triggers=1
[runtime_loader] bundle tilesets collected ids=atelier,source_1790956719100026_647311583
[runtime_loader] bundle tileset path id=atelier path=/private/var/folders/b5/7gsfwzyd449_54n8l40h40gc0000gn/T/uwu5-specialized-player-NRG3IH/player/games/games.avelune.d-part/versions/0.1.0/project/assets/.pokemap-store/410a5c9667c98ac02aab06b022caa817b619b07228972c838d3c023576cff8a8.blob
[runtime_loader] bundle tileset path id=source_1790956719100026_647311583 path=/private/var/folders/b5/7gsfwzyd449_54n8l40h40gc0000gn/T/uwu5-specialized-player-NRG3IH/player/games/games.avelune.d-part/versions/0.1.0/project/assets/.pokemap-store/9cfb748d6f809ca442f7dbe4ad918d8e87e9feb814c5695a15922bd7068e23d5.blob
[runtime_loader] bundle load ok mapId=jardin projectRoot=/private/var/folders/b5/7gsfwzyd449_54n8l40h40gc0000gn/T/uwu5-specialized-player-NRG3IH/player/games/games.avelune.d-part/versions/0.1.0/project tilesets=2
[runtime_loader] project manifest lookup path=/private/var/folders/b5/7gsfwzyd449_54n8l40h40gc0000gn/T/uwu5-specialized-player-NRG3IH/player/games/games.avelune.d-part/versions/0.1.0/project/project.json
[runtime_loader] project manifest read ok bytes=28348
[runtime_loader] project manifest validated maps=2 tilesets=3 scenarios=0
[runtime_loader] bundle load start projectFilePath=/private/var/folders/b5/7gsfwzyd449_54n8l40h40gc0000gn/T/uwu5-specialized-player-NRG3IH/player/games/games.avelune.d-part/versions/0.1.0/project/project.json mapId=jardin
[runtime_loader] bundle map resolved mapId=jardin relativePath=maps/jardin.json mapPath=/private/var/folders/b5/7gsfwzyd449_54n8l40h40gc0000gn/T/uwu5-specialized-player-NRG3IH/player/games/games.avelune.d-part/versions/0.1.0/project/maps/jardin.json
[runtime_loader] map file lookup path=/private/var/folders/b5/7gsfwzyd449_54n8l40h40gc0000gn/T/uwu5-specialized-player-NRG3IH/player/games/games.avelune.d-part/versions/0.1.0/project/maps/jardin.json
[runtime_loader] map file read ok bytes=12358
[runtime_loader] map validated id=jardin size=24x16 layers=5 entities=3 placedElements=3 warps=1 triggers=1
[runtime_loader] bundle tilesets collected ids=atelier,source_1790956719100026_647311583
[runtime_loader] bundle tileset path id=atelier path=/private/var/folders/b5/7gsfwzyd449_54n8l40h40gc0000gn/T/uwu5-specialized-player-NRG3IH/player/games/games.avelune.d-part/versions/0.1.0/project/assets/.pokemap-store/410a5c9667c98ac02aab06b022caa817b619b07228972c838d3c023576cff8a8.blob
[runtime_loader] bundle tileset path id=source_1790956719100026_647311583 path=/private/var/folders/b5/7gsfwzyd449_54n8l40h40gc0000gn/T/uwu5-specialized-player-NRG3IH/player/games/games.avelune.d-part/versions/0.1.0/project/assets/.pokemap-store/9cfb748d6f809ca442f7dbe4ad918d8e87e9feb814c5695a15922bd7068e23d5.blob
[runtime_loader] bundle load ok mapId=jardin projectRoot=/private/var/folders/b5/7gsfwzyd449_54n8l40h40gc0000gn/T/uwu5-specialized-player-NRG3IH/player/games/games.avelune.d-part/versions/0.1.0/project tilesets=2
UWU5_PACKAGE_SHA256=0cb23758a4637408f037e185ce43bc5b7b5553d11f1d0902f6835806f40438de
[runtime_game] tileset image load start map=jardin
[runtime_game] tileset cache resolve requested=2
[runtime_game] tileset cache resolve ok result=2
[runtime_game] onLoad start map=jardin projectFilePath=/private/var/folders/b5/7gsfwzyd449_54n8l40h40gc0000gn/T/uwu5-specialized-player-NRG3IH/player/games/games.avelune.d-part/versions/0.1.0/project/project.json tilesets=2
[runtime] New game created from project contract on jardin at (8, 9)
[runtime_game] tileset image load ok count=2 map=jardin
[runtime_game] mount root map start map=jardin
[step_studio_trace] npc_mount_added map=jardin entity=chief
[step_studio_trace] npc_mount_added map=jardin entity=traveller
[step_studio_trace] npc_presence_applied map=jardin entity=chief present=true
[step_studio_trace] npc_presence_applied map=jardin entity=traveller present=true
[runtime_game] mount root map ok map=jardin
[runtime_loader] bundle load start projectFilePath=/private/var/folders/b5/7gsfwzyd449_54n8l40h40gc0000gn/T/uwu5-specialized-player-NRG3IH/player/games/games.avelune.d-part/versions/0.1.0/project/project.json mapId=clairiere
[runtime_loader] project manifest lookup path=/private/var/folders/b5/7gsfwzyd449_54n8l40h40gc0000gn/T/uwu5-specialized-player-NRG3IH/player/games/games.avelune.d-part/versions/0.1.0/project/project.json
[npc_patrol] read movement entity=chief pos=(8,10) size=1x1 mode=idle waypoints= loop=true pauseMs=0 stepMs=200
[npc_patrol] read movement entity=traveller pos=(10,10) size=1x1 mode=idle waypoints= loop=true pauseMs=0 stepMs=200
[runtime_game] onLoad completed activeMapId=jardin
[runtime_loader] map file lookup path=/private/var/folders/b5/7gsfwzyd449_54n8l40h40gc0000gn/T/uwu5-specialized-player-NRG3IH/player/games/games.avelune.d-part/versions/0.1.0/project/maps/clairiere.json
[runtime_loader] map file read ok bytes=5735
[runtime_loader] project manifest read ok bytes=28348
[runtime_loader] map validated id=clairiere size=24x16 layers=3 entities=1 placedElements=3 warps=0 triggers=0
[runtime_loader] project manifest validated maps=2 tilesets=3 scenarios=0
[runtime_loader] bundle map resolved mapId=clairiere relativePath=maps/clairiere.json mapPath=/private/var/folders/b5/7gsfwzyd449_54n8l40h40gc0000gn/T/uwu5-specialized-player-NRG3IH/player/games/games.avelune.d-part/versions/0.1.0/project/maps/clairiere.json
[runtime_loader] map file lookup path=/private/var/folders/b5/7gsfwzyd449_54n8l40h40gc0000gn/T/uwu5-specialized-player-NRG3IH/player/games/games.avelune.d-part/versions/0.1.0/project/maps/clairiere.json
[step_studio_trace] npc_presence_applied map=jardin entity=chief present=true
[step_studio_trace] npc_presence_applied map=jardin entity=traveller present=true
[npc_patrol] read movement entity=chief pos=(8,10) size=1x1 mode=idle waypoints= loop=true pauseMs=0 stepMs=200
[npc_patrol] read movement entity=traveller pos=(10,10) size=1x1 mode=idle waypoints= loop=true pauseMs=0 stepMs=200
[step_studio_trace] npc_presence_applied map=jardin entity=chief present=true
[step_studio_trace] npc_presence_applied map=jardin entity=traveller present=true
[npc_patrol] read movement entity=chief pos=(8,10) size=1x1 mode=idle waypoints= loop=true pauseMs=0 stepMs=200
[npc_patrol] read movement entity=traveller pos=(10,10) size=1x1 mode=idle waypoints= loop=true pauseMs=0 stepMs=200
[event_v2] mapEnter activation=mapact_1790956734544626_1 map=jardin reason=initialBoot result=MapEnterProductionDispatchNoFallback
[runtime_loader] map file read ok bytes=5735
[runtime_loader] map validated id=clairiere size=24x16 layers=3 entities=1 placedElements=3 warps=0 triggers=0
[runtime_loader] bundle tilesets collected ids=atelier
[runtime_loader] bundle tileset path id=atelier path=/private/var/folders/b5/7gsfwzyd449_54n8l40h40gc0000gn/T/uwu5-specialized-player-NRG3IH/player/games/games.avelune.d-part/versions/0.1.0/project/assets/.pokemap-store/410a5c9667c98ac02aab06b022caa817b619b07228972c838d3c023576cff8a8.blob
[runtime_loader] bundle load ok mapId=clairiere projectRoot=/private/var/folders/b5/7gsfwzyd449_54n8l40h40gc0000gn/T/uwu5-specialized-player-NRG3IH/player/games/games.avelune.d-part/versions/0.1.0/project tilesets=1
[runtime_game] tileset cache resolve requested=1
[runtime_game] tileset cache resolve ok result=1
UWU5_INSTALLED_TERRAIN_PIXELS=8190
UWU5_INSTALLED_DEPRECATED_BORDER_PIXELS=33033
[dialogue] interaction entity=event-v2:evt_019abcde-9000-7000-8000-000000000007:evx_01a0fd57-0b2a-7002-8000-5ea49f7b920c:zone:1790956735282
[dialogue] resolved dialogueId=zone
[dialogue] resolved file=dialogues/zone.json
[dialogue] requested startNode=Start
[scenario_lock] accepted source=event-v2:evt_019abcde-9000-7000-8000-000000000007:evx_01a0fd57-0b2a-7002-8000-5ea49f7b920c:zone:1790956735282 phase=dialogueLoading serial=1
[dialogue] parsed 1 node(s) from /private/var/folders/b5/7gsfwzyd449_54n8l40h40gc0000gn/T/uwu5-specialized-player-NRG3IH/player/games/games.avelune.d-part/versions/0.1.0/project/dialogues/zone.json
[dialogue] starting at node "Start"
[scene_runtime] dialogue content loaded request=event-v2:evt_019abcde-9000-7000-8000-000000000007:evx_01a0fd57-0b2a-7002-8000-5ea49f7b920c:zone:1790956735282 elapsedMs=4
[scenario_lock] cleared source=event-v2:evt_019abcde-9000-7000-8000-000000000007:evx_01a0fd57-0b2a-7002-8000-5ea49f7b920c:zone:1790956735282 reason=dialogueOpened serial=1
[dialogue] opened node=Start text="Bienvenue sur le quai."
UWU5_INSTALLED_DIALOGUE_PORTRAIT=uwu5-replacement:neutral
[dialogue] dialogue closed
[scene_runtime] dialogue completed request=event-v2:evt_019abcde-9000-7000-8000-000000000007:evx_01a0fd57-0b2a-7002-8000-5ea49f7b920c:zone:1790956735282 status=completed port=completed
[dialogue] finished
[step_studio_trace] npc_presence_applied map=jardin entity=chief present=true
[step_studio_trace] npc_presence_applied map=jardin entity=traveller present=true
[npc_patrol] read movement entity=chief pos=(8,10) size=1x1 mode=idle waypoints= loop=true pauseMs=0 stepMs=200
[npc_patrol] read movement entity=traveller pos=(10,10) size=1x1 mode=idle waypoints= loop=true pauseMs=0 stepMs=200
[step_studio_trace] npc_presence_applied map=jardin entity=chief present=true
[step_studio_trace] npc_presence_applied map=jardin entity=traveller present=true
[npc_patrol] read movement entity=chief pos=(8,10) size=1x1 mode=idle waypoints= loop=true pauseMs=0 stepMs=200
[npc_patrol] read movement entity=traveller pos=(10,10) size=1x1 mode=idle waypoints= loop=true pauseMs=0 stepMs=200
UWU5_INSTALLED_RENAMED_TERRAIN_TRAVERSED=5,8
UWU5_INSTALLED_COLLISION_BLOCKED=0,8
00:17 +1: loading /Users/karim/Project/pokemonProject/apps/pokemap_hub/test/features/installation/uwu4_resource_replacement_player_e2e_test.dart
00:18 +1: /Users/karim/Project/pokemonProject/apps/pokemap_hub/test/features/installation/uwu4_resource_replacement_player_e2e_test.dart: replaced Studio source exports and renders from installed Player alone
[runtime_loader] bundle load start projectFilePath=/var/folders/b5/7gsfwzyd449_54n8l40h40gc0000gn/T/uwu4-replacement-player-0FQ2re/player/games/.transactions/1790956749418221-1015926702/staged-version/project/project.json mapId=jardin
[runtime_loader] project manifest lookup path=/var/folders/b5/7gsfwzyd449_54n8l40h40gc0000gn/T/uwu4-replacement-player-0FQ2re/player/games/.transactions/1790956749418221-1015926702/staged-version/project/project.json
[runtime_loader] project manifest read ok bytes=9472
[runtime_loader] project manifest validated maps=2 tilesets=2 scenarios=0
[runtime_loader] bundle map resolved mapId=jardin relativePath=maps/jardin.json mapPath=/var/folders/b5/7gsfwzyd449_54n8l40h40gc0000gn/T/uwu4-replacement-player-0FQ2re/player/games/.transactions/1790956749418221-1015926702/staged-version/project/maps/jardin.json
[runtime_loader] map file lookup path=/var/folders/b5/7gsfwzyd449_54n8l40h40gc0000gn/T/uwu4-replacement-player-0FQ2re/player/games/.transactions/1790956749418221-1015926702/staged-version/project/maps/jardin.json
[runtime_loader] map file read ok bytes=7364
[runtime_loader] map validated id=jardin size=24x16 layers=3 entities=3 placedElements=4 warps=1 triggers=1
[runtime_loader] bundle tilesets collected ids=atelier,source_1790956739036201_884792539
[runtime_loader] bundle tileset path id=atelier path=/var/folders/b5/7gsfwzyd449_54n8l40h40gc0000gn/T/uwu4-replacement-player-0FQ2re/player/games/.transactions/1790956749418221-1015926702/staged-version/project/assets/.pokemap-store/410a5c9667c98ac02aab06b022caa817b619b07228972c838d3c023576cff8a8.blob
[runtime_loader] bundle tileset path id=source_1790956739036201_884792539 path=/var/folders/b5/7gsfwzyd449_54n8l40h40gc0000gn/T/uwu4-replacement-player-0FQ2re/player/games/.transactions/1790956749418221-1015926702/staged-version/project/assets/.pokemap-store/ba293e6ad902d55a2c128b261feaa5f44631b8f83b9d809af330c7a0541589b7.blob
[runtime_loader] bundle load ok mapId=jardin projectRoot=/var/folders/b5/7gsfwzyd449_54n8l40h40gc0000gn/T/uwu4-replacement-player-0FQ2re/player/games/.transactions/1790956749418221-1015926702/staged-version/project tilesets=2
[runtime_loader] bundle load start projectFilePath=/private/var/folders/b5/7gsfwzyd449_54n8l40h40gc0000gn/T/uwu4-replacement-player-0FQ2re/player/games/games.avelune.d-part/versions/0.1.0/project/project.json mapId=jardin
[runtime_loader] project manifest lookup path=/private/var/folders/b5/7gsfwzyd449_54n8l40h40gc0000gn/T/uwu4-replacement-player-0FQ2re/player/games/games.avelune.d-part/versions/0.1.0/project/project.json
[runtime_loader] project manifest read ok bytes=9472
[runtime_loader] project manifest validated maps=2 tilesets=2 scenarios=0
[runtime_loader] bundle map resolved mapId=jardin relativePath=maps/jardin.json mapPath=/private/var/folders/b5/7gsfwzyd449_54n8l40h40gc0000gn/T/uwu4-replacement-player-0FQ2re/player/games/games.avelune.d-part/versions/0.1.0/project/maps/jardin.json
[runtime_loader] map file lookup path=/private/var/folders/b5/7gsfwzyd449_54n8l40h40gc0000gn/T/uwu4-replacement-player-0FQ2re/player/games/games.avelune.d-part/versions/0.1.0/project/maps/jardin.json
[runtime_loader] map file read ok bytes=7364
[runtime_loader] map validated id=jardin size=24x16 layers=3 entities=3 placedElements=4 warps=1 triggers=1
[runtime_loader] bundle tilesets collected ids=atelier,source_1790956739036201_884792539
[runtime_loader] bundle tileset path id=atelier path=/private/var/folders/b5/7gsfwzyd449_54n8l40h40gc0000gn/T/uwu4-replacement-player-0FQ2re/player/games/games.avelune.d-part/versions/0.1.0/project/assets/.pokemap-store/410a5c9667c98ac02aab06b022caa817b619b07228972c838d3c023576cff8a8.blob
[runtime_loader] bundle tileset path id=source_1790956739036201_884792539 path=/private/var/folders/b5/7gsfwzyd449_54n8l40h40gc0000gn/T/uwu4-replacement-player-0FQ2re/player/games/games.avelune.d-part/versions/0.1.0/project/assets/.pokemap-store/ba293e6ad902d55a2c128b261feaa5f44631b8f83b9d809af330c7a0541589b7.blob
[runtime_loader] bundle load ok mapId=jardin projectRoot=/private/var/folders/b5/7gsfwzyd449_54n8l40h40gc0000gn/T/uwu4-replacement-player-0FQ2re/player/games/games.avelune.d-part/versions/0.1.0/project tilesets=2
[runtime_loader] project manifest lookup path=/private/var/folders/b5/7gsfwzyd449_54n8l40h40gc0000gn/T/uwu4-replacement-player-0FQ2re/player/games/games.avelune.d-part/versions/0.1.0/project/project.json
[runtime_loader] project manifest read ok bytes=9472
[runtime_loader] project manifest validated maps=2 tilesets=2 scenarios=0
[runtime_loader] bundle load start projectFilePath=/private/var/folders/b5/7gsfwzyd449_54n8l40h40gc0000gn/T/uwu4-replacement-player-0FQ2re/player/games/games.avelune.d-part/versions/0.1.0/project/project.json mapId=jardin
[runtime_loader] bundle map resolved mapId=jardin relativePath=maps/jardin.json mapPath=/private/var/folders/b5/7gsfwzyd449_54n8l40h40gc0000gn/T/uwu4-replacement-player-0FQ2re/player/games/games.avelune.d-part/versions/0.1.0/project/maps/jardin.json
[runtime_loader] map file lookup path=/private/var/folders/b5/7gsfwzyd449_54n8l40h40gc0000gn/T/uwu4-replacement-player-0FQ2re/player/games/games.avelune.d-part/versions/0.1.0/project/maps/jardin.json
[runtime_loader] map file read ok bytes=7364
[runtime_loader] map validated id=jardin size=24x16 layers=3 entities=3 placedElements=4 warps=1 triggers=1
[runtime_loader] bundle tilesets collected ids=atelier,source_1790956739036201_884792539
[runtime_loader] bundle tileset path id=atelier path=/private/var/folders/b5/7gsfwzyd449_54n8l40h40gc0000gn/T/uwu4-replacement-player-0FQ2re/player/games/games.avelune.d-part/versions/0.1.0/project/assets/.pokemap-store/410a5c9667c98ac02aab06b022caa817b619b07228972c838d3c023576cff8a8.blob
[runtime_loader] bundle tileset path id=source_1790956739036201_884792539 path=/private/var/folders/b5/7gsfwzyd449_54n8l40h40gc0000gn/T/uwu4-replacement-player-0FQ2re/player/games/games.avelune.d-part/versions/0.1.0/project/assets/.pokemap-store/ba293e6ad902d55a2c128b261feaa5f44631b8f83b9d809af330c7a0541589b7.blob
[runtime_loader] bundle load ok mapId=jardin projectRoot=/private/var/folders/b5/7gsfwzyd449_54n8l40h40gc0000gn/T/uwu4-replacement-player-0FQ2re/player/games/games.avelune.d-part/versions/0.1.0/project tilesets=2
UWU4_PACKAGE_SHA256=562068be632d8bb4adc576fdb42e2beea196ecb23d45926d03e9fa6c568e087e
UWU4_INSTALLED_PIXELS_SHA256=5b63704e7c045ea110c7d077f8ad11c00a591da87939ecf78206f13cdd05e57f
[runtime_game] tileset image load start map=jardin
[runtime_game] tileset cache resolve requested=2
[runtime_game] tileset cache resolve ok result=2
[runtime_game] onLoad start map=jardin projectFilePath=/private/var/folders/b5/7gsfwzyd449_54n8l40h40gc0000gn/T/uwu4-replacement-player-0FQ2re/player/games/games.avelune.d-part/versions/0.1.0/project/project.json tilesets=2
[runtime] New game created from project contract on jardin at (8, 9)
[runtime_game] tileset image load ok count=2 map=jardin
[runtime_game] mount root map start map=jardin
[step_studio_trace] npc_mount_added map=jardin entity=chief
[step_studio_trace] npc_mount_added map=jardin entity=traveller
[step_studio_trace] npc_presence_applied map=jardin entity=chief present=true
[step_studio_trace] npc_presence_applied map=jardin entity=traveller present=true
[runtime_game] mount root map ok map=jardin
[runtime_loader] bundle load start projectFilePath=/private/var/folders/b5/7gsfwzyd449_54n8l40h40gc0000gn/T/uwu4-replacement-player-0FQ2re/player/games/games.avelune.d-part/versions/0.1.0/project/project.json mapId=clairiere
[runtime_loader] project manifest lookup path=/private/var/folders/b5/7gsfwzyd449_54n8l40h40gc0000gn/T/uwu4-replacement-player-0FQ2re/player/games/games.avelune.d-part/versions/0.1.0/project/project.json
[npc_patrol] read movement entity=chief pos=(8,10) size=1x1 mode=idle waypoints= loop=true pauseMs=0 stepMs=200
[npc_patrol] read movement entity=traveller pos=(10,10) size=1x1 mode=idle waypoints= loop=true pauseMs=0 stepMs=200
[runtime_game] onLoad completed activeMapId=jardin
[runtime_loader] map file lookup path=/private/var/folders/b5/7gsfwzyd449_54n8l40h40gc0000gn/T/uwu4-replacement-player-0FQ2re/player/games/games.avelune.d-part/versions/0.1.0/project/maps/clairiere.json
[runtime_loader] project manifest read ok bytes=9472
[runtime_loader] map file read ok bytes=5735
[runtime_loader] map validated id=clairiere size=24x16 layers=3 entities=1 placedElements=3 warps=0 triggers=0
[runtime_loader] project manifest validated maps=2 tilesets=2 scenarios=0
[runtime_loader] bundle map resolved mapId=clairiere relativePath=maps/clairiere.json mapPath=/private/var/folders/b5/7gsfwzyd449_54n8l40h40gc0000gn/T/uwu4-replacement-player-0FQ2re/player/games/games.avelune.d-part/versions/0.1.0/project/maps/clairiere.json
[runtime_loader] map file lookup path=/private/var/folders/b5/7gsfwzyd449_54n8l40h40gc0000gn/T/uwu4-replacement-player-0FQ2re/player/games/games.avelune.d-part/versions/0.1.0/project/maps/clairiere.json
[step_studio_trace] npc_presence_applied map=jardin entity=chief present=true
[step_studio_trace] npc_presence_applied map=jardin entity=traveller present=true
[npc_patrol] read movement entity=chief pos=(8,10) size=1x1 mode=idle waypoints= loop=true pauseMs=0 stepMs=200
[npc_patrol] read movement entity=traveller pos=(10,10) size=1x1 mode=idle waypoints= loop=true pauseMs=0 stepMs=200
[step_studio_trace] npc_presence_applied map=jardin entity=chief present=true
[step_studio_trace] npc_presence_applied map=jardin entity=traveller present=true
[npc_patrol] read movement entity=chief pos=(8,10) size=1x1 mode=idle waypoints= loop=true pauseMs=0 stepMs=200
[npc_patrol] read movement entity=traveller pos=(10,10) size=1x1 mode=idle waypoints= loop=true pauseMs=0 stepMs=200
[event_v2] mapEnter activation=mapact_1790956749785092_1 map=jardin reason=initialBoot result=MapEnterProductionDispatchNoFallback
[runtime_loader] map file read ok bytes=5735
[runtime_loader] map validated id=clairiere size=24x16 layers=3 entities=1 placedElements=3 warps=0 triggers=0
[runtime_loader] bundle tilesets collected ids=atelier
[runtime_loader] bundle tileset path id=atelier path=/private/var/folders/b5/7gsfwzyd449_54n8l40h40gc0000gn/T/uwu4-replacement-player-0FQ2re/player/games/games.avelune.d-part/versions/0.1.0/project/assets/.pokemap-store/410a5c9667c98ac02aab06b022caa817b619b07228972c838d3c023576cff8a8.blob
[runtime_loader] bundle load ok mapId=clairiere projectRoot=/private/var/folders/b5/7gsfwzyd449_54n8l40h40gc0000gn/T/uwu4-replacement-player-0FQ2re/player/games/games.avelune.d-part/versions/0.1.0/project tilesets=1
[runtime_game] tileset cache resolve requested=1
[runtime_game] tileset cache resolve ok result=1
UWU4_RENDER_REPLACED_PIXELS=8100
00:32 +2: All tests passed!
