00:00 +0: loading test/domains/assets/resource_source_actions_test.dart
00:00 +0: test/domains/assets/resource_source_actions_test.dart: stable source replacement preserves geometry, original shared blob and other identity
00:00 +1: test/domains/maps/smart_tile_lifecycle_api_test.dart: terrain lifecycle preserves raw nested data outside its owner
00:00 +2: test/domains/maps/smart_tile_lifecycle_api_test.dart: terrain lifecycle preserves raw nested data outside its owner
00:00 +3: test/domains/maps/smart_tile_lifecycle_api_test.dart: terrain lifecycle preserves raw nested data outside its owner
00:00 +4: test/domains/maps/smart_tile_lifecycle_api_test.dart: terrain lifecycle preserves raw nested data outside its owner
00:00 +5: test/domains/maps/smart_tile_lifecycle_api_test.dart: terrain lifecycle preserves raw nested data outside its owner
00:00 +6: test/domains/maps/smart_tile_lifecycle_api_test.dart: terrain lifecycle preserves raw nested data outside its owner
00:00 +7: test/domains/maps/smart_tile_lifecycle_api_test.dart: terrain lifecycle preserves raw nested data outside its owner
00:00 +8: test/domains/maps/smart_tile_lifecycle_api_test.dart: terrain lifecycle preserves raw nested data outside its owner
00:00 +9: test/domains/maps/smart_tile_lifecycle_api_test.dart: terrain lifecycle preserves raw nested data outside its owner
00:00 +10: test/domains/maps/smart_tile_lifecycle_api_test.dart: terrain lifecycle preserves raw nested data outside its owner
00:00 +11: test/domains/maps/smart_tile_lifecycle_api_test.dart: terrain lifecycle preserves raw nested data outside its owner
00:00 +12: test/domains/maps/smart_tile_lifecycle_api_test.dart: terrain lifecycle preserves raw nested data outside its owner
00:00 +13: test/domains/maps/smart_tile_lifecycle_api_test.dart: terrain lifecycle preserves raw nested data outside its owner
00:00 +14: test/domains/maps/smart_tile_lifecycle_api_test.dart: terrain lifecycle preserves raw nested data outside its owner
00:00 +15: test/domains/maps/smart_tile_lifecycle_api_test.dart: terrain lifecycle preserves raw nested data outside its owner
00:00 +16: test/domains/maps/smart_tile_lifecycle_api_test.dart: terrain lifecycle preserves raw nested data outside its owner
00:00 +17: test/domains/maps/smart_tile_lifecycle_api_test.dart: terrain lifecycle preserves raw nested data outside its owner
00:00 +18: test/domains/maps/smart_tile_lifecycle_api_test.dart: terrain lifecycle preserves raw nested data outside its owner
00:00 +19: test/domains/maps/smart_tile_lifecycle_api_test.dart: terrain lifecycle preserves raw nested data outside its owner
00:00 +20: test/domains/maps/smart_tile_lifecycle_api_test.dart: terrain lifecycle preserves raw nested data outside its owner
00:00 +21: test/domains/maps/smart_tile_lifecycle_api_test.dart: terrain lifecycle preserves raw nested data outside its owner
00:00 +22: test/domains/maps/smart_tile_lifecycle_api_test.dart: terrain lifecycle preserves raw nested data outside its owner
00:00 +23: test/domains/maps/smart_tile_lifecycle_api_test.dart: terrain lifecycle preserves raw nested data outside its owner
00:00 +24: test/domains/maps/smart_tile_lifecycle_api_test.dart: terrain lifecycle preserves raw nested data outside its owner
00:00 +25: test/domains/maps/smart_tile_lifecycle_api_test.dart: terrain lifecycle preserves raw nested data outside its owner
00:00 +26: test/domains/maps/smart_tile_lifecycle_api_test.dart: terrain lifecycle preserves raw nested data outside its owner
00:00 +27: test/domains/maps/smart_tile_lifecycle_api_test.dart: terrain lifecycle preserves raw nested data outside its owner
00:00 +28: test/domains/maps/smart_tile_lifecycle_api_test.dart: terrain lifecycle preserves raw nested data outside its owner
00:00 +29: test/domains/maps/smart_tile_lifecycle_api_test.dart: terrain lifecycle preserves raw nested data outside its owner
00:01 +30: test/domains/maps/smart_tile_lifecycle_api_test.dart: terrain lifecycle preserves raw nested data outside its owner
00:01 +31: test/domains/maps/smart_tile_lifecycle_api_test.dart: terrain lifecycle preserves raw nested data outside its owner
00:01 +32: test/domains/maps/smart_tile_lifecycle_api_test.dart: terrain lifecycle preserves raw nested data outside its owner
00:01 +33: test/domains/maps/smart_tile_lifecycle_api_test.dart: terrain lifecycle preserves raw nested data outside its owner
00:01 +34: test/domains/maps/smart_tile_lifecycle_api_test.dart: terrain lifecycle preserves raw nested data outside its owner
00:01 +35: test/domains/maps/smart_tile_lifecycle_api_test.dart: terrain lifecycle preserves raw nested data outside its owner
00:01 +36: test/domains/maps/smart_tile_lifecycle_api_test.dart: JSONL rename persists metadata then publication keeps the new title
00:01 +37: test/domains/maps/smart_tile_lifecycle_api_test.dart: JSONL rename persists metadata then publication keeps the new title
00:01 +38: test/domains/maps/smart_tile_lifecycle_api_test.dart: JSONL rename persists metadata then publication keeps the new title
00:01 +39: test/domains/maps/smart_tile_lifecycle_api_test.dart: JSONL rename persists metadata then publication keeps the new title
00:01 +40: test/domains/maps/smart_tile_lifecycle_api_test.dart: JSONL rename persists metadata then publication keeps the new title
00:01 +41: test/domains/maps/smart_tile_lifecycle_api_test.dart: JSONL rename persists metadata then publication keeps the new title
00:01 +42: test/domains/maps/smart_tile_lifecycle_api_test.dart: JSONL rename persists metadata then publication keeps the new title
00:01 +43: test/domains/maps/smart_tile_lifecycle_api_test.dart: JSONL rename persists metadata then publication keeps the new title
00:01 +44: test/domains/maps/smart_tile_lifecycle_api_test.dart: JSONL rename persists metadata then publication keeps the new title
00:01 +45: test/domains/maps/smart_tile_lifecycle_api_test.dart: JSONL rename persists metadata then publication keeps the new title
00:01 +46: test/tooling/border_deprecation_recovery_test.dart: deprecation recovers honestly after beforeResourcePromotion
00:01 +47: test/tooling/border_deprecation_recovery_test.dart: deprecation recovers honestly after beforeResourcePromotion
00:01 +48: test/tooling/border_deprecation_recovery_test.dart: deprecation recovers honestly after beforeResourcePromotion
00:01 +49: test/tooling/border_deprecation_recovery_test.dart: deprecation recovers honestly after beforeResourcePromotion
00:01 +50: test/tooling/border_deprecation_recovery_test.dart: deprecation recovers honestly after beforeResourcePromotion
00:01 +51: test/tooling/border_deprecation_recovery_test.dart: deprecation recovers honestly after beforeResourcePromotion
00:01 +52: test/tooling/border_deprecation_recovery_test.dart: deprecation recovers honestly after beforeResourcePromotion
00:01 +53: test/tooling/border_deprecation_recovery_test.dart: deprecation recovers honestly after beforeResourcePromotion
00:01 +54: test/tooling/border_deprecation_recovery_test.dart: deprecation recovers honestly after beforeResourcePromotion
00:01 +55: test/tooling/border_deprecation_recovery_test.dart: deprecation recovers honestly after beforeResourcePromotion
00:01 +56: test/tooling/border_deprecation_recovery_test.dart: deprecation recovers honestly after beforeResourcePromotion
00:01 +57: test/tooling/border_deprecation_recovery_test.dart: deprecation recovers honestly after beforeResourcePromotion
00:01 +58: test/tooling/border_deprecation_recovery_test.dart: deprecation recovers honestly after beforeResourcePromotion
UWU5_TERRAIN_COPY_PLAN_US=16271 APPLY_US=66696 MAPS=0 TILESETS=1
00:01 +59: test/tooling/border_deprecation_recovery_test.dart: deprecation recovers honestly after beforeResourcePromotion
00:01 +60: test/tooling/border_deprecation_recovery_test.dart: deprecation recovers honestly after beforeResourcePromotion
00:01 +61: test/tooling/border_deprecation_recovery_test.dart: deprecation recovers honestly after beforeResourcePromotion
00:01 +62: test/tooling/border_deprecation_recovery_test.dart: deprecation recovers honestly after beforeResourcePromotion
00:01 +63: test/tooling/border_deprecation_recovery_test.dart: deprecation recovers honestly after beforeResourcePromotion
00:01 +64: test/tooling/border_deprecation_recovery_test.dart: deprecation recovers honestly after beforeResourcePromotion
00:02 +65: test/domains/gameplay/character_studio_deletion_transaction_test.dart: partial deletion promotion recovers project map and Yarn through the existing journal
00:02 +66: test/tooling/border_deprecation_recovery_test.dart: deprecation recovers honestly after afterResourcePromoted
00:02 +67: test/tooling/border_deprecation_recovery_test.dart: deprecation recovers honestly after afterResourcePromoted
00:02 +68: All tests passed!
