00:00 +0: loading /private/tmp/uwu5-publish-20261002/apps/avelune_studio/test/resource_io/uwu5_source_removal_host_test.dart
00:00 +0: /private/tmp/uwu5-publish-20261002/apps/avelune_studio/test/resource_io/uwu5_source_removal_host_test.dart: cancelling the prepared source withdrawal writes nothing
00:01 +1: /private/tmp/uwu5-publish-20261002/apps/avelune_studio/test/resource_io/uwu5_source_removal_host_test.dart: cancelling the prepared source withdrawal writes nothing
00:01 +2: /private/tmp/uwu5-publish-20261002/apps/avelune_studio/test/resource_io/uwu5_source_removal_host_test.dart: cancelling the prepared source withdrawal writes nothing
00:01 +3: /private/tmp/uwu5-publish-20261002/apps/avelune_studio/test/resource_io/uwu5_source_removal_host_test.dart: cancelling the prepared source withdrawal writes nothing
00:01 +4: /private/tmp/uwu5-publish-20261002/apps/avelune_studio/test/resource_io/uwu5_source_removal_host_test.dart: cancelling the prepared source withdrawal writes nothing
00:01 +5: /private/tmp/uwu5-publish-20261002/apps/avelune_studio/test/resource_io/uwu5_source_removal_host_test.dart: cancelling the prepared source withdrawal writes nothing
00:01 +6: /private/tmp/uwu5-publish-20261002/apps/avelune_studio/test/resource_io/uwu5_source_removal_host_test.dart: cancelling the prepared source withdrawal writes nothing
00:01 +7: /private/tmp/uwu5-publish-20261002/apps/avelune_studio/test/resource_io/uwu5_source_removal_host_test.dart: cancelling the prepared source withdrawal writes nothing
00:01 +8: /private/tmp/uwu5-publish-20261002/apps/avelune_studio/test/resource_io/uwu5_source_removal_host_test.dart: cancelling the prepared source withdrawal writes nothing
00:02 +9: /private/tmp/uwu5-publish-20261002/apps/avelune_studio/test/resource_io/uwu5_source_removal_host_test.dart: cancelling the prepared source withdrawal writes nothing
00:02 +10: /private/tmp/uwu5-publish-20261002/apps/avelune_studio/test/resource_io/uwu5_source_removal_host_test.dart: cancelling the prepared source withdrawal writes nothing
00:02 +11: /private/tmp/uwu5-publish-20261002/apps/avelune_studio/test/resource_io/uwu5_source_removal_host_test.dart: cancelling the prepared source withdrawal writes nothing
UWU5_SOURCE_CANCEL_HOST_US=186540
00:05 +12: /private/tmp/uwu5-publish-20261002/apps/avelune_studio/test/resource_io/terrain_management_host_test.dart: published path rename persists without publishing draft rules
00:10 +13: /private/tmp/uwu5-publish-20261002/apps/avelune_studio/test/resource_io/uwu5_source_removal_host_test.dart: source removal can return to definition-only after analysis
00:10 +14: /private/tmp/uwu5-publish-20261002/apps/avelune_studio/test/resource_io/terrain_management_host_test.dart: published path duplicates into independent saved preparation
00:13 +15: /private/tmp/uwu5-publish-20261002/apps/avelune_studio/test/resource_io/uwu5_source_removal_host_test.dart: confirmed source removal applies the announced logical effects
00:14 +16: /private/tmp/uwu5-publish-20261002/apps/avelune_studio/test/resource_io/terrain_management_host_test.dart: draft withdrawal preserves published terrain and source
00:17 +17: /private/tmp/uwu5-publish-20261002/apps/avelune_studio/test/resource_io/terrain_management_guards_host_test.dart: unchanged normalized name performs no write
00:20 +18: /private/tmp/uwu5-publish-20261002/apps/avelune_studio/test/resource_io/terrain_management_host_test.dart: painted path deletion is refused through real preparation
00:20 +19: /private/tmp/uwu5-publish-20261002/apps/avelune_studio/test/resource_io/terrain_management_guards_host_test.dart: rename conflict keeps input and newer saved metadata
00:23 +20: /private/tmp/uwu5-publish-20261002/apps/avelune_studio/test/resource_io/border_management_host_test.dart: unpublished border withdrawal preserves publication and pixels
00:27 +21: /private/tmp/uwu5-publish-20261002/apps/avelune_studio/test/resource_io/terrain_management_guards_host_test.dart: dirty preparation copy requires explicit save without publication
00:29 +22: /private/tmp/uwu5-publish-20261002/apps/avelune_studio/test/resource_io/border_management_host_test.dart: deprecation and reactivation preserve immutable publication
00:32 +23: /private/tmp/uwu5-publish-20261002/apps/avelune_studio/test/resource_io/border_management_host_test.dart: deprecation and reactivation preserve immutable publication
00:33 +24: /private/tmp/uwu5-publish-20261002/apps/avelune_studio/test/resource_io/terrain_management_guards_host_test.dart: local-only preparation withdrawal writes nothing
00:37 +25: /private/tmp/uwu5-publish-20261002/apps/avelune_studio/test/resource_io/border_management_guards_host_test.dart: dirty border editor blocks withdrawal without losing focused input
00:43 +26: /private/tmp/uwu5-publish-20261002/apps/avelune_studio/test/resource_io/character_removal_host_test.dart: free character removal persists without selecting the next identity
00:45 +27: /private/tmp/uwu5-publish-20261002/apps/avelune_studio/test/resource_io/border_management_guards_host_test.dart: stale border confirmation refuses and preserves publication
00:47 +28: /private/tmp/uwu5-publish-20261002/apps/avelune_studio/test/resource_io/character_removal_concurrency_host_test.dart: dirty replacement is refused without saving its focused draft
00:51 +29: /private/tmp/uwu5-publish-20261002/apps/avelune_studio/test/resource_io/character_removal_concurrency_host_test.dart: dirty replacement is refused without saving its focused draft
00:53 +30: /private/tmp/uwu5-publish-20261002/apps/avelune_studio/test/resource_io/character_removal_reconciliation_host_test.dart: published character removal retries UI without replaying delete
00:56 +31: /private/tmp/uwu5-publish-20261002/apps/avelune_studio/test/resource_io/character_removal_reconciliation_host_test.dart: published character removal retries UI without replaying delete
00:58 +32: /private/tmp/uwu5-publish-20261002/apps/avelune_studio/test/resource_io/character_removal_concurrency_host_test.dart: replacement removed after preview cannot partially replace map references
01:01 +33: /private/tmp/uwu5-publish-20261002/apps/avelune_studio/test/map_workspace/uwu5_border_availability_host_test.dart: an unavailable selected border is never replaced by another
01:02 +34: /private/tmp/uwu5-publish-20261002/apps/avelune_studio/test/dialogues/character_sources_reconciliation_test.dart: changed Yarn invalidates only clean affected sessions and preview
01:04 +35: /private/tmp/uwu5-publish-20261002/apps/avelune_studio/test/pokemon/combat_character_receipt_race_test.dart: retained combat load cannot restore a removed character after receipt
01:04 +36: /private/tmp/uwu5-publish-20261002/apps/avelune_studio/test/pokemon/combat_character_receipt_race_test.dart: clean trainer and closed map refresh survive an obsolete reload
01:04 +37: /private/tmp/uwu5-publish-20261002/apps/avelune_studio/test/pokemon/combat_character_receipt_race_test.dart: trainer guard includes both base and newly edited character
01:04 +38: /private/tmp/uwu5-publish-20261002/apps/avelune_studio/test/pokemon/combat_character_receipt_race_test.dart: invalid focused number guards the clean trainer reference
01:04 +39: /private/tmp/uwu5-publish-20261002/apps/avelune_studio/test/pokemon/combat_character_receipt_race_test.dart: unrelated trainer draft and field errors survive reconciliation
01:04 +40: /private/tmp/uwu5-publish-20261002/apps/avelune_studio/test/pokemon/combat_character_receipt_race_test.dart: unrelated encounter draft survives character reconciliation
01:04 +41: /private/tmp/uwu5-publish-20261002/apps/avelune_studio/test/pokemon/combat_character_receipt_race_test.dart: clean selected trainer removal clears only its selection
01:04 +42: /private/tmp/uwu5-publish-20261002/apps/avelune_studio/test/application/map_resource_receipt_race_test.dart: receipt invalidates a closed preview and its retained load
01:04 +43: /private/tmp/uwu5-publish-20261002/apps/avelune_studio/test/application/map_resource_receipt_race_test.dart: receipt invalidates a retained activation before document insertion
01:04 +44: /private/tmp/uwu5-publish-20261002/apps/avelune_studio/test/application/map_resource_receipt_race_test.dart: old activation cannot remove the new activation queue entry
01:04 +45: /private/tmp/uwu5-publish-20261002/apps/avelune_studio/test/application/map_resource_receipt_race_test.dart: obsolete activation failure cannot publish an error after receipt
01:04 +46: All tests passed!
