00:00 +0: loading /Users/karim/Project/pokemonProject/apps/avelune_studio/test/app/studio_bootstrap_test.dart
00:00 +0: /Users/karim/Project/pokemonProject/apps/avelune_studio/test/home/recent_projects_test.dart: keeps five most recently opened projects and updates duplicates
00:00 +1: /Users/karim/Project/pokemonProject/apps/avelune_studio/test/home/recent_projects_test.dart: persists exact paths and removal never touches project directories
00:00 +2: /Users/karim/Project/pokemonProject/apps/avelune_studio/test/app/studio_bootstrap_test.dart: bootstrap keeps its session until the root scope is removed
00:00 +3: /Users/karim/Project/pokemonProject/apps/avelune_studio/test/app/studio_bootstrap_test.dart: bootstrap keeps its session until the root scope is removed
00:00 +4: /Users/karim/Project/pokemonProject/apps/avelune_studio/test/app/studio_bootstrap_test.dart: bootstrap keeps its session until the root scope is removed
00:00 +5: /Users/karim/Project/pokemonProject/apps/avelune_studio/test/app/studio_bootstrap_test.dart: bootstrap keeps its session until the root scope is removed
00:00 +6: /Users/karim/Project/pokemonProject/apps/avelune_studio/test/app/studio_bootstrap_test.dart: bootstrap keeps its session until the root scope is removed
00:00 +7: /Users/karim/Project/pokemonProject/apps/avelune_studio/test/app/studio_bootstrap_test.dart: bootstrap keeps its session until the root scope is removed
00:00 +8: /Users/karim/Project/pokemonProject/apps/avelune_studio/test/app/studio_bootstrap_test.dart: bootstrap keeps its session until the root scope is removed
00:00 +9: /Users/karim/Project/pokemonProject/apps/avelune_studio/test/app/studio_bootstrap_test.dart: bootstrap keeps its session until the root scope is removed
00:00 +10: /Users/karim/Project/pokemonProject/apps/avelune_studio/test/app/studio_bootstrap_test.dart: bootstrap keeps its session until the root scope is removed
00:00 +11: /Users/karim/Project/pokemonProject/apps/avelune_studio/test/app/studio_bootstrap_test.dart: bootstrap keeps its session until the root scope is removed
00:00 +11: /Users/karim/Project/pokemonProject/apps/avelune_studio/test/project_session/scoped_project_session_adapter_test.dart: opens a valid project when the native bridge is unavailable
Studio project access activateProjectDirectory failed: MissingPluginException
Studio project access rememberProjectDirectory failed: MissingPluginException
Studio project access activateProjectDirectory failed: MissingPluginException
00:00 +12: /Users/karim/Project/pokemonProject/apps/avelune_studio/test/app/studio_bootstrap_test.dart: bootstrap keeps its session until the root scope is removed
00:01 +13: /Users/karim/Project/pokemonProject/apps/avelune_studio/test/presentation/studio_app_test.dart: releases the path field while the native picker owns input
00:03 +14: /Users/karim/Project/pokemonProject/apps/avelune_studio/test/map_workspace/map_tool_strip_state_host_test.dart: Terrains tool reveals its hidden asset picker
00:03 +15: /Users/karim/Project/pokemonProject/apps/avelune_studio/test/map_workspace/map_tool_strip_state_host_test.dart: Terrains tool reveals its hidden asset picker
00:03 +16: /Users/karim/Project/pokemonProject/apps/avelune_studio/test/map_workspace/map_tool_strip_state_host_test.dart: Terrains tool reveals its hidden asset picker
00:03 +17: /Users/karim/Project/pokemonProject/apps/avelune_studio/test/map_workspace/map_tool_strip_state_host_test.dart: Terrains tool reveals its hidden asset picker
00:04 +18: /Users/karim/Project/pokemonProject/apps/avelune_studio/test/map_workspace/map_tool_strip_state_host_test.dart: Terrains tool reveals its hidden asset picker
00:04 +19: /Users/karim/Project/pokemonProject/apps/avelune_studio/test/map_workspace/map_tool_strip_state_host_test.dart: Terrains tool reveals its hidden asset picker
00:04 +20: /Users/karim/Project/pokemonProject/apps/avelune_studio/test/map_workspace/map_tool_strip_state_host_test.dart: Terrains tool reveals its hidden asset picker
00:04 +21: /Users/karim/Project/pokemonProject/apps/avelune_studio/test/map_workspace/map_tool_strip_state_host_test.dart: Terrains tool reveals its hidden asset picker
00:04 +22: /Users/karim/Project/pokemonProject/apps/avelune_studio/test/map_workspace/map_tool_strip_state_host_test.dart: Passages tool reveals its hidden asset picker
00:06 +23: /Users/karim/Project/pokemonProject/apps/avelune_studio/test/resource_io/resource_management_layout_host_test.dart: resource management stays reachable at 1536.0 with enlarged text
00:07 +24: /Users/karim/Project/pokemonProject/apps/avelune_studio/test/resource_io/resource_management_layout_host_test.dart: resource management stays reachable at 1536.0 with enlarged text
00:08 +25: /Users/karim/Project/pokemonProject/apps/avelune_studio/test/resource_io/resource_management_layout_host_test.dart: resource management stays reachable at 1536.0 with enlarged text
00:10 +26: /Users/karim/Project/pokemonProject/apps/avelune_studio/test/map_workspace/map_tool_strip_state_host_test.dart: decor tool reveals a hidden palette and adds a chosen asset
00:10 +27: /Users/karim/Project/pokemonProject/apps/avelune_studio/test/resource_io/resource_management_layout_host_test.dart: resource management stays reachable at 1280.0 with enlarged text
00:11 +28: /Users/karim/Project/pokemonProject/apps/avelune_studio/test/resource_io/resource_management_layout_host_test.dart: resource management stays reachable at 1280.0 with enlarged text
00:12 +29: /Users/karim/Project/pokemonProject/apps/avelune_studio/test/resource_io/resource_management_layout_host_test.dart: resource management stays reachable at 1280.0 with enlarged text
00:12 +30: /Users/karim/Project/pokemonProject/apps/avelune_studio/test/resource_io/resource_management_layout_host_test.dart: resource management stays reachable at 1280.0 with enlarged text
00:12 +31: /Users/karim/Project/pokemonProject/apps/avelune_studio/test/resource_io/resource_management_layout_host_test.dart: resource management stays reachable at 1280.0 with enlarged text
00:12 +32: /Users/karim/Project/pokemonProject/apps/avelune_studio/test/resource_io/resource_management_layout_host_test.dart: resource management stays reachable at 1280.0 with enlarged text
00:14 +33: /Users/karim/Project/pokemonProject/apps/avelune_studio/test/presentation/border_creation_journey_test.dart: Studio publishes a border and offers it to the map tool
00:17 +34: /Users/karim/Project/pokemonProject/apps/avelune_studio/test/presentation/border_creation_journey_test.dart: Studio publishes a border and offers it to the map tool
00:24 +35: All tests passed!
