00:00 +0: loading /Users/karim/Project/pokemonProject/apps/avelune_studio/test/architecture/dart_dependency_graph_test.dart
00:00 +0: /Users/karim/Project/pokemonProject/apps/avelune_studio/test/architecture/dart_dependency_graph_test.dart: detecte I/O derriere un import relatif et un export
00:00 +1: /Users/karim/Project/pokemonProject/apps/avelune_studio/test/architecture/architecture_boundaries_test.dart: application et domaine restent purs dans leur graphe transitif
00:00 +2: /Users/karim/Project/pokemonProject/apps/avelune_studio/test/architecture/architecture_boundaries_test.dart: application et domaine restent purs dans leur graphe transitif
00:00 +3: /Users/karim/Project/pokemonProject/apps/avelune_studio/test/architecture/architecture_boundaries_test.dart: application et domaine restent purs dans leur graphe transitif
00:00 +4: /Users/karim/Project/pokemonProject/apps/avelune_studio/test/architecture/architecture_boundaries_test.dart: application et domaine restent purs dans leur graphe transitif
00:00 +5: /Users/karim/Project/pokemonProject/apps/avelune_studio/test/architecture/architecture_boundaries_test.dart: application et domaine restent purs dans leur graphe transitif
00:00 +6: /Users/karim/Project/pokemonProject/apps/avelune_studio/test/architecture/architecture_boundaries_test.dart: presentation sans acces aux adaptateurs ou au filesystem
00:00 +7: /Users/karim/Project/pokemonProject/apps/avelune_studio/test/architecture/architecture_boundaries_test.dart: theme et widgets partages independants des features et de la DI
00:00 +8: /Users/karim/Project/pokemonProject/apps/avelune_studio/test/architecture/architecture_boundaries_test.dart: presentation centralisee et barrel DI limite aux exports
00:00 +9: /Users/karim/Project/pokemonProject/apps/avelune_studio/test/architecture/architecture_boundaries_test.dart: aucun import prive inter-package dans les sources Studio
00:00 +10: /Users/karim/Project/pokemonProject/apps/avelune_studio/test/architecture/architecture_boundaries_test.dart: aucune dependance vers ancien editeur
00:01 +11: /Users/karim/Project/pokemonProject/apps/avelune_studio/test/architecture/architecture_boundaries_test.dart: fichiers Dart manuels limites a 300 lignes
00:01 +11 -1: /Users/karim/Project/pokemonProject/apps/avelune_studio/test/architecture/architecture_boundaries_test.dart: fichiers Dart manuels limites a 300 lignes [E]
  Expected: empty
    Actual: [
              '/Users/karim/Project/pokemonProject/apps/avelune_studio/lib/features/game_export/data/studio_game_export_controller.dart: 318 lignes',
              '/Users/karim/Project/pokemonProject/apps/avelune_studio/lib/presentation/features/pokemon/pokemon_commerce_page.dart: 303 lignes',
              '/Users/karim/Project/pokemonProject/apps/avelune_studio/lib/presentation/features/map_workspace/map_workspace_canvas.dart: 474 lignes',
              '/Users/karim/Project/pokemonProject/apps/avelune_studio/lib/presentation/features/map_workspace/map_workspace_tool_strip.dart: 306 lignes',
              '/Users/karim/Project/pokemonProject/apps/avelune_studio/test/home/home_visual_test.dart: 312 lignes',
              '/Users/karim/Project/pokemonProject/apps/avelune_studio/test/pokemon/pokemon_capture_sprite_test.dart: 362 lignes',
              '/Users/karim/Project/pokemonProject/apps/avelune_studio/test/game_export/studio_project_item_icons_export_test.dart: 321 lignes',
              '/Users/karim/Project/pokemonProject/apps/avelune_studio/test/map_workspace/decor_transform_host_test.dart: 389 lignes'
            ]

  package:matcher                                            expect
  package:flutter_test/src/widget_tester.dart 473:18         expect
  test/architecture/architecture_boundaries_test.dart 169:5  main.<fn>

00:01 +11 -1: Some tests failed.

Failing tests:
  /Users/karim/Project/pokemonProject/apps/avelune_studio/test/architecture/architecture_boundaries_test.dart: fichiers Dart manuels limites a 300 lignes
