00:00 +0: loading test/domains/gameplay/character_studio_character_actions_test.dart
00:00 +0: test/domains/gameplay/character_studio_character_actions_test.dart: Character Studio character actions deletion contracts expose disjoint strict schemas
00:00 +1: test/domains/gameplay/character_studio_character_actions_test.dart: Character Studio character actions inspection refuses missing maps instead of claiming no dependencies
00:00 +2: test/domains/gameplay/character_studio_deletion_transaction_test.dart: JSONL inspects then commits one qualified multi-document deletion and reopens independently
00:00 +3: test/domains/gameplay/character_studio_deletion_transaction_test.dart: JSONL inspects then commits one qualified multi-document deletion and reopens independently
00:00 +4: test/domains/gameplay/character_studio_deletion_transaction_test.dart: JSONL inspects then commits one qualified multi-document deletion and reopens independently
00:00 +5: test/domains/gameplay/character_studio_deletion_transaction_test.dart: JSONL inspects then commits one qualified multi-document deletion and reopens independently
00:00 +6: test/domains/gameplay/character_studio_deletion_transaction_test.dart: JSONL inspects then commits one qualified multi-document deletion and reopens independently
00:00 +7: test/domains/gameplay/character_studio_deletion_transaction_test.dart: JSONL inspects then commits one qualified multi-document deletion and reopens independently
00:00 +8: test/domains/gameplay/character_studio_deletion_transaction_test.dart: JSONL inspects then commits one qualified multi-document deletion and reopens independently
00:00 +9: test/domains/gameplay/character_studio_deletion_transaction_test.dart: JSONL inspects then commits one qualified multi-document deletion and reopens independently
00:00 +10: test/domains/gameplay/character_studio_deletion_transaction_test.dart: JSONL inspects then commits one qualified multi-document deletion and reopens independently
00:00 +11: test/domains/gameplay/character_studio_deletion_transaction_test.dart: JSONL inspects then commits one qualified multi-document deletion and reopens independently
00:00 +12: test/domains/gameplay/character_studio_deletion_transaction_test.dart: JSONL inspects then commits one qualified multi-document deletion and reopens independently
00:00 +13: test/domains/gameplay/character_studio_deletion_transaction_test.dart: JSONL inspects then commits one qualified multi-document deletion and reopens independently
00:00 +14: test/domains/gameplay/character_studio_deletion_transaction_test.dart: JSONL inspects then commits one qualified multi-document deletion and reopens independently
00:00 +15: test/domains/gameplay/character_studio_deletion_transaction_test.dart: JSONL inspects then commits one qualified multi-document deletion and reopens independently
00:00 +16: test/domains/gameplay/character_studio_deletion_transaction_test.dart: JSONL inspects then commits one qualified multi-document deletion and reopens independently
00:00 +17: test/domains/gameplay/character_studio_deletion_transaction_test.dart: JSONL inspects then commits one qualified multi-document deletion and reopens independently
00:00 +18: test/domains/gameplay/character_studio_deletion_transaction_test.dart: JSONL inspects then commits one qualified multi-document deletion and reopens independently
00:00 +19: test/domains/gameplay/character_studio_deletion_transaction_test.dart: JSONL inspects then commits one qualified multi-document deletion and reopens independently
00:00 +20: test/domains/gameplay/character_studio_deletion_transaction_test.dart: JSONL inspects then commits one qualified multi-document deletion and reopens independently
00:00 +21: test/domains/gameplay/character_studio_deletion_transaction_test.dart: JSONL inspects then commits one qualified multi-document deletion and reopens independently
00:00 +22: test/domains/gameplay/character_studio_deletion_transaction_test.dart: JSONL inspects then commits one qualified multi-document deletion and reopens independently
00:00 +23: test/domains/gameplay/character_studio_deletion_transaction_test.dart: JSONL inspects then commits one qualified multi-document deletion and reopens independently
00:00 +24: test/domains/gameplay/character_studio_deletion_transaction_test.dart: JSONL inspects then commits one qualified multi-document deletion and reopens independently
00:00 +25: test/parity/character_studio_full_parity_test.dart: Character Studio has direct API and JSONL full-flow parity
00:01 +26: test/parity/character_studio_full_parity_test.dart: Character Studio has direct API and JSONL full-flow parity
00:01 +27: test/parity/character_studio_full_parity_test.dart: Character Studio has direct API and JSONL full-flow parity
00:01 +28: test/parity/character_studio_full_parity_test.dart: CHS-057 identity and portraits have direct API and JSONL parity
00:02 +29: test/parity/character_studio_full_parity_test.dart: CHS-058 animations frames and assets have direct API and JSONL parity
00:03 +30: All tests passed!
