00:00 +0: loading test/domains/assets/resource_source_actions_test.dart
00:00 +0: test/domains/assets/resource_source_actions_test.dart: stable source replacement preserves geometry, original shared blob and other identity
00:00 +1: test/domains/assets/resource_source_api_test.dart: JSONL replaces true logical PNG and retains original source identity
00:00 +2: test/domains/assets/resource_source_api_test.dart: JSONL replaces true logical PNG and retains original source identity
00:00 +3: test/domains/assets/resource_source_api_test.dart: JSONL replaces true logical PNG and retains original source identity
00:00 +4: test/domains/assets/resource_source_api_test.dart: JSONL replaces true logical PNG and retains original source identity
00:00 +5: test/domains/assets/resource_source_api_test.dart: JSONL replaces true logical PNG and retains original source identity
00:00 +6: test/domains/assets/resource_source_api_test.dart: JSONL replaces true logical PNG and retains original source identity
00:00 +7: test/domains/assets/resource_source_api_test.dart: JSONL replaces true logical PNG and retains original source identity
00:00 +8: test/domains/assets/resource_source_api_test.dart: JSONL replaces true logical PNG and retains original source identity
00:00 +9: test/domains/assets/resource_source_api_test.dart: JSONL replaces true logical PNG and retains original source identity
00:00 +10: test/domains/assets/resource_source_api_test.dart: JSONL replaces true logical PNG and retains original source identity
00:00 +11: test/domains/assets/resource_source_api_test.dart: JSONL replaces true logical PNG and retains original source identity
00:00 +12: test/domains/assets/resource_source_api_test.dart: JSONL replaces true logical PNG and retains original source identity
00:00 +13: test/domains/assets/resource_source_api_test.dart: JSONL replaces true logical PNG and retains original source identity
00:00 +14: test/domains/assets/resource_source_api_test.dart: JSONL replaces true logical PNG and retains original source identity
00:00 +15: test/domains/assets/resource_source_api_test.dart: JSONL replaces true logical PNG and retains original source identity
00:00 +16: test/domains/assets/resource_source_api_test.dart: JSONL replaces true logical PNG and retains original source identity
00:00 +17: test/domains/assets/resource_source_api_test.dart: logical PNG missing is refused despite intact registered blob
00:00 +18: test/domains/assets/resource_source_api_test.dart: logical PNG mismatch cannot be concealed by matching catalog blob
00:00 +19: test/domains/assets/resource_source_api_test.dart: usages inventory remains PNG-free while mutation snapshot certifies runtime PNG
00:00 +20: test/domains/assets/resource_source_regression_test.dart: source replacement reconciles content addressed tileset
00:00 +21: test/domains/assets/resource_source_transaction_test.dart: frozen candidate applies after staging release with independent manifest/catalog reread
00:00 +22: test/domains/maps/smart_tile_catalog_actions_test.dart: SmartTileCatalogActions publishing a candidate label preserves weights and map data
00:00 +23: test/domains/maps/smart_tile_catalog_actions_test.dart: SmartTileCatalogActions publishing a candidate label preserves weights and map data
00:00 +24: test/domains/assets/resource_source_transaction_test.dart: partial replacement crash compensates all promoted preimages
00:00 +25: test/domains/assets/resource_source_transaction_test.dart: partial replacement crash compensates all promoted preimages
00:00 +26: test/domains/assets/resource_source_transaction_test.dart: partial replacement crash compensates all promoted preimages
00:00 +27: test/domains/maps/smart_tile_catalog_actions_test.dart: SmartTileCatalogActions publishes a complete preset and creates its layer atomically
00:00 +28: test/domains/assets/resource_source_transaction_test.dart: logical source removal is durable and retains blob recoverability
00:00 +29: test/domains/assets/resource_source_transaction_test.dart: logical source removal is durable and retains blob recoverability
00:00 +30: test/domains/assets/resource_source_transaction_test.dart: logical source removal is durable and retains blob recoverability
00:00 +31: test/domains/assets/resource_source_transaction_test.dart: logical source removal is durable and retains blob recoverability
00:00 +32: test/domains/assets/resource_source_transaction_test.dart: logical source removal is durable and retains blob recoverability
00:00 +33: test/domains/assets/resource_source_transaction_test.dart: logical source removal is durable and retains blob recoverability
00:00 +34: test/domains/assets/resource_source_transaction_test.dart: logical source removal is durable and retains blob recoverability
00:00 +35: test/domains/assets/resource_source_transaction_test.dart: logical source removal is durable and retains blob recoverability
00:01 +36: test/domains/maps/smart_tile_catalog_format_persistence_test.dart: catalog authoring writes the canonical format alongside new records
00:01 +37: test/domains/maps/smart_tile_catalog_format_persistence_test.dart: catalog authoring writes the canonical format alongside new records
00:01 +38: test/domains/maps/smart_tile_catalog_format_persistence_test.dart: catalog authoring writes the canonical format alongside new records
00:01 +39: test/domains/maps/smart_tile_catalog_format_persistence_test.dart: catalog authoring writes the canonical format alongside new records
00:01 +40: test/domains/maps/smart_tile_catalog_format_persistence_test.dart: catalog authoring writes the canonical format alongside new records
00:01 +41: test/domains/maps/smart_tile_catalog_format_persistence_test.dart: catalog authoring writes the canonical format alongside new records
00:01 +42: test/domains/maps/smart_tile_catalog_format_persistence_test.dart: catalog authoring writes the canonical format alongside new records
00:01 +43: test/domains/maps/border_catalog_actions_test.dart: BorderCatalogActions upserts a draft while preserving immutable publication state
00:01 +44: test/domains/maps/border_catalog_actions_test.dart: BorderCatalogActions rejects a stale draft without producing a mutation
00:01 +45: test/domains/maps/border_catalog_actions_test.dart: BorderCatalogActions deprecates a published blueprint without altering its revision
00:01 +46: test/domains/maps/border_catalog_actions_test.dart: BorderCatalogActions deletes only a never-published blueprint
00:01 +47: test/domains/maps/border_catalog_actions_test.dart: BorderCatalogActions publishes normalized artifact snapshots atomically
00:01 +48: test/domains/maps/border_catalog_actions_test.dart: BorderCatalogActions rejects disconnected network anchors then publishes their centered draft
00:01 +49: test/domains/maps/border_catalog_actions_test.dart: BorderCatalogActions rejects disconnected network anchors then publishes their centered draft
00:01 +50: test/domains/maps/border_catalog_actions_test.dart: BorderCatalogActions rejects disconnected network anchors then publishes their centered draft
00:01 +51: test/domains/gameplay/character_studio_character_actions_test.dart: Character Studio character actions inspection refuses a missing required Yarn source
00:01 +52: test/domains/gameplay/character_studio_character_actions_test.dart: Character Studio character actions replacement refuses missing portrait used by a Yarn directive
00:01 +53: test/domains/gameplay/character_studio_character_actions_test.dart: Character Studio character actions clear refuses removal of configured playable default and last avatar
00:01 +54: test/domains/gameplay/character_studio_character_actions_test.dart: Character Studio character actions inspection refuses invalid UTF-8 sources without loss
00:01 +55: test/domains/gameplay/character_studio_character_actions_test.dart: Character Studio character actions replacement qualifies all configured player base directions
00:01 +56: test/domains/gameplay/character_studio_character_actions_test.dart: Character Studio character actions deletion preserves unknown nested project and map metadata
00:01 +57: test/domains/gameplay/character_studio_character_actions_test.dart: Character Studio character actions replacement qualifies the custom clip used by a cinematic appearance
00:01 +58: test/domains/gameplay/character_studio_character_actions_test.dart: Character Studio character actions clear refuses orphaning a required cinematic character animation
00:01 +59: test/domains/gameplay/character_studio_character_actions_test.dart: Character Studio character actions inspection refuses malformed portrait Yarn instead of claiming no usages
00:01 +60: test/domains/gameplay/character_studio_character_actions_test.dart: Character Studio character actions speaker directives are real character references and are resolved without changing text
00:01 +61: test/domains/gameplay/character_studio_character_actions_test.dart: Character Studio character actions registers every specialized character and portrait action
00:01 +62: test/domains/gameplay/character_studio_deletion_transaction_test.dart: JSONL inspects then commits one qualified multi-document deletion and reopens independently
00:01 +63: test/domains/gameplay/character_studio_deletion_transaction_test.dart: JSONL inspects then commits one qualified multi-document deletion and reopens independently
00:01 +64: test/domains/gameplay/character_studio_deletion_transaction_test.dart: JSONL inspects then commits one qualified multi-document deletion and reopens independently
00:01 +65: test/domains/gameplay/character_studio_deletion_transaction_test.dart: JSONL inspects then commits one qualified multi-document deletion and reopens independently
00:01 +66: test/domains/gameplay/character_studio_deletion_transaction_test.dart: JSONL inspects then commits one qualified multi-document deletion and reopens independently
00:01 +67: test/domains/gameplay/character_studio_deletion_transaction_test.dart: JSONL inspects then commits one qualified multi-document deletion and reopens independently
00:01 +68: test/domains/gameplay/character_studio_deletion_transaction_test.dart: JSONL inspects then commits one qualified multi-document deletion and reopens independently
00:01 +69: test/domains/gameplay/character_studio_deletion_transaction_test.dart: JSONL inspects then commits one qualified multi-document deletion and reopens independently
00:01 +70: test/domains/gameplay/character_studio_deletion_transaction_test.dart: JSONL inspects then commits one qualified multi-document deletion and reopens independently
00:01 +71: test/domains/gameplay/character_studio_deletion_transaction_test.dart: JSONL inspects then commits one qualified multi-document deletion and reopens independently
00:01 +72: test/domains/gameplay/character_studio_deletion_transaction_test.dart: JSONL inspects then commits one qualified multi-document deletion and reopens independently
00:01 +73: test/domains/gameplay/character_studio_deletion_transaction_test.dart: JSONL inspects then commits one qualified multi-document deletion and reopens independently
00:02 +74: test/tooling/jsonl_visual_organization_test.dart: JSONL applies and queries visual folders and categories
00:02 +75: test/domains/gameplay/character_studio_deletion_transaction_test.dart: partial deletion promotion recovers project map and Yarn through the existing journal
00:02 +76: test/domains/gameplay/character_studio_deletion_transaction_test.dart: late Yarn change after initial check refuses deletion before any promotion
00:02 +77: test/tooling/jsonl_border_catalog_flow_test.dart: new placement is refused when blueprint is deprecated after the initial check
00:02 +78: test/tooling/jsonl_border_catalog_flow_test.dart: new placement is refused when blueprint is deprecated after the initial check
00:02 +79: test/tooling/jsonl_border_catalog_flow_test.dart: new placement is refused when blueprint is deprecated after the initial check
00:02 +79 -1: test/tooling/jsonl_border_catalog_flow_test.dart: new placement is refused when blueprint is deprecated after the initial check
00:02 +79 -1: test/package_boundary_test.dart: map_authoring package boundary pubspec keeps production dependencies within the approved set [E]
  Expected: Set:['crypto', 'image', 'map_core', 'map_distribution', 'path', 'pub_semver']
    Actual: Set:[
              'archive',
              'freezed_annotation',
              'crypto',
              'image',
              'map_core',
              'map_distribution',
              'path',
              'pub_semver'
            ]
     Which: larger than expected

  package:matcher                       expect
  test/package_boundary_test.dart 72:7  main.<fn>.<fn>

00:02 +80 -1: test/tooling/jsonl_border_catalog_flow_test.dart: new placement is refused when blueprint is deprecated after the initial check
00:02 +81 -1: test/tooling/jsonl_border_catalog_flow_test.dart: new placement is refused when blueprint is deprecated after the initial check
00:02 +82 -1: test/tooling/jsonl_border_catalog_flow_test.dart: new placement is refused when blueprint is deprecated after the initial check
00:02 +82 -2: test/tooling/jsonl_border_catalog_flow_test.dart: new placement is refused when blueprint is deprecated after the initial check
00:02 +82 -2: test/package_boundary_test.dart: map_authoring package boundary keeps Environment generation internals outside the action adapter [E]
  Expected: an object with length of a value less than <1300>
    Actual: [
              'import \'dart:convert\';',
              '',
              'import \'package:map_core/map_core.dart\';',
              '',
              'import \'../../contracts/action_descriptor.dart\';',
              'import \'../../transactions/action_planner.dart\';',
              'import \'../../transactions/authoring_plan.dart\';',
              'import \'semantic_map_action_support.dart\';',
              '',
              'part \'environment_generation_support.dart\';',
              '',
              '/// Bounded map-space region used by deterministic Environment generation.',
              'final class EnvironmentGenerationRegion {',
              '  const EnvironmentGenerationRegion({',
              '    required this.x,',
              '    required this.y,',
              '    required this.width,',
              '    required this.height,',
              '  });',
              '',
              '  final int x;',
              '  final int y;',
              '  final int width;',
              '  final int height;',
              ...
            ]
     Which: has length of <1304>

  package:matcher                        expect
  test/package_boundary_test.dart 162:7  main.<fn>.<fn>

00:02 +83 -2: test/tooling/jsonl_border_catalog_flow_test.dart: new placement is refused when blueprint is deprecated after the initial check
00:02 +84 -2: test/tooling/jsonl_border_catalog_flow_test.dart: new placement is refused when blueprint is deprecated after the initial check
00:03 +85 -2: test/tooling/jsonl_border_catalog_flow_test.dart: new placement is refused when blueprint is deprecated after the initial check
00:03 +86 -2: test/tooling/jsonl_border_catalog_flow_test.dart: new placement is refused when blueprint is deprecated after the initial check
00:03 +87 -2: test/tooling/jsonl_border_catalog_flow_test.dart: new placement is refused when blueprint is deprecated after the initial check
00:03 +88 -2: test/tooling/jsonl_border_catalog_flow_test.dart: new placement is refused when blueprint is deprecated after the initial check
00:03 +89 -2: test/tooling/jsonl_border_catalog_flow_test.dart: new placement is refused when blueprint is deprecated after the initial check
00:03 +90 -2: test/tooling/jsonl_border_catalog_flow_test.dart: new placement is refused when blueprint is deprecated after the initial check
00:03 +91 -2: test/tooling/jsonl_border_catalog_flow_test.dart: new placement is refused when blueprint is deprecated after the initial check
00:03 +91 -3: test/tooling/jsonl_border_catalog_flow_test.dart: new placement is refused when blueprint is deprecated after the initial check
00:03 +91 -3: test/registry/action_registry_test.dart: AuthoringResourceKindRegistry provides the canonical minimal resource kinds [E]
  Expected: [
              'asset',
              'assetBlob',
              'assetCatalog',
              'battleProgression',
              'borderBlueprint',
              'borderSnapshot',
              'campaignContent',
              'characterStudioCatalog',
              'characterStudioCharacter',
              'characterStudioDependency',
              'characterStudioReadiness',
              'cinematic',
              'cinematicLibraryCatalog',
              'cinematicLibraryEntry',
              'cinematicLibraryFolder',
              'dialogue',
              'dialogueSource',
              'elementCategory',
              'encounterTable',
              'eventV2',
              'fact',
              'itemCatalog',
              'itemDefinition',
              'itemReadiness',
              ...
            ]
    Actual: MappedListIterable<AuthoringResourceKindDescriptor, String>:[
              'asset',
              'assetBlob',
              'assetCatalog',
              'battleProgression',
              'borderBlueprint',
              'borderSnapshot',
              'campaignContent',
              'characterStudioCatalog',
              'characterStudioCharacter',
              'characterStudioDependency',
              'characterStudioReadiness',
              'cinematic',
              'cinematicLibraryCatalog',
              'cinematicLibraryEntry',
              'cinematicLibraryFolder',
              'dialogue',
              'dialogueSource',
              'elementCategory',
              'encounterTable',
              'eventV2',
              'fact',
              'itemCatalog',
              'itemDefinition',
              'itemReadiness',
              ...
            ]
     Which: at location [44] is 'regionalMap' instead of 'sandboxPlayerState'

  package:matcher                                expect
  test/registry/action_registry_test.dart 116:7  main.<fn>.<fn>

00:03 +91 -4: test/tooling/jsonl_border_catalog_flow_test.dart: new placement is refused when blueprint is deprecated after the initial check
00:03 +91 -4: test/registry/action_registry_test.dart: AuthoringResourceKindRegistry registers every resource kind used by canonical mutations [E]
  Expected: empty
    Actual: Set:['element']

  package:matcher                                expect
  test/registry/action_registry_test.dart 222:7  main.<fn>.<fn>

00:03 +92 -4: test/tooling/jsonl_border_catalog_flow_test.dart: new placement is refused when blueprint is deprecated after the initial check
00:03 +93 -4: test/tooling/jsonl_border_catalog_flow_test.dart: new placement is refused when blueprint is deprecated after the initial check
00:03 +94 -4: test/domains/maps/smart_tile_missing_source_lifecycle_test.dart: terrain metadata and copy preserve a missing logical source
00:03 +95 -4: test/tooling/jsonl_border_catalog_flow_test.dart: JSONL border status preserves dirty draft snapshots maps and raw metadata
00:03 +96 -4: test/domains/maps/smart_tile_missing_source_lifecycle_test.dart: terrain rename and copy refuse a missing canonical source without loss
00:03 +97 -4: test/tooling/jsonl_border_catalog_flow_test.dart: Border blueprint lifecycle is byte-identical through direct and JSONL
00:04 +98 -4: test/tooling/border_deprecation_recovery_test.dart: deprecation recovers honestly after beforeResourcePromotion
00:04 +99 -4: test/tooling/border_deprecation_recovery_test.dart: deprecation recovers honestly after beforeResourcePromotion
00:04 +100 -4: test/tooling/border_deprecation_recovery_test.dart: deprecation recovers honestly after afterResourcePromoted
00:04 +101 -4: Some tests failed.

Failing tests:
  test/package_boundary_test.dart: map_authoring package boundary keeps Environment generation internals outside the action adapter
  test/package_boundary_test.dart: map_authoring package boundary pubspec keeps production dependencies within the approved set
  test/registry/action_registry_test.dart: AuthoringResourceKindRegistry provides the canonical minimal resource kinds
  test/registry/action_registry_test.dart: AuthoringResourceKindRegistry registers every resource kind used by canonical mutations

Consider enabling the flag chain-stack-traces to receive more detailed exceptions.
For example, 'dart test --chain-stack-traces'.
