00:00 +0: loading test/domains/gameplay/character_studio_character_actions_test.dart
00:00 +0: test/domains/gameplay/character_studio_character_actions_test.dart: Character Studio character actions registers every specialized character and portrait action
00:00 +1: test/domains/gameplay/character_studio_character_actions_test.dart: Character Studio character actions creates a unique identity with bounded dimensions and role tags
00:00 +2: test/domains/gameplay/character_studio_character_actions_test.dart: Character Studio character actions creates a unique identity with bounded dimensions and role tags
00:00 +3: test/domains/gameplay/character_studio_character_actions_test.dart: Character Studio character actions creates a unique identity with bounded dimensions and role tags
00:00 +4: test/domains/maps/border_catalog_actions_test.dart: BorderCatalogActions rejects a stale draft without producing a mutation
00:00 +5: test/domains/gameplay/character_studio_character_actions_test.dart: Character Studio character actions updates identity fields without rebuilding authored media slots
00:00 +6: test/domains/gameplay/character_studio_character_actions_test.dart: Character Studio character actions updates identity fields without rebuilding authored media slots
00:00 +7: test/domains/maps/border_catalog_actions_test.dart: BorderCatalogActions deletes only a never-published blueprint
00:00 +8: test/domains/gameplay/character_studio_character_actions_test.dart: Character Studio character actions sets and clears the default player through a semantic slot
00:00 +9: test/domains/maps/border_catalog_actions_test.dart: BorderCatalogActions publishes normalized artifact snapshots atomically
00:00 +10: test/domains/maps/border_catalog_actions_test.dart: BorderCatalogActions publishes normalized artifact snapshots atomically
00:00 +11: test/domains/maps/border_catalog_actions_test.dart: BorderCatalogActions publishes normalized artifact snapshots atomically
00:00 +12: test/domains/maps/border_catalog_actions_test.dart: BorderCatalogActions publishes normalized artifact snapshots atomically
00:00 +13: test/domains/maps/border_catalog_actions_test.dart: BorderCatalogActions publishes normalized artifact snapshots atomically
00:00 +14: test/domains/maps/border_catalog_actions_test.dart: BorderCatalogActions publishes normalized artifact snapshots atomically
00:00 +15: test/domains/maps/border_catalog_actions_test.dart: BorderCatalogActions publishes normalized artifact snapshots atomically
00:00 +16: test/domains/maps/border_catalog_actions_test.dart: BorderCatalogActions publishes normalized artifact snapshots atomically
00:00 +17: test/domains/maps/border_catalog_actions_test.dart: BorderCatalogActions publishes normalized artifact snapshots atomically
00:00 +18: test/domains/maps/border_catalog_actions_test.dart: BorderCatalogActions rejects disconnected network anchors then publishes their centered draft
00:00 +19: test/parity/character_studio_full_parity_test.dart: Character Studio has direct API and JSONL full-flow parity
00:01 +20: test/parity/character_studio_full_parity_test.dart: CHS-057 identity and portraits have direct API and JSONL parity
00:02 +21: test/parity/character_studio_full_parity_test.dart: CHS-058 animations frames and assets have direct API and JSONL parity
00:03 +22: All tests passed!
