00:00 +0: loading test/domains/assets/resource_source_actions_test.dart
00:00 +0: test/domains/assets/resource_source_actions_test.dart: stable source replacement preserves geometry, original shared blob and other identity
00:00 +1: test/domains/assets/resource_source_api_test.dart: JSONL replaces true logical PNG and retains original source identity
00:00 +2: test/domains/assets/resource_source_api_test.dart: JSONL replaces true logical PNG and retains original source identity
00:00 +3: test/domains/assets/resource_source_api_test.dart: JSONL replaces true logical PNG and retains original source identity
00:00 +4: test/domains/assets/resource_source_api_test.dart: JSONL replaces true logical PNG and retains original source identity
00:00 +5: test/domains/assets/resource_source_api_test.dart: JSONL replaces true logical PNG and retains original source identity
00:00 +6: test/domains/assets/resource_source_api_test.dart: JSONL replaces true logical PNG and retains original source identity
00:00 +7: test/domains/assets/resource_source_api_test.dart: JSONL replaces true logical PNG and retains original source identity
00:00 +8: test/domains/assets/resource_source_api_test.dart: JSONL replaces true logical PNG and retains original source identity
00:00 +9: test/domains/assets/resource_source_api_test.dart: JSONL replaces true logical PNG and retains original source identity
00:00 +10: test/domains/assets/resource_source_api_test.dart: JSONL replaces true logical PNG and retains original source identity
00:00 +11: test/domains/assets/resource_source_api_test.dart: JSONL replaces true logical PNG and retains original source identity
00:00 +12: test/domains/assets/resource_source_api_test.dart: JSONL replaces true logical PNG and retains original source identity
00:00 +13: test/domains/assets/resource_source_api_test.dart: JSONL replaces true logical PNG and retains original source identity
00:00 +14: test/domains/assets/resource_source_api_test.dart: JSONL replaces true logical PNG and retains original source identity
00:00 +15: test/domains/assets/resource_source_api_test.dart: JSONL replaces true logical PNG and retains original source identity
00:00 +16: test/domains/assets/resource_source_api_test.dart: JSONL replaces true logical PNG and retains original source identity
00:00 +17: test/domains/assets/resource_source_api_test.dart: JSONL replaces true logical PNG and retains original source identity
00:01 +18: test/domains/assets/resource_source_api_test.dart: JSONL replaces true logical PNG and retains original source identity
00:01 +19: test/domains/assets/resource_source_api_test.dart: JSONL replaces true logical PNG and retains original source identity
00:01 +20: test/domains/assets/resource_source_api_test.dart: JSONL replaces true logical PNG and retains original source identity
00:01 +21: test/domains/assets/resource_mutation_locked_precondition_test.dart: unchanged locked precondition permits normal canonical deletion
00:01 +22: test/domains/assets/resource_mutation_locked_precondition_test.dart: unchanged locked precondition permits normal canonical deletion
00:01 +23: test/domains/assets/resource_mutation_locked_precondition_test.dart: unchanged locked precondition permits normal canonical deletion
00:01 +24: test/domains/assets/resource_mutation_locked_precondition_test.dart: unchanged locked precondition permits normal canonical deletion
00:01 +25: test/domains/assets/resource_mutation_locked_precondition_test.dart: unchanged locked precondition permits normal canonical deletion
00:01 +26: All tests passed!
