00:00 +0: loading test/domains/assets/resource_source_actions_test.dart
00:00 +0: test/domains/assets/resource_source_actions_test.dart: stable source replacement preserves geometry, original shared blob and other identity
00:00 +1: test/domains/assets/resource_source_api_test.dart: JSONL replaces true logical PNG and retains original source identity
00:00 +2: test/domains/assets/resource_source_api_test.dart: JSONL replaces true logical PNG and retains original source identity
00:00 +3: test/domains/assets/resource_source_api_test.dart: JSONL replaces true logical PNG and retains original source identity
00:00 +4: test/domains/assets/resource_source_api_test.dart: JSONL replaces true logical PNG and retains original source identity
00:00 +5: test/domains/assets/resource_source_api_test.dart: JSONL replaces true logical PNG and retains original source identity
00:00 +6: test/domains/assets/resource_source_api_test.dart: JSONL replaces true logical PNG and retains original source identity
00:00 +7: test/domains/assets/resource_source_api_test.dart: JSONL replaces true logical PNG and retains original source identity
00:00 +8: test/domains/assets/resource_source_api_test.dart: JSONL replaces true logical PNG and retains original source identity
00:00 +9: test/domains/assets/resource_source_api_test.dart: JSONL replaces true logical PNG and retains original source identity
00:00 +10: test/domains/assets/resource_source_api_test.dart: JSONL replaces true logical PNG and retains original source identity
00:00 +11: test/domains/assets/resource_source_api_test.dart: JSONL replaces true logical PNG and retains original source identity
00:00 +12: test/domains/assets/resource_source_api_test.dart: JSONL replaces true logical PNG and retains original source identity
00:00 +13: test/domains/assets/resource_source_api_test.dart: JSONL replaces true logical PNG and retains original source identity
00:00 +14: test/domains/assets/resource_source_api_test.dart: JSONL replaces true logical PNG and retains original source identity
00:00 +15: test/domains/assets/resource_source_api_test.dart: JSONL replaces true logical PNG and retains original source identity
00:00 +16: test/domains/assets/resource_source_api_test.dart: JSONL replaces true logical PNG and retains original source identity
00:00 +17: test/domains/assets/resource_source_api_test.dart: JSONL replaces true logical PNG and retains original source identity
00:01 +18: test/domains/assets/resource_source_transaction_test.dart: frozen candidate applies after staging release with independent manifest/catalog reread
00:01 +19: test/domains/assets/resource_source_transaction_test.dart: frozen candidate applies after staging release with independent manifest/catalog reread
00:01 +20: test/domains/assets/resource_source_transaction_test.dart: frozen candidate applies after staging release with independent manifest/catalog reread
00:01 +21: test/domains/assets/resource_source_transaction_test.dart: frozen candidate applies after staging release with independent manifest/catalog reread
00:02 +22: test/domains/assets/resource_source_transaction_test.dart: frozen candidate applies after staging release with independent manifest/catalog reread
00:02 +23: test/domains/assets/resource_source_transaction_test.dart: frozen candidate applies after staging release with independent manifest/catalog reread
00:02 +24: test/domains/assets/resource_source_transaction_test.dart: frozen candidate applies after staging release with independent manifest/catalog reread
00:02 +25: test/domains/assets/resource_source_transaction_test.dart: frozen candidate applies after staging release with independent manifest/catalog reread
00:02 +26: test/domains/assets/resource_source_transaction_test.dart: frozen candidate applies after staging release with independent manifest/catalog reread
00:02 +27: test/domains/assets/resource_source_transaction_test.dart: frozen candidate applies after staging release with independent manifest/catalog reread
00:02 +28: test/domains/maps/smart_tile_catalog_actions_test.dart: SmartTileCatalogActions preserves a v7 manifest through a Smart Tile mutation
00:02 +29: test/domains/assets/resource_source_transaction_test.dart: exact source preimage rejects concurrent pixels without publishing candidate
00:02 +30: test/domains/assets/resource_source_transaction_test.dart: exact source preimage rejects concurrent pixels without publishing candidate
00:02 +31: test/domains/assets/resource_source_transaction_test.dart: exact source preimage rejects concurrent pixels without publishing candidate
00:02 +32: test/domains/assets/resource_source_transaction_test.dart: exact source preimage rejects concurrent pixels without publishing candidate
00:02 +33: test/domains/assets/resource_source_transaction_test.dart: exact source preimage rejects concurrent pixels without publishing candidate
00:02 +34: test/domains/assets/resource_source_transaction_test.dart: partial replacement crash compensates all promoted preimages
00:02 +35: test/domains/maps/smart_tile_catalog_format_persistence_test.dart: catalog authoring writes the canonical format alongside new records
00:02 +36: test/domains/maps/smart_tile_catalog_format_persistence_test.dart: catalog authoring writes the canonical format alongside new records
00:03 +37: test/domains/maps/smart_tile_catalog_format_persistence_test.dart: catalog authoring writes the canonical format alongside new records
00:03 +38: test/domains/maps/smart_tile_catalog_format_persistence_test.dart: catalog authoring writes the canonical format alongside new records
00:03 +39: test/domains/maps/border_catalog_actions_test.dart: BorderCatalogActions delete and deprecation descriptors declare strict action parameters
00:03 +40: test/domains/maps/border_catalog_actions_test.dart: BorderCatalogActions physical deletion of any published blueprint is forbidden
00:03 +41: test/domains/maps/border_catalog_actions_test.dart: BorderCatalogActions deprecation cannot stand in for deleting a never-published draft
00:03 +42: test/domains/maps/border_catalog_actions_test.dart: BorderCatalogActions advertises the complete canonical blueprint lifecycle
00:03 +43: test/domains/maps/border_catalog_actions_test.dart: BorderCatalogActions upserts a draft while preserving immutable publication state
00:03 +44: test/domains/maps/border_catalog_actions_test.dart: BorderCatalogActions rejects a stale draft without producing a mutation
00:03 +45: test/domains/maps/border_catalog_actions_test.dart: BorderCatalogActions deprecates a published blueprint without altering its revision
00:03 +46: test/domains/maps/border_catalog_actions_test.dart: BorderCatalogActions deletes only a never-published blueprint
00:03 +47: test/domains/gameplay/character_studio_character_actions_test.dart: Character Studio character actions deletion contracts expose disjoint strict schemas
00:03 +48: test/domains/maps/border_catalog_actions_test.dart: BorderCatalogActions publishes normalized artifact snapshots atomically
00:03 +49: test/domains/maps/border_catalog_actions_test.dart: BorderCatalogActions publishes normalized artifact snapshots atomically
00:03 +50: test/domains/maps/border_catalog_actions_test.dart: BorderCatalogActions publishes normalized artifact snapshots atomically
00:03 +51: test/domains/maps/border_catalog_actions_test.dart: BorderCatalogActions publishes normalized artifact snapshots atomically
00:03 +52: test/domains/maps/border_catalog_actions_test.dart: BorderCatalogActions publishes normalized artifact snapshots atomically
00:03 +53: test/domains/maps/border_catalog_actions_test.dart: BorderCatalogActions publishes normalized artifact snapshots atomically
00:03 +54: test/domains/gameplay/character_studio_character_actions_test.dart: Character Studio character actions replacement qualifies all configured player base directions
00:03 +55: test/domains/maps/border_catalog_actions_test.dart: BorderCatalogActions rejects disconnected network anchors then publishes their centered draft
00:03 +56: test/domains/maps/border_catalog_actions_test.dart: BorderCatalogActions rejects disconnected network anchors then publishes their centered draft
00:03 +57: test/domains/maps/border_catalog_actions_test.dart: BorderCatalogActions rejects disconnected network anchors then publishes their centered draft
00:03 +58: test/domains/maps/border_catalog_actions_test.dart: BorderCatalogActions rejects disconnected network anchors then publishes their centered draft
00:03 +59: test/domains/maps/border_catalog_actions_test.dart: BorderCatalogActions rejects disconnected network anchors then publishes their centered draft
00:04 +60: test/domains/maps/border_catalog_actions_test.dart: BorderCatalogActions rejects disconnected network anchors then publishes their centered draft
00:04 +61: test/domains/gameplay/character_studio_character_actions_test.dart: Character Studio character actions registers every specialized character and portrait action
00:04 +62: test/domains/gameplay/character_studio_character_actions_test.dart: Character Studio character actions creates a unique identity with bounded dimensions and role tags
00:04 +63: test/domains/gameplay/character_studio_character_actions_test.dart: Character Studio character actions updates identity fields without rebuilding authored media slots
00:04 +64: test/domains/gameplay/character_studio_character_actions_test.dart: Character Studio character actions sets and clears the default player through a semantic slot
00:04 +65: test/domains/gameplay/character_studio_character_actions_test.dart: Character Studio character actions assigns, replaces, and clears one portrait slot only
00:04 +66: test/domains/gameplay/character_studio_character_actions_test.dart: Character Studio character actions delete plan reports project and map dependencies in dry-run
00:04 +67: test/domains/gameplay/character_studio_character_actions_test.dart: Character Studio character actions delete plan reports dialogue portrait dependencies
00:04 +68: test/domains/gameplay/character_studio_character_actions_test.dart: Character Studio character actions referenced deletion requires an explicit resolution
00:04 +69: test/domains/gameplay/character_studio_character_actions_test.dart: Character Studio character actions clear deletion resolves every project and map reference atomically
00:04 +70: test/domains/gameplay/character_studio_character_actions_test.dart: Character Studio character actions replace deletion rewrites every dependency to another character
00:04 +71: test/domains/gameplay/character_studio_character_actions_test.dart: Character Studio character actions clear deletion removes dialogue portrait directives
00:04 +72: test/domains/gameplay/character_studio_character_actions_test.dart: Character Studio character actions replace deletion rewrites dialogue portrait character IDs
00:04 +73: test/domains/gameplay/character_studio_deletion_transaction_test.dart: JSONL inspects then commits one qualified multi-document deletion and reopens independently
00:05 +74: test/domains/gameplay/character_studio_deletion_transaction_test.dart: JSONL inspects then commits one qualified multi-document deletion and reopens independently
00:06 +75: test/tooling/jsonl_border_catalog_flow_test.dart: new placement is refused when blueprint is deprecated after the initial check
00:07 +76: test/tooling/jsonl_border_catalog_flow_test.dart: new placement is refused when blueprint is deprecated after the initial check
00:08 +77: test/tooling/jsonl_border_catalog_flow_test.dart: new placement is refused when blueprint is deprecated after the initial check
00:08 +78: test/tooling/jsonl_border_catalog_flow_test.dart: new placement is refused when blueprint is deprecated after the initial check
00:08 +79: test/package_boundary_test.dart: map_authoring package boundary contains no Flutter, Flame, editor, or runtime package imports
00:08 +80: test/tooling/jsonl_border_catalog_flow_test.dart: JSONL border status preserves dirty draft snapshots maps and raw metadata
00:08 +80 -1: test/tooling/jsonl_border_catalog_flow_test.dart: JSONL border status preserves dirty draft snapshots maps and raw metadata
00:08 +80 -1: test/package_boundary_test.dart: map_authoring package boundary pubspec keeps production dependencies within the approved set [E]
  Expected: Set:['crypto', 'image', 'map_core', 'map_distribution', 'path', 'pub_semver']
    Actual: Set:[
              'archive',
              'freezed_annotation',
              'crypto',
              'image',
              'map_core',
              'map_distribution',
              'path',
              'pub_semver'
            ]
     Which: larger than expected
  
  package:matcher                       expect
  test/package_boundary_test.dart 72:7  main.<fn>.<fn>
  
00:08 +81 -1: test/tooling/jsonl_border_catalog_flow_test.dart: JSONL border status preserves dirty draft snapshots maps and raw metadata
00:08 +82 -1: test/tooling/jsonl_border_catalog_flow_test.dart: JSONL border status preserves dirty draft snapshots maps and raw metadata
00:08 +83 -1: test/tooling/jsonl_border_catalog_flow_test.dart: JSONL border status preserves dirty draft snapshots maps and raw metadata
00:08 +83 -2: test/tooling/jsonl_border_catalog_flow_test.dart: JSONL border status preserves dirty draft snapshots maps and raw metadata
00:08 +83 -2: test/package_boundary_test.dart: map_authoring package boundary keeps Environment generation internals outside the action adapter [E]
  Expected: an object with length of a value less than <1300>
    Actual: [
              'import \'dart:convert\';',
              '',
              'import \'package:map_core/map_core.dart\';',
              '',
              'import \'../../contracts/action_descriptor.dart\';',
              'import \'../../transactions/action_planner.dart\';',
              'import \'../../transactions/authoring_plan.dart\';',
              'import \'semantic_map_action_support.dart\';',
              '',
              'part \'environment_generation_support.dart\';',
              '',
              '/// Bounded map-space region used by deterministic Environment generation.',
              'final class EnvironmentGenerationRegion {',
              '  const EnvironmentGenerationRegion({',
              '    required this.x,',
              '    required this.y,',
              '    required this.width,',
              '    required this.height,',
              '  });',
              '',
              '  final int x;',
              '  final int y;',
              '  final int width;',
              '  final int height;',
              ...
            ]
     Which: has length of <1304>
  
  package:matcher                        expect
  test/package_boundary_test.dart 162:7  main.<fn>.<fn>
  
00:08 +84 -2: test/tooling/jsonl_border_catalog_flow_test.dart: JSONL border status preserves dirty draft snapshots maps and raw metadata
00:08 +85 -2: test/tooling/jsonl_border_catalog_flow_test.dart: JSONL border status preserves dirty draft snapshots maps and raw metadata
00:08 +86 -2: test/tooling/jsonl_border_catalog_flow_test.dart: JSONL border status preserves dirty draft snapshots maps and raw metadata
00:08 +87 -2: test/tooling/jsonl_border_catalog_flow_test.dart: JSONL border status preserves dirty draft snapshots maps and raw metadata
00:08 +88 -2: test/tooling/jsonl_border_catalog_flow_test.dart: JSONL border status preserves dirty draft snapshots maps and raw metadata
00:08 +89 -2: test/tooling/jsonl_border_catalog_flow_test.dart: JSONL border status preserves dirty draft snapshots maps and raw metadata
00:08 +90 -2: test/tooling/jsonl_border_catalog_flow_test.dart: JSONL border status preserves dirty draft snapshots maps and raw metadata
00:09 +91 -2: test/tooling/jsonl_border_catalog_flow_test.dart: JSONL border status preserves dirty draft snapshots maps and raw metadata
00:09 +92 -2: test/tooling/jsonl_border_catalog_flow_test.dart: JSONL border status preserves dirty draft snapshots maps and raw metadata
00:09 +92 -3: test/tooling/jsonl_border_catalog_flow_test.dart: JSONL border status preserves dirty draft snapshots maps and raw metadata
00:09 +92 -3: test/registry/action_registry_test.dart: AuthoringResourceKindRegistry provides the canonical minimal resource kinds [E]
  Expected: [
              'asset',
              'assetBlob',
              'assetCatalog',
              'battleProgression',
              'borderBlueprint',
              'borderSnapshot',
              'campaignContent',
              'characterStudioCatalog',
              'characterStudioCharacter',
              'characterStudioDependency',
              'characterStudioReadiness',
              'cinematic',
              'cinematicLibraryCatalog',
              'cinematicLibraryEntry',
              'cinematicLibraryFolder',
              'dialogue',
              'dialogueSource',
              'elementCategory',
              'encounterTable',
              'eventV2',
              'fact',
              'itemCatalog',
              'itemDefinition',
              'itemReadiness',
              ...
            ]
    Actual: MappedListIterable<AuthoringResourceKindDescriptor, String>:[
              'asset',
              'assetBlob',
              'assetCatalog',
              'battleProgression',
              'borderBlueprint',
              'borderSnapshot',
              'campaignContent',
              'characterStudioCatalog',
              'characterStudioCharacter',
              'characterStudioDependency',
              'characterStudioReadiness',
              'cinematic',
              'cinematicLibraryCatalog',
              'cinematicLibraryEntry',
              'cinematicLibraryFolder',
              'dialogue',
              'dialogueSource',
              'elementCategory',
              'encounterTable',
              'eventV2',
              'fact',
              'itemCatalog',
              'itemDefinition',
              'itemReadiness',
              ...
            ]
     Which: at location [44] is 'regionalMap' instead of 'sandboxPlayerState'
  
  package:matcher                                expect
  test/registry/action_registry_test.dart 116:7  main.<fn>.<fn>
  
00:09 +92 -4: test/tooling/jsonl_border_catalog_flow_test.dart: JSONL border status preserves dirty draft snapshots maps and raw metadata
00:09 +92 -4: test/registry/action_registry_test.dart: AuthoringResourceKindRegistry registers every resource kind used by canonical mutations [E]
  Expected: empty
    Actual: Set:['element']
  
  package:matcher                                expect
  test/registry/action_registry_test.dart 222:7  main.<fn>.<fn>
  
00:09 +93 -4: test/tooling/jsonl_border_catalog_flow_test.dart: JSONL border status preserves dirty draft snapshots maps and raw metadata
00:09 +94 -4: test/tooling/jsonl_border_catalog_flow_test.dart: JSONL border status preserves dirty draft snapshots maps and raw metadata
00:09 +95 -4: test/tooling/jsonl_border_catalog_flow_test.dart: Border blueprint lifecycle is byte-identical through direct and JSONL
00:10 +96 -4: test/tooling/jsonl_border_catalog_flow_test.dart: JSONL rejects disconnected anchors then receipts the repaired publish
00:11 +97 -4: Some tests failed.

Failing tests:
  test/package_boundary_test.dart: map_authoring package boundary keeps Environment generation internals outside the action adapter
  test/package_boundary_test.dart: map_authoring package boundary pubspec keeps production dependencies within the approved set
  test/registry/action_registry_test.dart: AuthoringResourceKindRegistry provides the canonical minimal resource kinds
  test/registry/action_registry_test.dart: AuthoringResourceKindRegistry registers every resource kind used by canonical mutations

Consider enabling the flag chain-stack-traces to receive more detailed exceptions.
For example, 'dart test --chain-stack-traces'.
