00:00 +0: loading test/domains/gameplay/character_studio_character_actions_test.dart
00:00 +0: Character Studio character actions deletion contracts expose disjoint strict schemas
00:00 +0 -1: Character Studio character actions deletion contracts expose disjoint strict schemas [E]
  Expected: not null
    Actual: <null>
  
  package:matcher                                                          expect
  test/domains/gameplay/character_studio_character_actions_test.dart 14:9  main.<fn>.<fn>
  
00:00 +0 -1: Character Studio character actions inspection refuses missing maps instead of claiming no dependencies
00:00 +0 -2: Character Studio character actions inspection refuses missing maps instead of claiming no dependencies [E]
  Expected: throws <Instance of 'CharacterStudioActionException'> with `code`: 'character_studio.map_resource_unavailable'
    Actual: <Closure: () => AuthoringMutationDraft>
     Which: returned <Instance of 'AuthoringMutationDraft'>
  
  package:matcher                                                          expect
  test/domains/gameplay/character_studio_character_actions_test.dart 21:7  main.<fn>.<fn>
  
00:00 +0 -2: Character Studio character actions inspection refuses a missing required Yarn source
00:00 +0 -3: Character Studio character actions inspection refuses a missing required Yarn source [E]
  Expected: throws <Instance of 'CharacterStudioActionException'> with `code`: 'character_studio.dialogue_resource_unavailable'
    Actual: <Closure: () => AuthoringMutationDraft>
     Which: returned <Instance of 'AuthoringMutationDraft'>
  
  package:matcher                                                          expect
  test/domains/gameplay/character_studio_character_actions_test.dart 29:7  main.<fn>.<fn>
  
00:00 +0 -3: Character Studio character actions replacement refuses missing portrait used by a Yarn directive
00:00 +0 -4: Character Studio character actions replacement refuses missing portrait used by a Yarn directive [E]
  Expected: throws <Instance of 'CharacterStudioActionException'> with `code`: 'character_studio.character.replacement_incompatible'
    Actual: <Closure: () => AuthoringMutationDraft>
     Which: returned <Instance of 'AuthoringMutationDraft'>
  
  package:matcher                                                          expect
  test/domains/gameplay/character_studio_character_actions_test.dart 37:7  main.<fn>.<fn>
  
00:00 +0 -4: Character Studio character actions clear refuses removal of configured playable default and last avatar
00:00 +0 -5: Character Studio character actions clear refuses removal of configured playable default and last avatar [E]
  Expected: throws <Instance of 'CharacterStudioActionException'> with `code`: 'character_studio.character.player_required'
    Actual: <Closure: () => AuthoringMutationDraft>
     Which: returned <Instance of 'AuthoringMutationDraft'>
  
  package:matcher                                                          expect
  test/domains/gameplay/character_studio_character_actions_test.dart 45:7  main.<fn>.<fn>
  
00:00 +0 -5: Character Studio character actions registers every specialized character and portrait action
00:00 +1 -5: Character Studio character actions creates a unique identity with bounded dimensions and role tags
00:00 +2 -5: Character Studio character actions updates identity fields without rebuilding authored media slots
00:00 +3 -5: Character Studio character actions sets and clears the default player through a semantic slot
00:00 +4 -5: Character Studio character actions assigns, replaces, and clears one portrait slot only
00:00 +5 -5: Character Studio character actions delete plan reports project and map dependencies in dry-run
00:00 +6 -5: Character Studio character actions delete plan reports dialogue portrait dependencies
00:00 +7 -5: Character Studio character actions referenced deletion requires an explicit resolution
00:00 +8 -5: Character Studio character actions clear deletion resolves every project and map reference atomically
00:00 +9 -5: Character Studio character actions replace deletion rewrites every dependency to another character
00:00 +10 -5: Character Studio character actions clear deletion removes dialogue portrait directives
00:00 +11 -5: Character Studio character actions replace deletion rewrites dialogue portrait character IDs
00:00 +12 -5: Some tests failed.

Failing tests:
  test/domains/gameplay/character_studio_character_actions_test.dart: Character Studio character actions clear refuses removal of configured playable default and last avatar
  test/domains/gameplay/character_studio_character_actions_test.dart: Character Studio character actions deletion contracts expose disjoint strict schemas
  test/domains/gameplay/character_studio_character_actions_test.dart: Character Studio character actions inspection refuses a missing required Yarn source
  test/domains/gameplay/character_studio_character_actions_test.dart: Character Studio character actions inspection refuses missing maps instead of claiming no dependencies
  test/domains/gameplay/character_studio_character_actions_test.dart: Character Studio character actions replacement refuses missing portrait used by a Yarn directive

Consider enabling the flag chain-stack-traces to receive more detailed exceptions.
For example, 'dart test --chain-stack-traces'.
