00:00 +0: loading /Users/karim/Project/pokemonProject/apps/avelune_studio/test/resource_io/terrain_management_host_test.dart
00:00 +0: /Users/karim/Project/pokemonProject/apps/avelune_studio/test/resource_io/terrain_management_host_test.dart: published path rename persists without publishing draft rules
00:04 +1: /Users/karim/Project/pokemonProject/apps/avelune_studio/test/resource_io/terrain_management_host_test.dart: published path rename persists without publishing draft rules
00:06 +2: /Users/karim/Project/pokemonProject/apps/avelune_studio/test/resource_io/terrain_management_guards_host_test.dart: rename conflict keeps input and newer saved metadata
00:07 +3: /Users/karim/Project/pokemonProject/apps/avelune_studio/test/resource_io/terrain_management_host_test.dart: published path duplicates into independent saved preparation
00:09 +4: /Users/karim/Project/pokemonProject/apps/avelune_studio/test/resource_io/terrain_management_guards_host_test.dart: dirty preparation copy requires explicit save without publication
00:12 +5: /Users/karim/Project/pokemonProject/apps/avelune_studio/test/resource_io/terrain_management_guards_host_test.dart: dirty preparation copy requires explicit save without publication
00:13 +6: /Users/karim/Project/pokemonProject/apps/avelune_studio/test/resource_io/terrain_management_host_test.dart: painted path deletion is refused through real preparation
00:15 +7: /Users/karim/Project/pokemonProject/apps/avelune_studio/test/resource_io/terrain_management_guards_host_test.dart: advanced path metadata stays editable without converting rules
00:16 +8: /Users/karim/Project/pokemonProject/apps/avelune_studio/test/resource_io/terrain_management_guards_host_test.dart: local-only preparation withdrawal writes nothing
00:20 +9: /Users/karim/Project/pokemonProject/apps/avelune_studio/test/resource_io/terrain_management_layout_host_test.dart: terrain management fits 1536.0 at enlarged text
00:21 +10: /Users/karim/Project/pokemonProject/apps/avelune_studio/test/resource_io/terrain_management_layout_host_test.dart: terrain management fits 1280.0 at enlarged text
00:24 +11: /Users/karim/Project/pokemonProject/apps/avelune_studio/test/resource_io/border_management_host_test.dart: unpublished border withdrawal preserves publication and pixels
00:26 +12: /Users/karim/Project/pokemonProject/apps/avelune_studio/test/resource_io/terrain_management_layout_host_test.dart: terrain management fits 1024.0 at enlarged text
00:26 +13: /Users/karim/Project/pokemonProject/apps/avelune_studio/test/resource_io/border_management_host_test.dart: deprecation and reactivation preserve immutable publication
00:32 +14: /Users/karim/Project/pokemonProject/apps/avelune_studio/test/resource_io/border_management_guards_host_test.dart: dirty border editor blocks withdrawal without losing focused input
00:33 +15: /Users/karim/Project/pokemonProject/apps/avelune_studio/test/resource_io/border_management_layout_host_test.dart: border management stays usable at 1536.0
00:37 +16: /Users/karim/Project/pokemonProject/apps/avelune_studio/test/resource_io/border_management_layout_host_test.dart: border management stays usable at 1536.0
00:38 +17: /Users/karim/Project/pokemonProject/apps/avelune_studio/test/resource_io/border_management_guards_host_test.dart: border usage inspection targets the actual blueprint and does not write
00:40 +18: /Users/karim/Project/pokemonProject/apps/avelune_studio/test/resource_io/border_management_layout_host_test.dart: border management stays usable at 1280.0
00:41 +19: /Users/karim/Project/pokemonProject/apps/avelune_studio/test/resource_io/character_removal_host_test.dart: free character removal persists without selecting the next identity
00:45 +20: /Users/karim/Project/pokemonProject/apps/avelune_studio/test/resource_io/character_removal_host_test.dart: free character removal persists without selecting the next identity
00:46 +21: /Users/karim/Project/pokemonProject/apps/avelune_studio/test/resource_io/character_removal_resolution_host_test.dart: referenced character is replaced through the real global resolution
00:53 +22: /Users/karim/Project/pokemonProject/apps/avelune_studio/test/resource_io/character_removal_concurrency_host_test.dart: dirty replacement is refused without saving its focused draft
00:55 +23: /Users/karim/Project/pokemonProject/apps/avelune_studio/test/resource_io/character_removal_resolution_host_test.dart: dirty owner blocks inspection and keeps focused input
00:56 +24: /Users/karim/Project/pokemonProject/apps/avelune_studio/test/resource_io/character_removal_concurrency_host_test.dart: character changed after confirmation preparation is not overwritten
00:58 +25: /Users/karim/Project/pokemonProject/apps/avelune_studio/test/resource_io/character_removal_resolution_host_test.dart: unrelated dirty map does not block a free character removal
01:00 +26: /Users/karim/Project/pokemonProject/apps/avelune_studio/test/resource_io/character_removal_concurrency_host_test.dart: replacement removed after preview cannot partially replace map references
01:02 +27: /Users/karim/Project/pokemonProject/apps/avelune_studio/test/resource_io/character_removal_resolution_host_test.dart: affected dirty map refuses removal without saving another owner
01:02 +28: /Users/karim/Project/pokemonProject/apps/avelune_studio/test/resource_io/character_removal_resolution_host_test.dart: free removal preserves an unrelated focused character draft
01:06 +29: /Users/karim/Project/pokemonProject/apps/avelune_studio/test/resource_io/character_removal_layout_host_test.dart: character removal keeps actions accessible at 1536.0
01:07 +30: /Users/karim/Project/pokemonProject/apps/avelune_studio/test/resource_io/character_removal_resolution_host_test.dart: clear resolution preserves the map owner and independent data
01:10 +31: /Users/karim/Project/pokemonProject/apps/avelune_studio/test/resource_io/character_removal_layout_host_test.dart: character removal keeps actions accessible at 1280.0
01:10 +32: /Users/karim/Project/pokemonProject/apps/avelune_studio/test/resource_io/character_removal_resolution_host_test.dart: reanalyzing requires a new explicit confirmation
01:13 +33: /Users/karim/Project/pokemonProject/apps/avelune_studio/test/resource_io/character_removal_layout_host_test.dart: character removal keeps actions accessible at 1024.0
01:14 +34: /Users/karim/Project/pokemonProject/apps/avelune_studio/test/characters/character_studio_draft_test.dart: la planche classique affecte exactement trois poses aux quatre directions
01:14 +35: /Users/karim/Project/pokemonProject/apps/avelune_studio/test/characters/character_studio_draft_test.dart: une pose isolée reste brouillon et ne publie pas de trou implicite
01:14 +36: /Users/karim/Project/pokemonProject/apps/avelune_studio/test/characters/character_studio_draft_test.dart: modifier une pose conserve les frames supplémentaires existantes
01:14 +37: /Users/karim/Project/pokemonProject/apps/avelune_studio/test/characters/character_studio_draft_test.dart: découper une planche remplace exactement les anciennes poses
01:14 +38: /Users/karim/Project/pokemonProject/apps/avelune_studio/test/characters/character_studio_draft_test.dart: une pose identique choisie sur atlas remplace une source dédiée
01:14 +39: /Users/karim/Project/pokemonProject/apps/avelune_studio/test/characters/character_studio_draft_test.dart: changer la durée conserve la source et les rectangles dédiés
01:14 +40: /Users/karim/Project/pokemonProject/apps/avelune_studio/test/characters/character_studio_draft_test.dart: retirer une pose dédiée conserve la source des poses restantes
01:15 +41: /Users/karim/Project/pokemonProject/apps/avelune_studio/test/characters/character_compact_workspace_test.dart: enlarged text keeps palette and character inspector reachable over the map
01:16 +42: /Users/karim/Project/pokemonProject/apps/avelune_studio/test/presentation/border_creation_journey_test.dart: Studio publishes a border and offers it to the map tool
01:16 +43: /Users/karim/Project/pokemonProject/apps/avelune_studio/test/presentation/border_creation_journey_test.dart: Studio publishes a border and offers it to the map tool
01:17 +44: /Users/karim/Project/pokemonProject/apps/avelune_studio/test/presentation/border_creation_journey_test.dart: Studio publishes a border and offers it to the map tool
01:17 +45: /Users/karim/Project/pokemonProject/apps/avelune_studio/test/presentation/border_creation_journey_test.dart: Studio publishes a border and offers it to the map tool
01:17 +46: /Users/karim/Project/pokemonProject/apps/avelune_studio/test/presentation/border_creation_journey_test.dart: Studio publishes a border and offers it to the map tool
01:17 +47: /Users/karim/Project/pokemonProject/apps/avelune_studio/test/presentation/border_creation_journey_test.dart: Studio publishes a border and offers it to the map tool
01:17 +48: /Users/karim/Project/pokemonProject/apps/avelune_studio/test/presentation/border_creation_journey_test.dart: Studio publishes a border and offers it to the map tool
01:18 +49: /Users/karim/Project/pokemonProject/apps/avelune_studio/test/presentation/border_creation_journey_test.dart: Studio publishes a border and offers it to the map tool
01:18 +50: /Users/karim/Project/pokemonProject/apps/avelune_studio/test/presentation/border_creation_journey_test.dart: Studio publishes a border and offers it to the map tool
01:18 +51: /Users/karim/Project/pokemonProject/apps/avelune_studio/test/presentation/border_creation_journey_test.dart: Studio publishes a border and offers it to the map tool
01:18 +52: /Users/karim/Project/pokemonProject/apps/avelune_studio/test/presentation/border_creation_journey_test.dart: Studio publishes a border and offers it to the map tool
01:18 +53: /Users/karim/Project/pokemonProject/apps/avelune_studio/test/presentation/border_creation_journey_test.dart: Studio publishes a border and offers it to the map tool
01:18 +54: /Users/karim/Project/pokemonProject/apps/avelune_studio/test/presentation/border_creation_journey_test.dart: Studio publishes a border and offers it to the map tool
01:27 +55: /Users/karim/Project/pokemonProject/apps/avelune_studio/test/presentation/ui04_terrain_journey_test.dart: UI04 source rules trial publication and map preserve the current session
01:28 +56: /Users/karim/Project/pokemonProject/apps/avelune_studio/test/presentation/ui04_terrain_journey_test.dart: UI04 source rules trial publication and map preserve the current session
01:30 +57: /Users/karim/Project/pokemonProject/apps/avelune_studio/test/presentation/ui04_terrain_journey_test.dart: UI04 source rules trial publication and map preserve the current session
01:35 +58: All tests passed!
