00:00 +0: loading /Users/karim/Project/pokemonProject/apps/avelune_studio/test/resource_io/uwu5_source_removal_host_test.dart
00:00 +0: source removal can return to definition-only after analysis
══╡ EXCEPTION CAUGHT BY FLUTTER TEST FRAMEWORK ╞════════════════════════════════════════════════════
The following TestFailure was thrown running a test:
Expected: not null
  Actual: <null>

When the exception was thrown, this was the stack:
#4      main.<anonymous closure> (file:///Users/karim/Project/pokemonProject/apps/avelune_studio/test/resource_io/uwu5_source_removal_host_test.dart:24:5)
<asynchronous suspension>
#5      testWidgets.<anonymous closure>.<anonymous closure> (package:flutter_test/src/widget_tester.dart:192:15)
<asynchronous suspension>
#6      TestWidgetsFlutterBinding._runTestBody (package:flutter_test/src/binding.dart:1978:5)
<asynchronous suspension>
<asynchronous suspension>
(elided one frame from package:stack_trace)

This was caught by the test expectation on the following line:
  file:///Users/karim/Project/pokemonProject/apps/avelune_studio/test/resource_io/uwu5_source_removal_host_test.dart line 24
The test description was:
  source removal can return to definition-only after analysis
════════════════════════════════════════════════════════════════════════════════════════════════════
00:06 +0 -1: source removal can return to definition-only after analysis [E]
  Test failed. See exception logs above.
  The test description was: source removal can return to definition-only after analysis

00:06 +0 -1: Some tests failed.

Failing tests:
  /Users/karim/Project/pokemonProject/apps/avelune_studio/test/resource_io/uwu5_source_removal_host_test.dart: source removal can return to definition-only after analysis
