00:00 +0: loading test/domains/maps/smart_tile_catalog_format_persistence_test.dart
00:00 +0: test/domains/maps/smart_tile_catalog_format_persistence_test.dart: catalog authoring writes the canonical format alongside new records
00:00 +1: test/domains/maps/smart_tile_catalog_format_persistence_test.dart: catalog authoring writes the canonical format alongside new records
00:00 +2: test/domains/maps/smart_tile_catalog_format_persistence_test.dart: catalog authoring writes the canonical format alongside new records
00:00 +3: test/domains/maps/smart_tile_catalog_format_persistence_test.dart: catalog authoring writes the canonical format alongside new records
00:00 +4: test/domains/maps/smart_tile_catalog_format_persistence_test.dart: catalog authoring writes the canonical format alongside new records
00:00 +5: test/domains/maps/smart_tile_catalog_format_persistence_test.dart: catalog authoring writes the canonical format alongside new records
00:00 +6: test/domains/maps/smart_tile_catalog_format_persistence_test.dart: catalog authoring writes the canonical format alongside new records
00:00 +7: test/domains/maps/smart_tile_catalog_format_persistence_test.dart: catalog authoring writes the canonical format alongside new records
00:00 +8: test/domains/maps/smart_tile_catalog_format_persistence_test.dart: catalog authoring writes the canonical format alongside new records
00:00 +9: test/domains/maps/smart_tile_catalog_format_persistence_test.dart: catalog authoring writes the canonical format alongside new records
00:00 +10: test/domains/maps/smart_tile_catalog_format_persistence_test.dart: catalog authoring writes the canonical format alongside new records
00:00 +11: test/domains/maps/smart_tile_catalog_format_persistence_test.dart: catalog authoring writes the canonical format alongside new records
00:00 +12: test/domains/maps/smart_tile_catalog_format_persistence_test.dart: catalog authoring writes the canonical format alongside new records
00:00 +13: test/domains/maps/smart_tile_catalog_format_persistence_test.dart: catalog authoring writes the canonical format alongside new records
00:00 +14: test/domains/maps/smart_tile_catalog_format_persistence_test.dart: catalog authoring writes the canonical format alongside new records
00:00 +15: test/domains/maps/smart_tile_catalog_format_persistence_test.dart: catalog authoring writes the canonical format alongside new records
00:00 +16: test/domains/maps/smart_tile_catalog_format_persistence_test.dart: catalog authoring writes the canonical format alongside new records
00:00 +17: test/domains/maps/smart_tile_catalog_format_persistence_test.dart: catalog authoring writes the canonical format alongside new records
00:00 +18: test/domains/maps/smart_tile_catalog_format_persistence_test.dart: catalog authoring writes the canonical format alongside new records
00:00 +19: test/domains/maps/smart_tile_catalog_format_persistence_test.dart: catalog authoring writes the canonical format alongside new records
00:00 +20: test/domains/maps/smart_tile_catalog_format_persistence_test.dart: catalog authoring writes the canonical format alongside new records
00:00 +21: test/domains/maps/smart_tile_catalog_format_persistence_test.dart: catalog authoring writes the canonical format alongside new records
00:00 +22: test/domains/maps/smart_tile_catalog_format_persistence_test.dart: catalog authoring writes the canonical format alongside new records
00:00 +23: test/domains/maps/smart_tile_catalog_format_persistence_test.dart: catalog authoring writes the canonical format alongside new records
00:00 +24: test/domains/maps/smart_tile_catalog_format_persistence_test.dart: catalog authoring writes the canonical format alongside new records
00:00 +25: test/domains/maps/smart_tile_catalog_format_persistence_test.dart: catalog authoring writes the canonical format alongside new records
00:00 +26: test/domains/maps/smart_tile_catalog_format_persistence_test.dart: catalog authoring writes the canonical format alongside new records
00:00 +27: test/domains/maps/smart_tile_catalog_format_persistence_test.dart: catalog authoring writes the canonical format alongside new records
00:00 +28: test/domains/maps/smart_tile_catalog_format_persistence_test.dart: catalog authoring writes the canonical format alongside new records
00:00 +29: test/domains/maps/smart_tile_catalog_format_persistence_test.dart: catalog authoring writes the canonical format alongside new records
00:00 +30: test/domains/maps/smart_tile_catalog_format_persistence_test.dart: catalog authoring writes the canonical format alongside new records
00:00 +31: test/domains/maps/smart_tile_catalog_format_persistence_test.dart: catalog authoring writes the canonical format alongside new records
00:00 +32: test/domains/maps/smart_tile_catalog_format_persistence_test.dart: catalog authoring writes the canonical format alongside new records
00:00 +33: test/domains/maps/smart_tile_catalog_format_persistence_test.dart: catalog authoring writes the canonical format alongside new records
00:00 +34: test/domains/maps/smart_tile_catalog_format_persistence_test.dart: catalog authoring writes the canonical format alongside new records
00:00 +35: test/domains/maps/smart_tile_catalog_format_persistence_test.dart: catalog authoring writes the canonical format alongside new records
00:01 +36: test/domains/maps/smart_tile_catalog_format_persistence_test.dart: catalog authoring writes the canonical format alongside new records
00:01 +37: test/domains/maps/smart_tile_catalog_format_persistence_test.dart: catalog authoring writes the canonical format alongside new records
00:01 +38: test/domains/maps/smart_tile_catalog_format_persistence_test.dart: catalog authoring writes the canonical format alongside new records
00:01 +39: test/domains/maps/smart_tile_catalog_format_persistence_test.dart: catalog authoring writes the canonical format alongside new records
00:01 +40: test/domains/maps/smart_tile_catalog_format_persistence_test.dart: catalog authoring writes the canonical format alongside new records
00:01 +41: test/domains/maps/smart_tile_catalog_format_persistence_test.dart: catalog authoring writes the canonical format alongside new records
00:01 +42: test/domains/maps/smart_tile_catalog_format_persistence_test.dart: catalog authoring writes the canonical format alongside new records
00:01 +43: test/domains/maps/smart_tile_lifecycle_api_test.dart: terrain lifecycle preserves raw nested data outside its owner
00:01 +44: test/domains/maps/smart_tile_lifecycle_api_test.dart: terrain lifecycle preserves raw nested data outside its owner
00:01 +45: test/domains/maps/smart_tile_lifecycle_api_test.dart: terrain lifecycle preserves raw nested data outside its owner
00:01 +46: test/parity/full_authoring_parity_test.dart: PMCP-085 full authoring parity PMCP tool consumes one revision-bound transport receipt bundle
00:02 +47: test/parity/full_authoring_parity_test.dart: PMCP-085 full authoring parity PMCP tool consumes one revision-bound transport receipt bundle
00:03 +48: test/parity/full_authoring_parity_test.dart: PMCP-085 full authoring parity PMCP tool consumes one revision-bound transport receipt bundle
00:04 +49: test/parity/full_authoring_parity_test.dart: PMCP-085 full authoring parity PMCP tool consumes one revision-bound transport receipt bundle
00:12 +50: test/parity/full_authoring_parity_test.dart: PMCP-085 full authoring parity PMCP tool refuses an Item transport claim without receipts
00:23 +51: test/parity/full_authoring_parity_test.dart: PMCP-085 full authoring parity matches runtime and editor consumer inventories automatically
00:24 +52: test/parity/full_authoring_parity_test.dart: PMCP-085 full authoring parity RailJourney actions have dedicated evidence for every transport
00:24 +53: test/parity/full_authoring_parity_test.dart: PMCP-085 full authoring parity direct API and JSONL CLI produce the same golden receipt
00:24 +54: test/parity/full_authoring_parity_test.dart: PMCP-085 full authoring parity presentation.update has direct API and JSONL CLI parity
00:25 +55: test/parity/full_authoring_parity_test.dart: PMCP-085 full authoring parity presentation preset export has direct API and JSONL CLI parity
00:25 +56: test/parity/full_authoring_parity_test.dart: PMCP-085 full authoring parity encounter tables have direct API and JSONL CLI parity
00:26 +57: test/parity/full_authoring_parity_test.dart: PMCP-085 full authoring parity projectPresentationProfile is a first-class query resource
00:26 +58: All tests passed!
