00:00 +0: loading /Users/karim/Project/pokemonProject/apps/avelune_studio/test/map_workspace/uwu5_border_availability_host_test.dart
00:00 +0: an unavailable selected border is never replaced by another
══╡ EXCEPTION CAUGHT BY FLUTTER TEST FRAMEWORK ╞════════════════════════════════════════════════════
The following TestFailure was thrown running a test:
Expected: null
  Actual: 'another-border'

When the exception was thrown, this was the stack:
#4      main.<anonymous closure> (file:///Users/karim/Project/pokemonProject/apps/avelune_studio/test/map_workspace/uwu5_border_availability_host_test.dart:62:5)
<asynchronous suspension>
#5      testWidgets.<anonymous closure>.<anonymous closure> (package:flutter_test/src/widget_tester.dart:192:15)
<asynchronous suspension>
#6      TestWidgetsFlutterBinding._runTestBody (package:flutter_test/src/binding.dart:1978:5)
<asynchronous suspension>
<asynchronous suspension>
(elided one frame from package:stack_trace)

This was caught by the test expectation on the following line:
  file:///Users/karim/Project/pokemonProject/apps/avelune_studio/test/map_workspace/uwu5_border_availability_host_test.dart line 62
The test description was:
  an unavailable selected border is never replaced by another
════════════════════════════════════════════════════════════════════════════════════════════════════
00:02 +0 -1: an unavailable selected border is never replaced by another [E]
  Test failed. See exception logs above.
  The test description was: an unavailable selected border is never replaced by another

00:02 +0 -1: Some tests failed.

Failing tests:
  /Users/karim/Project/pokemonProject/apps/avelune_studio/test/map_workspace/uwu5_border_availability_host_test.dart: an unavailable selected border is never replaced by another
