00:00 +0: loading test/package_boundary_test.dart
00:00 +0: test/package_boundary_test.dart: map_authoring package boundary declares canonical ownership and the only allowed dependency
00:00 +1: test/package_boundary_test.dart: map_authoring package boundary contains no Flutter, Flame, editor, or runtime package imports
00:00 +2: test/package_boundary_test.dart: map_authoring package boundary contains no Flutter, Flame, editor, or runtime package imports
00:00 +3: test/package_boundary_test.dart: map_authoring package boundary contains no Flutter, Flame, editor, or runtime package imports
00:00 +4: test/package_boundary_test.dart: map_authoring package boundary contains no Flutter, Flame, editor, or runtime package imports
00:00 +5: test/package_boundary_test.dart: map_authoring package boundary contains no Flutter, Flame, editor, or runtime package imports
00:00 +6: test/package_boundary_test.dart: map_authoring package boundary contains no Flutter, Flame, editor, or runtime package imports
00:00 +7: test/registry/action_registry_test.dart: AuthoringResourceKindRegistry does not expose the removed legacy Scenario transport
00:00 +7 -1: test/registry/action_registry_test.dart: AuthoringResourceKindRegistry does not expose the removed legacy Scenario transport
00:00 +7 -1: test/package_boundary_test.dart: map_authoring package boundary pubspec keeps production dependencies within the approved set [E]
  Expected: Set:['crypto', 'image', 'map_core', 'map_distribution', 'path', 'pub_semver']
    Actual: Set:[
              'archive',
              'freezed_annotation',
              'crypto',
              'image',
              'map_core',
              'map_distribution',
              'path',
              'pub_semver'
            ]
     Which: larger than expected

  package:matcher                       expect
  test/package_boundary_test.dart 72:7  main.<fn>.<fn>

00:00 +8 -1: test/package_boundary_test.dart: map_authoring package boundary keeps canonical cross-domain composition in the application layer
00:00 +9 -1: test/registry/action_registry_test.dart: AuthoringResourceKindRegistry rejects removed Scenario commands with a stable capability code
00:00 +10 -1: test/registry/action_registry_test.dart: AuthoringResourceKindRegistry rejects removed Scenario commands with a stable capability code
00:00 +11 -1: test/package_boundary_test.dart: map_authoring package boundary editor application adapters avoid the legacy umbrella barrel
00:00 +12 -1: test/registry/action_registry_test.dart: AuthoringResourceKindRegistry provides the canonical minimal resource kinds
00:00 +12 -2: test/registry/action_registry_test.dart: AuthoringResourceKindRegistry provides the canonical minimal resource kinds
00:00 +12 -2: test/package_boundary_test.dart: map_authoring package boundary keeps Environment generation internals outside the action adapter [E]
  Expected: an object with length of a value less than <1300>
    Actual: [
              'import \'dart:convert\';',
              '',
              'import \'package:map_core/map_core.dart\';',
              '',
              'import \'../../contracts/action_descriptor.dart\';',
              'import \'../../transactions/action_planner.dart\';',
              'import \'../../transactions/authoring_plan.dart\';',
              'import \'semantic_map_action_support.dart\';',
              '',
              'part \'environment_generation_support.dart\';',
              '',
              '/// Bounded map-space region used by deterministic Environment generation.',
              'final class EnvironmentGenerationRegion {',
              '  const EnvironmentGenerationRegion({',
              '    required this.x,',
              '    required this.y,',
              '    required this.width,',
              '    required this.height,',
              '  });',
              '',
              '  final int x;',
              '  final int y;',
              '  final int width;',
              '  final int height;',
              ...
            ]
     Which: has length of <1304>

  package:matcher                        expect
  test/package_boundary_test.dart 162:7  main.<fn>.<fn>

00:00 +13 -2: test/registry/action_registry_test.dart: AuthoringResourceKindRegistry provides the canonical minimal resource kinds
00:00 +14 -2: test/registry/action_registry_test.dart: AuthoringResourceKindRegistry provides the canonical minimal resource kinds
00:00 +14 -3: test/registry/action_registry_test.dart: AuthoringResourceKindRegistry provides the canonical minimal resource kinds [E]
  Expected: [
              'asset',
              'assetBlob',
              'assetCatalog',
              'battleProgression',
              'borderBlueprint',
              'borderSnapshot',
              'campaignContent',
              'characterStudioCatalog',
              'characterStudioCharacter',
              'characterStudioDependency',
              'characterStudioReadiness',
              'cinematic',
              'cinematicLibraryCatalog',
              'cinematicLibraryEntry',
              'cinematicLibraryFolder',
              'dialogue',
              'dialogueSource',
              'elementCategory',
              'encounterTable',
              'eventV2',
              'fact',
              'itemCatalog',
              'itemDefinition',
              'itemReadiness',
              ...
            ]
    Actual: MappedListIterable<AuthoringResourceKindDescriptor, String>:[
              'asset',
              'assetBlob',
              'assetCatalog',
              'battleProgression',
              'borderBlueprint',
              'borderSnapshot',
              'campaignContent',
              'characterStudioCatalog',
              'characterStudioCharacter',
              'characterStudioDependency',
              'characterStudioReadiness',
              'cinematic',
              'cinematicLibraryCatalog',
              'cinematicLibraryEntry',
              'cinematicLibraryFolder',
              'dialogue',
              'dialogueSource',
              'elementCategory',
              'encounterTable',
              'eventV2',
              'fact',
              'itemCatalog',
              'itemDefinition',
              'itemReadiness',
              ...
            ]
     Which: at location [44] is 'regionalMap' instead of 'sandboxPlayerState'

  package:matcher                                expect
  test/registry/action_registry_test.dart 116:7  main.<fn>.<fn>

00:00 +14 -3: test/registry/action_registry_test.dart: AuthoringResourceKindRegistry registers every resource kind used by canonical mutations
00:00 +14 -4: test/registry/action_registry_test.dart: AuthoringResourceKindRegistry registers every resource kind used by canonical mutations [E]
  Expected: empty
    Actual: Set:['element']

  package:matcher                                expect
  test/registry/action_registry_test.dart 222:7  main.<fn>.<fn>

00:00 +14 -4: test/registry/action_registry_test.dart: AuthoringResourceKindRegistry rejects duplicate and incompatible kind versions
00:00 +15 -4: test/registry/action_registry_test.dart: AuthoringResourceKindRegistry round-trips deterministically through JSON
00:00 +16 -4: Some tests failed.

Failing tests:
  test/package_boundary_test.dart: map_authoring package boundary keeps Environment generation internals outside the action adapter
  test/package_boundary_test.dart: map_authoring package boundary pubspec keeps production dependencies within the approved set
  test/registry/action_registry_test.dart: AuthoringResourceKindRegistry provides the canonical minimal resource kinds
  test/registry/action_registry_test.dart: AuthoringResourceKindRegistry registers every resource kind used by canonical mutations

Consider enabling the flag chain-stack-traces to receive more detailed exceptions.
For example, 'dart test --chain-stack-traces'.
