00:00 +0: loading test/tooling/border_deprecation_recovery_test.dart
00:00 +0: test/tooling/border_deprecation_recovery_test.dart: deprecation recovers honestly after beforeResourcePromotion
00:00 +1: test/tooling/border_deprecation_recovery_test.dart: deprecation recovers honestly after beforeResourcePromotion
00:00 +2: test/tooling/border_deprecation_recovery_test.dart: deprecation recovers honestly after beforeResourcePromotion
00:00 +3: test/tooling/border_deprecation_recovery_test.dart: deprecation recovers honestly after beforeResourcePromotion
00:00 +4: test/tooling/border_deprecation_recovery_test.dart: deprecation recovers honestly after beforeResourcePromotion
00:00 +5: test/tooling/border_deprecation_recovery_test.dart: deprecation recovers honestly after beforeResourcePromotion
00:00 +6: test/tooling/border_deprecation_recovery_test.dart: deprecation recovers honestly after beforeResourcePromotion
00:00 +7: test/tooling/border_deprecation_recovery_test.dart: deprecation recovers honestly after beforeResourcePromotion
00:00 +8: test/tooling/border_deprecation_recovery_test.dart: deprecation recovers honestly after beforeResourcePromotion
00:00 +9: test/tooling/border_deprecation_recovery_test.dart: deprecation recovers honestly after beforeResourcePromotion
00:00 +10: test/tooling/border_deprecation_recovery_test.dart: deprecation recovers honestly after beforeResourcePromotion
00:00 +11: test/tooling/border_deprecation_recovery_test.dart: deprecation recovers honestly after beforeResourcePromotion
00:00 +12: test/tooling/border_deprecation_recovery_test.dart: deprecation recovers honestly after beforeResourcePromotion
00:00 +13: test/tooling/border_deprecation_recovery_test.dart: deprecation recovers honestly after beforeResourcePromotion
00:00 +14: test/tooling/border_deprecation_recovery_test.dart: deprecation recovers honestly after beforeResourcePromotion
00:00 +15: test/tooling/border_deprecation_recovery_test.dart: deprecation recovers honestly after beforeResourcePromotion
00:00 +16: test/tooling/border_deprecation_recovery_test.dart: deprecation recovers honestly after beforeResourcePromotion
00:00 +17: test/tooling/border_deprecation_recovery_test.dart: deprecation recovers honestly after beforeResourcePromotion
00:00 +18: test/tooling/border_deprecation_recovery_test.dart: deprecation recovers honestly after beforeResourcePromotion
00:00 +19: test/tooling/border_deprecation_recovery_test.dart: deprecation recovers honestly after beforeResourcePromotion
00:00 +20: test/tooling/jsonl_border_catalog_flow_test.dart: JSONL border status preserves dirty draft snapshots maps and raw metadata
00:01 +21: test/tooling/jsonl_border_catalog_flow_test.dart: JSONL border status preserves dirty draft snapshots maps and raw metadata
00:01 +22: test/tooling/jsonl_border_catalog_flow_test.dart: Border blueprint lifecycle is byte-identical through direct and JSONL
00:01 +23: test/tooling/jsonl_border_catalog_flow_test.dart: JSONL rejects disconnected anchors then receipts the repaired publish
00:01 +24: All tests passed!
