Resolving dependencies...
Downloading packages...
  _fe_analyzer_shared 103.0.0 (108.0.0 available)
  analyzer 13.3.0 (14.4.0 available)
  archive 4.0.9 (4.3.0 available)
  code_assets 2.0.0 (2.1.0 available)
  cross_file 0.3.5+5 (0.4.0 available)
  dbus 0.7.15 (0.8.0 available)
  file_picker 11.0.3 (13.1.0 available)
  flutter_riverpod 3.4.2 (3.4.3 available)
  gamepads 0.1.11 (0.1.12 available)
  gamepads_android 0.1.9 (0.1.10 available)
  gamepads_darwin 0.1.3 (0.1.4 available)
  gamepads_linux 0.1.2 (0.1.3 available)
  gamepads_platform_interface 0.1.3 (0.1.4 available)
  gamepads_web 0.1.2 (0.1.3 available)
  gamepads_windows 0.3.1 (0.3.2 available)
  material_color_utilities 0.13.0 (0.13.1 available)
  package_config 2.2.0 (3.0.0 available)
  platform 3.1.6 (3.2.0 available)
  riverpod 3.4.2 (3.4.3 available)
  synchronized 3.4.1+2 (3.4.2 available)
  test 1.31.1 (1.32.0 available)
  test_api 0.7.12 (0.7.14 available)
  test_core 0.6.18 (0.6.20 available)
  vector_math 2.4.2 (2.4.3 available)
  win32 5.15.0 (6.4.0 available)
Got dependencies!
25 packages have newer versions incompatible with dependency constraints.
Try `flutter pub outdated` for more information.
00:00 +0: loading /Users/karim/Project/pokemonProject/apps/avelune_studio/test/pokemon/pokemon_external_import_host_test.dart
00:00 +0: /Users/karim/Project/pokemonProject/apps/avelune_studio/test/pokemon/pokemon_external_import_host_test.dart: external search previews without writing and imports in Studio
00:09 +1: /Users/karim/Project/pokemonProject/apps/avelune_studio/test/pokemon/pokemon_external_import_host_test.dart: external search previews without writing and imports in Studio
00:19 +2: /Users/karim/Project/pokemonProject/apps/avelune_studio/test/pokemon/pokemon_corrections_host_test.dart: legacy companion is replaced at its existing identity and path
00:19 +3: /Users/karim/Project/pokemonProject/apps/avelune_studio/test/pokemon/pokemon_external_import_host_test.dart: external network error preserves local project
00:22 +4: /Users/karim/Project/pokemonProject/apps/avelune_studio/test/pokemon/pokemon_corrections_host_test.dart: keeping a species with empty ref excludes unattached companion
00:24 +5: /Users/karim/Project/pokemonProject/apps/avelune_studio/test/pokemon/pokemon_external_import_host_test.dart: external preview refuses a companion owned by another species
00:25 +6: /Users/karim/Project/pokemonProject/apps/avelune_studio/test/pokemon/pokemon_corrections_host_test.dart: a changed retained reference invalidates an external preview
00:28 +7: /Users/karim/Project/pokemonProject/apps/avelune_studio/test/pokemon/pokemon_external_import_host_test.dart: external import attaches companions to empty references
00:30 +8: /Users/karim/Project/pokemonProject/apps/avelune_studio/test/pokemon/pokemon_lot_a_visual_host_test.dart: Lot A surfaces use the real workspace and local media
00:38 +9: /Users/karim/Project/pokemonProject/apps/avelune_studio/test/pokemon/pokemon_commerce_refresh_host_test.dart: return from Carte refreshes saved item pickup references
00:39 +10: /Users/karim/Project/pokemonProject/apps/avelune_studio/test/pokemon/pokemon_lot_a_visual_host_test.dart: compact Attack and import views keep essential actions
00:41 +11: /Users/karim/Project/pokemonProject/apps/avelune_studio/test/pokemon/pokemon_commerce_refresh_host_test.dart: return from Histoire refreshes narrative item references
00:42 +12: /Users/karim/Project/pokemonProject/apps/avelune_studio/test/pokemon/pokemon_lot_a_visual_host_test.dart: 200% text keeps focused save reachable
00:44 +13: /Users/karim/Project/pokemonProject/apps/avelune_studio/test/pokemon/pokemon_commerce_refresh_host_test.dart: refresh keeps a shop by identity and clears a removed shop
00:46 +14: /Users/karim/Project/pokemonProject/apps/avelune_studio/test/pokemon/pokemon_language_corrections_host_test.dart: language selection does not write fallbacks and focused edit keeps its key
00:50 +15: /Users/karim/Project/pokemonProject/apps/avelune_studio/test/pokemon/pokemon_language_corrections_host_test.dart: language selection does not write fallbacks and focused edit keeps its key
00:54 +16: /Users/karim/Project/pokemonProject/apps/avelune_studio/test/pokemon/pokemon_json_collision_host_test.dart: overwriting selected species reloads its draft before editing
01:00 +17: /Users/karim/Project/pokemonProject/apps/avelune_studio/test/pokemon/pokemon_json_collision_host_test.dart: overwriting selected species reloads its draft before editing
01:00 +18: /Users/karim/Project/pokemonProject/apps/avelune_studio/test/pokemon/pokemon_json_collision_host_test.dart: JSON import does not replace a different species by filename
01:03 +19: /Users/karim/Project/pokemonProject/apps/avelune_studio/test/pokemon/pokemon_large_collection_host_test.dart: large Pokédex scrolls locally at 150% text scale
01:05 +20: /Users/karim/Project/pokemonProject/apps/avelune_studio/test/pokemon/pokemon_large_collection_host_test.dart: large Pokédex scrolls locally at 150% text scale
01:08 +21: /Users/karim/Project/pokemonProject/apps/avelune_studio/test/pokemon/pokemon_large_collection_host_test.dart: large Pokédex scrolls locally at 150% text scale
01:10 +22: /Users/karim/Project/pokemonProject/apps/avelune_studio/test/pokemon/pokemon_large_collection_host_test.dart: large Pokédex scrolls locally at 150% text scale
01:11 +23: /Users/karim/Project/pokemonProject/apps/avelune_studio/test/pokemon/pokemon_large_collection_host_test.dart: large Pokédex scrolls locally at 150% text scale
01:12 +24: /Users/karim/Project/pokemonProject/apps/avelune_studio/test/pokemon/pokemon_large_collection_host_test.dart: large Pokédex scrolls locally at 150% text scale
01:12 +25: /Users/karim/Project/pokemonProject/apps/avelune_studio/test/pokemon/pokemon_large_collection_host_test.dart: large Pokédex scrolls locally at 150% text scale
01:12 +26: /Users/karim/Project/pokemonProject/apps/avelune_studio/test/pokemon/pokemon_large_collection_host_test.dart: large Pokédex scrolls locally at 150% text scale
01:13 +27: /Users/karim/Project/pokemonProject/apps/avelune_studio/test/pokemon/pokemon_forms_evolution_host_test.dart: forms and evolution save together without losing old fields
01:21 +28: /Users/karim/Project/pokemonProject/apps/avelune_studio/test/pokemon/pokemon_homonym_host_test.dart: homonyms keep distinct identities through filtering and save
01:22 +29: /Users/karim/Project/pokemonProject/apps/avelune_studio/test/pokemon/pokemon_media_animation_host_test.dart: animation references and custom local PNG reopen from disk
01:27 +30: /Users/karim/Project/pokemonProject/apps/avelune_studio/test/pokemon/pokemon_border_notice_host_test.dart: border preview notice belongs to Map while diagnostics remain
01:28 +31: /Users/karim/Project/pokemonProject/apps/avelune_studio/test/pokemon/pokemon_project_switch_host_test.dart: read-only search can leave A and cannot update project B
01:29 +32: /Users/karim/Project/pokemonProject/apps/avelune_studio/test/pokemon/pokemon_project_switch_host_test.dart: read-only search can leave A and cannot update project B
01:29 +33: /Users/karim/Project/pokemonProject/apps/avelune_studio/test/pokemon/pokemon_project_switch_host_test.dart: read-only search can leave A and cannot update project B
01:29 +34: /Users/karim/Project/pokemonProject/apps/avelune_studio/test/pokemon/pokemon_project_switch_host_test.dart: read-only search can leave A and cannot update project B
01:34 +35: /Users/karim/Project/pokemonProject/apps/avelune_studio/test/pokemon/pokemon_custom_refs_host_test.dart: save follows manifest and companion refs, not species id
01:37 +36: /Users/karim/Project/pokemonProject/apps/avelune_studio/test/pokemon/pokemon_save_conflict_host_test.dart: disk revision conflict keeps the focused species draft
01:40 +37: /Users/karim/Project/pokemonProject/apps/avelune_studio/test/pokemon/pokemon_commerce_creation_host_test.dart: commerce actions remain reachable in a compact window
01:42 +38: /Users/karim/Project/pokemonProject/apps/avelune_studio/test/pokemon/pokemon_commerce_guard_host_test.dart: item draft stays intact when changing view is refused
01:46 +39: /Users/karim/Project/pokemonProject/apps/avelune_studio/test/pokemon/pokemon_commerce_creation_host_test.dart: creates an item with a battle effect and a shop through Studio
01:50 +40: /Users/karim/Project/pokemonProject/apps/avelune_studio/test/pokemon/pokemon_commerce_creation_host_test.dart: creates an item with a battle effect and a shop through Studio
01:51 +41: /Users/karim/Project/pokemonProject/apps/avelune_studio/test/pokemon/pokemon_commerce_guard_host_test.dart: save writes item and independent reopen sees it
01:54 +42: /Users/karim/Project/pokemonProject/apps/avelune_studio/test/pokemon/pokemon_workspace_host_test.dart: Pokémon is a real workspace destination
01:54 +43: /Users/karim/Project/pokemonProject/apps/avelune_studio/test/pokemon/pokemon_commerce_guard_host_test.dart: species draft cannot be hidden by Objets
01:56 +44: /Users/karim/Project/pokemonProject/apps/avelune_studio/test/pokemon/pokemon_workspace_host_test.dart: focused species and learnset edits survive independent reopen
02:00 +45: /Users/karim/Project/pokemonProject/apps/avelune_studio/test/pokemon/pokemon_workspace_host_test.dart: focused species and learnset edits survive independent reopen
02:00 +46: /Users/karim/Project/pokemonProject/apps/avelune_studio/test/pokemon/pokemon_commerce_guard_host_test.dart: revision conflict blocks view change and preserves draft
02:02 +47: /Users/karim/Project/pokemonProject/apps/avelune_studio/test/pokemon/pokemon_commerce_guard_host_test.dart: revision conflict blocks view change and preserves draft
02:03 +48: /Users/karim/Project/pokemonProject/apps/avelune_studio/test/pokemon/pokemon_workspace_host_test.dart: menu PNG uses canonical import and preserves an existing role
02:07 +49: /Users/karim/Project/pokemonProject/apps/avelune_studio/test/pokemon/pokemon_corrections_visual_host_test.dart: 1145 species and 754 moves fill and scroll their own viewports
02:11 +50: /Users/karim/Project/pokemonProject/apps/avelune_studio/test/pokemon/pokemon_corrections_visual_host_test.dart: 1145 species and 754 moves fill and scroll their own viewports
02:24 +51: /Users/karim/Project/pokemonProject/apps/avelune_studio/test/pokemon/pokemon_corrections_visual_host_test.dart: 1145 species and 754 moves fill and scroll their own viewports
02:25 +52: /Users/karim/Project/pokemonProject/apps/avelune_studio/test/pokemon/pokemon_commerce_host_test.dart: catalog revision conflict preserves focused draft
02:27 +53: /Users/karim/Project/pokemonProject/apps/avelune_studio/test/pokemon/pokemon_commerce_host_test.dart: JSON import previews without writing and requires replacement consent
02:28 +54: /Users/karim/Project/pokemonProject/apps/avelune_studio/test/pokemon/pokemon_commerce_host_test.dart: JSON import previews without writing and requires replacement consent
02:28 +55: /Users/karim/Project/pokemonProject/apps/avelune_studio/test/pokemon/pokemon_commerce_host_test.dart: JSON import previews without writing and requires replacement consent
02:31 +56: /Users/karim/Project/pokemonProject/apps/avelune_studio/test/pokemon/pokemon_move_presentation_test.dart: the real Pokémon workspace uses the game export locale
02:32 +57: /Users/karim/Project/pokemonProject/apps/avelune_studio/test/pokemon/pokemon_commerce_host_test.dart: invalid focused price blocks save and leaving keeps the draft
02:36 +58: All tests passed!
