00:00 +0: loading test/pokemon_companion_ownership_test.dart
00:00 +0: test/pokemon_companion_ownership_test.dart: standard identity and unique legacy alias belong to the owner
00:00 +1: test/pokemon_companion_ownership_test.dart: legacy alias shared by two species stays ambiguous
00:00 +2: test/pokemon_companion_ownership_test.dart: media base and form may share one document
00:00 +3: test/pokemon_catalog_coherence_validator_test.dart: accepts a complete beta catalog without network access
00:00 +4: test/pokemon_catalog_coherence_validator_test.dart: accepts companion identities written from custom references
00:00 +5: test/pokemon_catalog_coherence_validator_test.dart: does not resolve another species document through a custom reference
00:00 +6: test/pokemon_catalog_coherence_validator_test.dart: does not infer an owner for a shared legacy alias
00:00 +7: test/pokemon_catalog_coherence_validator_test.dart: reports invalid ids, stats, capture rate, growth and references
00:00 +8: test/pokemon_catalog_coherence_validator_test.dart: reports duplicate ids and unknown learnset moves deterministically
00:00 +9: test/pokemon_catalog_coherence_validator_test.dart: disabled species can retain incomplete artwork with a visible warning
00:00 +10: test/pokemon_catalog_coherence_validator_test.dart: preserves documented catalog-only evolutions without allowing execution
00:00 +11: test/pokemon_catalog_coherence_validator_test.dart: catalog-only rules still reject missing references and conditions
00:00 +12: test/pokemon_catalog_coherence_validator_test.dart: reports unsupported evolutions, unknown targets and cycles
00:00 +13: test/pokemon_catalog_coherence_validator_test.dart: reports a form without a base species and required media gaps
00:00 +14: test/pokemon_catalog_coherence_validator_test.dart: accepts one reciprocal form graph with matching media variants
00:00 +15: test/pokemon_catalog_coherence_validator_test.dart: reports invalid base identities, duplicate forms and broken links
00:00 +16: test/pokemon_catalog_coherence_validator_test.dart: reports media variants missing from or unknown to the form graph
00:00 +17: test/pokemon_catalog_coherence_validator_test.dart: reports unsupported schema versions with actionable diagnostics
00:00 +18: test/pokemon_catalog_coherence_validator_test.dart: blocks every typed asset probe failure with a distinct diagnostic
00:00 +19: test/pokemon_catalog_coherence_validator_test.dart: rejects an authored animation without a sheet asset path
00:00 +20: test/pokemon_catalog_coherence_validator_test.dart: missing required catalogs block export and playtest
00:00 +21: All tests passed!
