00:00 +0: loading test/project_item_reference_index_test.dart
00:00 +0: indexes every canonical item usage with an editable path
00:00 +0 -1: indexes every canonical item usage with an editable path [E]
  Expected: an object with length of <17>
    Actual: [
              Instance of 'ProjectItemReference',
              Instance of 'ProjectItemReference',
              Instance of 'ProjectItemReference',
              Instance of 'ProjectItemReference',
              Instance of 'ProjectItemReference',
              Instance of 'ProjectItemReference',
              Instance of 'ProjectItemReference',
              Instance of 'ProjectItemReference',
              Instance of 'ProjectItemReference',
              Instance of 'ProjectItemReference',
              Instance of 'ProjectItemReference',
              Instance of 'ProjectItemReference',
              Instance of 'ProjectItemReference',
              Instance of 'ProjectItemReference',
              Instance of 'ProjectItemReference',
              Instance of 'ProjectItemReference',
              Instance of 'ProjectItemReference',
              Instance of 'ProjectItemReference'
            ]
     Which: has length of <18>

  package:matcher                                    expect
  test/project_item_reference_index_test.dart 194:5  main.<fn>

00:00 +0 -1: sorts and deduplicates references deterministically
00:00 +1 -1: Some tests failed.

Failing tests:
  test/project_item_reference_index_test.dart: indexes every canonical item usage with an editable path

Consider enabling the flag chain-stack-traces to receive more detailed exceptions.
For example, 'dart test --chain-stack-traces'.
